Archive member included to satisfy reference by file (symbol)

C:/ST/STM32CubeIDE_1.18.1/STM32CubeIDE/plugins/com.st.stm32cube.ide.mcu.externaltools.gnu-tools-for-stm32.13.3.rel1.win32_1.0.0.202411081344/tools/bin/../lib/gcc/arm-none-eabi/13.3.1/../../../../arm-none-eabi/lib/thumb/v7e-m+fp/hard\libc_nano.a(libc_a-atof.o)
                              ./Source/API/gnss_handler.o (atof)
C:/ST/STM32CubeIDE_1.18.1/STM32CubeIDE/plugins/com.st.stm32cube.ide.mcu.externaltools.gnu-tools-for-stm32.13.3.rel1.win32_1.0.0.202411081344/tools/bin/../lib/gcc/arm-none-eabi/13.3.1/../../../../arm-none-eabi/lib/thumb/v7e-m+fp/hard\libc_nano.a(libc_a-atoi.o)
                              ./Source/API/cli_handler.o (atoi)
C:/ST/STM32CubeIDE_1.18.1/STM32CubeIDE/plugins/com.st.stm32cube.ide.mcu.externaltools.gnu-tools-for-stm32.13.3.rel1.win32_1.0.0.202411081344/tools/bin/../lib/gcc/arm-none-eabi/13.3.1/../../../../arm-none-eabi/lib/thumb/v7e-m+fp/hard\libc_nano.a(libc_a-calloc.o)
                              ./Source/API/heap_api.o (calloc)
C:/ST/STM32CubeIDE_1.18.1/STM32CubeIDE/plugins/com.st.stm32cube.ide.mcu.externaltools.gnu-tools-for-stm32.13.3.rel1.win32_1.0.0.202411081344/tools/bin/../lib/gcc/arm-none-eabi/13.3.1/../../../../arm-none-eabi/lib/thumb/v7e-m+fp/hard\libc_nano.a(libc_a-callocr.o)
                              C:/ST/STM32CubeIDE_1.18.1/STM32CubeIDE/plugins/com.st.stm32cube.ide.mcu.externaltools.gnu-tools-for-stm32.13.3.rel1.win32_1.0.0.202411081344/tools/bin/../lib/gcc/arm-none-eabi/13.3.1/../../../../arm-none-eabi/lib/thumb/v7e-m+fp/hard\libc_nano.a(libc_a-calloc.o) (_calloc_r)
C:/ST/STM32CubeIDE_1.18.1/STM32CubeIDE/plugins/com.st.stm32cube.ide.mcu.externaltools.gnu-tools-for-stm32.13.3.rel1.win32_1.0.0.202411081344/tools/bin/../lib/gcc/arm-none-eabi/13.3.1/../../../../arm-none-eabi/lib/thumb/v7e-m+fp/hard\libc_nano.a(libc_a-exit.o)
                              C:/ST/STM32CubeIDE_1.18.1/STM32CubeIDE/plugins/com.st.stm32cube.ide.mcu.externaltools.gnu-tools-for-stm32.13.3.rel1.win32_1.0.0.202411081344/tools/bin/../lib/gcc/arm-none-eabi/13.3.1/../../../../arm-none-eabi/lib/thumb/v7e-m+fp/hard/crt0.o (exit)
C:/ST/STM32CubeIDE_1.18.1/STM32CubeIDE/plugins/com.st.stm32cube.ide.mcu.externaltools.gnu-tools-for-stm32.13.3.rel1.win32_1.0.0.202411081344/tools/bin/../lib/gcc/arm-none-eabi/13.3.1/../../../../arm-none-eabi/lib/thumb/v7e-m+fp/hard\libc_nano.a(libc_a-malloc.o)
                              ./Source/API/heap_api.o (malloc)
C:/ST/STM32CubeIDE_1.18.1/STM32CubeIDE/plugins/com.st.stm32cube.ide.mcu.externaltools.gnu-tools-for-stm32.13.3.rel1.win32_1.0.0.202411081344/tools/bin/../lib/gcc/arm-none-eabi/13.3.1/../../../../arm-none-eabi/lib/thumb/v7e-m+fp/hard\libc_nano.a(libc_a-mallocr.o)
                              C:/ST/STM32CubeIDE_1.18.1/STM32CubeIDE/plugins/com.st.stm32cube.ide.mcu.externaltools.gnu-tools-for-stm32.13.3.rel1.win32_1.0.0.202411081344/tools/bin/../lib/gcc/arm-none-eabi/13.3.1/../../../../arm-none-eabi/lib/thumb/v7e-m+fp/hard\libc_nano.a(libc_a-callocr.o) (_malloc_r)
C:/ST/STM32CubeIDE_1.18.1/STM32CubeIDE/plugins/com.st.stm32cube.ide.mcu.externaltools.gnu-tools-for-stm32.13.3.rel1.win32_1.0.0.202411081344/tools/bin/../lib/gcc/arm-none-eabi/13.3.1/../../../../arm-none-eabi/lib/thumb/v7e-m+fp/hard\libc_nano.a(libc_a-mlock.o)
                              C:/ST/STM32CubeIDE_1.18.1/STM32CubeIDE/plugins/com.st.stm32cube.ide.mcu.externaltools.gnu-tools-for-stm32.13.3.rel1.win32_1.0.0.202411081344/tools/bin/../lib/gcc/arm-none-eabi/13.3.1/../../../../arm-none-eabi/lib/thumb/v7e-m+fp/hard\libc_nano.a(libc_a-mallocr.o) (__malloc_lock)
C:/ST/STM32CubeIDE_1.18.1/STM32CubeIDE/plugins/com.st.stm32cube.ide.mcu.externaltools.gnu-tools-for-stm32.13.3.rel1.win32_1.0.0.202411081344/tools/bin/../lib/gcc/arm-none-eabi/13.3.1/../../../../arm-none-eabi/lib/thumb/v7e-m+fp/hard\libc_nano.a(libc_a-strtod.o)
                              C:/ST/STM32CubeIDE_1.18.1/STM32CubeIDE/plugins/com.st.stm32cube.ide.mcu.externaltools.gnu-tools-for-stm32.13.3.rel1.win32_1.0.0.202411081344/tools/bin/../lib/gcc/arm-none-eabi/13.3.1/../../../../arm-none-eabi/lib/thumb/v7e-m+fp/hard\libc_nano.a(libc_a-atof.o) (strtod)
C:/ST/STM32CubeIDE_1.18.1/STM32CubeIDE/plugins/com.st.stm32cube.ide.mcu.externaltools.gnu-tools-for-stm32.13.3.rel1.win32_1.0.0.202411081344/tools/bin/../lib/gcc/arm-none-eabi/13.3.1/../../../../arm-none-eabi/lib/thumb/v7e-m+fp/hard\libc_nano.a(libc_a-strtol.o)
                              C:/ST/STM32CubeIDE_1.18.1/STM32CubeIDE/plugins/com.st.stm32cube.ide.mcu.externaltools.gnu-tools-for-stm32.13.3.rel1.win32_1.0.0.202411081344/tools/bin/../lib/gcc/arm-none-eabi/13.3.1/../../../../arm-none-eabi/lib/thumb/v7e-m+fp/hard\libc_nano.a(libc_a-atoi.o) (_strtol_r)
C:/ST/STM32CubeIDE_1.18.1/STM32CubeIDE/plugins/com.st.stm32cube.ide.mcu.externaltools.gnu-tools-for-stm32.13.3.rel1.win32_1.0.0.202411081344/tools/bin/../lib/gcc/arm-none-eabi/13.3.1/../../../../arm-none-eabi/lib/thumb/v7e-m+fp/hard\libc_nano.a(libc_a-ctype_.o)
[...]
Memory Configuration

Name             Origin             Length             Attributes
RAM              0x20000000         0x00018000         xrw
FLASH            0x08000000         0x00080000         xr
*default*        0x00000000         0xffffffff

Linker script and memory map

LOAD C:/ST/STM32CubeIDE_1.18.1/STM32CubeIDE/plugins/com.st.stm32cube.ide.mcu.externaltools.gnu-tools-for-stm32.13.3.rel1.win32_1.0.0.202411081344/tools/bin/../lib/gcc/arm-none-eabi/13.3.1/thumb/v7e-m+fp/hard/crti.o
LOAD C:/ST/STM32CubeIDE_1.18.1/STM32CubeIDE/plugins/com.st.stm32cube.ide.mcu.externaltools.gnu-tools-for-stm32.13.3.rel1.win32_1.0.0.202411081344/tools/bin/../lib/gcc/arm-none-eabi/13.3.1/thumb/v7e-m+fp/hard/crtbegin.o
LOAD C:/ST/STM32CubeIDE_1.18.1/STM32CubeIDE/plugins/com.st.stm32cube.ide.mcu.externaltools.gnu-tools-for-stm32.13.3.rel1.win32_1.0.0.202411081344/tools/bin/../lib/gcc/arm-none-eabi/13.3.1/../../../../arm-none-eabi/lib/thumb/v7e-m+fp/hard/crt0.o
LOAD ./Source/API/accel_api.o
LOAD ./Source/API/cli_handler.o
LOAD ./Source/API/cmd_api.o
LOAD ./Source/API/gnss_api.o
LOAD ./Source/API/gnss_handler.o
LOAD ./Source/API/heap_api.o
LOAD ./Source/API/modem_api.o
LOAD ./Source/API/modem_cmd_handler.o
LOAD ./Source/API/tcp_api.o
LOAD ./Source/API/uart_api.o
LOAD ./Source/APP/cli_app.o
LOAD ./Source/APP/data_sending_app.o
LOAD ./Source/APP/main.o
LOAD ./Source/APP/network_app.o
LOAD ./Source/Driver/gpio_driver.o
LOAD ./Source/Driver/i2c_driver.o
LOAD ./Source/Driver/uart_driver.o
LOAD ./Source/ThirdParty/Core/Src/freertos.o
LOAD ./Source/ThirdParty/Core/Src/stm32f4xx_hal_msp.o
LOAD ./Source/ThirdParty/Core/Src/stm32f4xx_hal_timebase_tim.o
LOAD ./Source/ThirdParty/Core/Src/stm32f4xx_it.o
LOAD ./Source/ThirdParty/Core/Src/syscalls.o
LOAD ./Source/ThirdParty/Core/Src/sysmem.o
LOAD ./Source/ThirdParty/Core/Src/system_stm32f4xx.o
LOAD ./Source/ThirdParty/Core/Startup/startup_stm32f401retx.o
LOAD ./Source/ThirdParty/Drivers/STM32F4xx_HAL_Driver/Src/stm32f4xx_hal.o
LOAD ./Source/ThirdParty/Drivers/STM32F4xx_HAL_Driver/Src/stm32f4xx_hal_cortex.o
LOAD ./Source/ThirdParty/Drivers/STM32F4xx_HAL_Driver/Src/stm32f4xx_hal_dma.o
LOAD ./Source/ThirdParty/Drivers/STM32F4xx_HAL_Driver/Src/stm32f4xx_hal_dma_ex.o
LOAD ./Source/ThirdParty/Drivers/STM32F4xx_HAL_Driver/Src/stm32f4xx_hal_exti.o
LOAD ./Source/ThirdParty/Drivers/STM32F4xx_HAL_Driver/Src/stm32f4xx_hal_flash.o
LOAD ./Source/ThirdParty/Drivers/STM32F4xx_HAL_Driver/Src/stm32f4xx_hal_flash_ex.o
LOAD ./Source/ThirdParty/Drivers/STM32F4xx_HAL_Driver/Src/stm32f4xx_hal_flash_ramfunc.o
LOAD ./Source/ThirdParty/Drivers/STM32F4xx_HAL_Driver/Src/stm32f4xx_hal_gpio.o
LOAD ./Source/ThirdParty/Drivers/STM32F4xx_HAL_Driver/Src/stm32f4xx_hal_pwr.o
LOAD ./Source/ThirdParty/Drivers/STM32F4xx_HAL_Driver/Src/stm32f4xx_hal_pwr_ex.o
LOAD ./Source/ThirdParty/Drivers/STM32F4xx_HAL_Driver/Src/stm32f4xx_hal_rcc.o
LOAD ./Source/ThirdParty/Drivers/STM32F4xx_HAL_Driver/Src/stm32f4xx_hal_rcc_ex.o
LOAD ./Source/ThirdParty/Drivers/STM32F4xx_HAL_Driver/Src/stm32f4xx_hal_tim.o
LOAD ./Source/ThirdParty/Drivers/STM32F4xx_HAL_Driver/Src/stm32f4xx_hal_tim_ex.o
LOAD ./Source/ThirdParty/Drivers/STM32F4xx_HAL_Driver/Src/stm32f4xx_ll_dma.o
LOAD ./Source/ThirdParty/Drivers/STM32F4xx_HAL_Driver/Src/stm32f4xx_ll_exti.o
LOAD ./Source/ThirdParty/Drivers/STM32F4xx_HAL_Driver/Src/stm32f4xx_ll_gpio.o
LOAD ./Source/ThirdParty/Drivers/STM32F4xx_HAL_Driver/Src/stm32f4xx_ll_i2c.o
LOAD ./Source/ThirdParty/Drivers/STM32F4xx_HAL_Driver/Src/stm32f4xx_ll_rcc.o
LOAD ./Source/ThirdParty/Drivers/STM32F4xx_HAL_Driver/Src/stm32f4xx_ll_usart.o
LOAD ./Source/ThirdParty/Drivers/STM32F4xx_HAL_Driver/Src/stm32f4xx_ll_utils.o
LOAD ./Source/ThirdParty/Middlewares/Third_Party/FreeRTOS/Source/CMSIS_RTOS_V2/cmsis_os2.o
LOAD ./Source/ThirdParty/Middlewares/Third_Party/FreeRTOS/Source/croutine.o
LOAD ./Source/ThirdParty/Middlewares/Third_Party/FreeRTOS/Source/event_groups.o
LOAD ./Source/ThirdParty/Middlewares/Third_Party/FreeRTOS/Source/list.o
LOAD ./Source/ThirdParty/Middlewares/Third_Party/FreeRTOS/Source/queue.o
LOAD ./Source/ThirdParty/Middlewares/Third_Party/FreeRTOS/Source/stream_buffer.o
LOAD ./Source/ThirdParty/Middlewares/Third_Party/FreeRTOS/Source/tasks.o
LOAD ./Source/ThirdParty/Middlewares/Third_Party/FreeRTOS/Source/timers.o
LOAD ./Source/ThirdParty/Middlewares/Third_Party/FreeRTOS/Source/portable/GCC/ARM_CM4F/port.o
LOAD ./Source/ThirdParty/Middlewares/Third_Party/FreeRTOS/Source/portable/MemMang/heap_4.o
LOAD ./Source/Utility/ring_buffer.o
START GROUP
LOAD C:/ST/STM32CubeIDE_1.18.1/STM32CubeIDE/plugins/com.st.stm32cube.ide.mcu.externaltools.gnu-tools-for-stm32.13.3.rel1.win32_1.0.0.202411081344/tools/bin/../lib/gcc/arm-none-eabi/13.3.1/../../../../arm-none-eabi/lib/thumb/v7e-m+fp/hard\libc_nano.a
LOAD C:/ST/STM32CubeIDE_1.18.1/STM32CubeIDE/plugins/com.st.stm32cube.ide.mcu.externaltools.gnu-tools-for-stm32.13.3.rel1.win32_1.0.0.202411081344/tools/bin/../lib/gcc/arm-none-eabi/13.3.1/../../../../arm-none-eabi/lib/thumb/v7e-m+fp/hard\libm.a
END GROUP
START GROUP
LOAD C:/ST/STM32CubeIDE_1.18.1/STM32CubeIDE/plugins/com.st.stm32cube.ide.mcu.externaltools.gnu-tools-for-stm32.13.3.rel1.win32_1.0.0.202411081344/tools/bin/../lib/gcc/arm-none-eabi/13.3.1/thumb/v7e-m+fp/hard\libgcc.a
LOAD C:/ST/STM32CubeIDE_1.18.1/STM32CubeIDE/plugins/com.st.stm32cube.ide.mcu.externaltools.gnu-tools-for-stm32.13.3.rel1.win32_1.0.0.202411081344/tools/bin/../lib/gcc/arm-none-eabi/13.3.1/../../../../arm-none-eabi/lib/thumb/v7e-m+fp/hard\libc_nano.a
END GROUP
START GROUP
LOAD C:/ST/STM32CubeIDE_1.18.1/STM32CubeIDE/plugins/com.st.stm32cube.ide.mcu.externaltools.gnu-tools-for-stm32.13.3.rel1.win32_1.0.0.202411081344/tools/bin/../lib/gcc/arm-none-eabi/13.3.1/thumb/v7e-m+fp/hard\libgcc.a
LOAD C:/ST/STM32CubeIDE_1.18.1/STM32CubeIDE/plugins/com.st.stm32cube.ide.mcu.externaltools.gnu-tools-for-stm32.13.3.rel1.win32_1.0.0.202411081344/tools/bin/../lib/gcc/arm-none-eabi/13.3.1/../../../../arm-none-eabi/lib/thumb/v7e-m+fp/hard\libc_nano.a
LOAD C:/ST/STM32CubeIDE_1.18.1/STM32CubeIDE/plugins/com.st.stm32cube.ide.mcu.externaltools.gnu-tools-for-stm32.13.3.rel1.win32_1.0.0.202411081344/tools/bin/../lib/gcc/arm-none-eabi/13.3.1/../../../../arm-none-eabi/lib/thumb/v7e-m+fp/hard\libnosys.a
END GROUP
START GROUP
LOAD C:/ST/STM32CubeIDE_1.18.1/STM32CubeIDE/plugins/com.st.stm32cube.ide.mcu.externaltools.gnu-tools-for-stm32.13.3.rel1.win32_1.0.0.202411081344/tools/bin/../lib/gcc/arm-none-eabi/13.3.1/thumb/v7e-m+fp/hard\libgcc.a
LOAD C:/ST/STM32CubeIDE_1.18.1/STM32CubeIDE/plugins/com.st.stm32cube.ide.mcu.externaltools.gnu-tools-for-stm32.13.3.rel1.win32_1.0.0.202411081344/tools/bin/../lib/gcc/arm-none-eabi/13.3.1/../../../../arm-none-eabi/lib/thumb/v7e-m+fp/hard\libc_nano.a
LOAD C:/ST/STM32CubeIDE_1.18.1/STM32CubeIDE/plugins/com.st.stm32cube.ide.mcu.externaltools.gnu-tools-for-stm32.13.3.rel1.win32_1.0.0.202411081344/tools/bin/../lib/gcc/arm-none-eabi/13.3.1/../../../../arm-none-eabi/lib/thumb/v7e-m+fp/hard\libnosys.a
END GROUP
LOAD C:/ST/STM32CubeIDE_1.18.1/STM32CubeIDE/plugins/com.st.stm32cube.ide.mcu.externaltools.gnu-tools-for-stm32.13.3.rel1.win32_1.0.0.202411081344/tools/bin/../lib/gcc/arm-none-eabi/13.3.1/thumb/v7e-m+fp/hard/crtend.o
LOAD C:/ST/STM32CubeIDE_1.18.1/STM32CubeIDE/plugins/com.st.stm32cube.ide.mcu.externaltools.gnu-tools-for-stm32.13.3.rel1.win32_1.0.0.202411081344/tools/bin/../lib/gcc/arm-none-eabi/13.3.1/thumb/v7e-m+fp/hard/crtn.o
                0x20018000                        _estack = (ORIGIN (RAM) + LENGTH (RAM))
                0x00000200                        _Min_Heap_Size = 0x200
                0x00000400                        _Min_Stack_Size = 0x400

.isr_vector     0x08000000      0x194
                0x08000000                        . = ALIGN (0x4)
 *(.isr_vector)
 .isr_vector    0x08000000      0x194 ./Source/ThirdParty/Core/Startup/startup_stm32f401retx.o
                0x08000000                g_pfnVectors
                0x08000194                        . = ALIGN (0x4)

.text           0x080001a0     0xd658
                0x080001a0                        . = ALIGN (0x4)
 *(.text)
 .text          0x080001a0       0x40 C:/ST/STM32CubeIDE_1.18.1/STM32CubeIDE/plugins/com.st.stm32cube.ide.mcu.externaltools.gnu-tools-for-stm32.13.3.rel1.win32_1.0.0.202411081344/tools/bin/../lib/gcc/arm-none-eabi/13.3.1/thumb/v7e-m+fp/hard/crtbegin.o
 .text          0x080001e0       0x10 C:/ST/STM32CubeIDE_1.18.1/STM32CubeIDE/plugins/com.st.stm32cube.ide.mcu.externaltools.gnu-tools-for-stm32.13.3.rel1.win32_1.0.0.202411081344/tools/bin/../lib/gcc/arm-none-eabi/13.3.1/../../../../arm-none-eabi/lib/thumb/v7e-m+fp/hard\libc_nano.a(libc_a-strlen.o)
                0x080001e0                strlen
 .text          0x080001f0       0xa0 C:/ST/STM32CubeIDE_1.18.1/STM32CubeIDE/plugins/com.st.stm32cube.ide.mcu.externaltools.gnu-tools-for-stm32.13.3.rel1.win32_1.0.0.202411081344/tools/bin/../lib/gcc/arm-none-eabi/13.3.1/../../../../arm-none-eabi/lib/thumb/v7e-m+fp/hard\libc_nano.a(libc_a-memchr.o)
                0x080001f0                memchr
 .text          0x08000290      0x378 C:/ST/STM32CubeIDE_1.18.1/STM32CubeIDE/plugins/com.st.stm32cube.ide.mcu.externaltools.gnu-tools-for-stm32.13.3.rel1.win32_1.0.0.202411081344/tools/bin/../lib/gcc/arm-none-eabi/13.3.1/thumb/v7e-m+fp/hard\libgcc.a(_arm_addsubdf3.o)
                0x08000290                __aeabi_drsub
                0x08000298                __aeabi_dsub
                0x08000298                __subdf3
                0x0800029c                __aeabi_dadd
                0x0800029c                __adddf3
                0x08000514                __floatunsidf
                0x08000514                __aeabi_ui2d
                0x08000534                __floatsidf
                0x08000534                __aeabi_i2d
                0x08000558                __aeabi_f2d
                0x08000558                __extendsfdf2
                0x0800059c                __floatundidf
                0x0800059c                __aeabi_ul2d
                0x080005ac                __floatdidf
                0x080005ac                __aeabi_l2d
 .text          0x08000608      0x424 C:/ST/STM32CubeIDE_1.18.1/STM32CubeIDE/plugins/com.st.stm32cube.ide.mcu.externaltools.gnu-tools-for-stm32.13.3.rel1.win32_1.0.0.202411081344/tools/bin/../lib/gcc/arm-none-eabi/13.3.1/thumb/v7e-m+fp/hard\libgcc.a(_arm_muldivdf3.o)
                0x08000608                __aeabi_dmul
                0x08000608                __muldf3
                0x0800085c                __divdf3
                0x0800085c                __aeabi_ddiv
 .text          0x08000a2c      0x110 C:/ST/STM32CubeIDE_1.18.1/STM32CubeIDE/plugins/com.st.stm32cube.ide.mcu.externaltools.gnu-tools-for-stm32.13.3.rel1.win32_1.0.0.202411081344/tools/bin/../lib/gcc/arm-none-eabi/13.3.1/thumb/v7e-m+fp/hard\libgcc.a(_arm_cmpdf2.o)
                0x08000a2c                __gtdf2
                0x08000a2c                __gedf2
                0x08000a34                __ltdf2
                0x08000a34                __ledf2
                0x08000a3c                __nedf2
                0x08000a3c                __eqdf2
                0x08000a3c                __cmpdf2
                0x08000ab8                __aeabi_cdrcmple
                0x08000ac8                __aeabi_cdcmpeq
                0x08000ac8                __aeabi_cdcmple
                0x08000ad8                __aeabi_dcmpeq
                0x08000aec                __aeabi_dcmplt
                0x08000b00                __aeabi_dcmple
                0x08000b14                __aeabi_dcmpge
                0x08000b28                __aeabi_dcmpgt
 .text          0x08000b3c       0x50 C:/ST/STM32CubeIDE_1.18.1/STM32CubeIDE/plugins/com.st.stm32cube.ide.mcu.externaltools.gnu-tools-for-stm32.13.3.rel1.win32_1.0.0.202411081344/tools/bin/../lib/gcc/arm-none-eabi/13.3.1/thumb/v7e-m+fp/hard\libgcc.a(_arm_fixdfsi.o)
                0x08000b3c                __aeabi_d2iz
                0x08000b3c                __fixdfsi
 .text          0x08000b8c       0x40 C:/ST/STM32CubeIDE_1.18.1/STM32CubeIDE/plugins/com.st.stm32cube.ide.mcu.externaltools.gnu-tools-for-stm32.13.3.rel1.win32_1.0.0.202411081344/tools/bin/../lib/gcc/arm-none-eabi/13.3.1/thumb/v7e-m+fp/hard\libgcc.a(_arm_fixunsdfsi.o)
                0x08000b8c                __aeabi_d2uiz
                0x08000b8c                __fixunsdfsi
 .text          0x08000bcc       0x30 C:/ST/STM32CubeIDE_1.18.1/STM32CubeIDE/plugins/com.st.stm32cube.ide.mcu.externaltools.gnu-tools-for-stm32.13.3.rel1.win32_1.0.0.202411081344/tools/bin/../lib/gcc/arm-none-eabi/13.3.1/thumb/v7e-m+fp/hard\libgcc.a(_aeabi_uldivmod.o)
                0x08000bcc                __aeabi_uldivmod
 .text          0x08000bfc       0x30 C:/ST/STM32CubeIDE_1.18.1/STM32CubeIDE/plugins/com.st.stm32cube.ide.mcu.externaltools.gnu-tools-for-stm32.13.3.rel1.win32_1.0.0.202411081344/tools/bin/../lib/gcc/arm-none-eabi/13.3.1/thumb/v7e-m+fp/hard\libgcc.a(_fixdfdi.o)
                0x08000bfc                __fixdfdi
                0x08000bfc                __aeabi_d2lz
 .text          0x08000c2c       0x3c C:/ST/STM32CubeIDE_1.18.1/STM32CubeIDE/plugins/com.st.stm32cube.ide.mcu.externaltools.gnu-tools-for-stm32.13.3.rel1.win32_1.0.0.202411081344/tools/bin/../lib/gcc/arm-none-eabi/13.3.1/thumb/v7e-m+fp/hard\libgcc.a(_fixunsdfdi.o)
                0x08000c2c                __fixunsdfdi
                0x08000c2c                __aeabi_d2ulz
 .text          0x08000c68      0x2f8 C:/ST/STM32CubeIDE_1.18.1/STM32CubeIDE/plugins/com.st.stm32cube.ide.mcu.externaltools.gnu-tools-for-stm32.13.3.rel1.win32_1.0.0.202411081344/tools/bin/../lib/gcc/arm-none-eabi/13.3.1/thumb/v7e-m+fp/hard\libgcc.a(_udivmoddi4.o)
                0x08000c68                __udivmoddi4
 .text          0x08000f60        0x4 C:/ST/STM32CubeIDE_1.18.1/STM32CubeIDE/plugins/com.st.stm32cube.ide.mcu.externaltools.gnu-tools-for-stm32.13.3.rel1.win32_1.0.0.202411081344/tools/bin/../lib/gcc/arm-none-eabi/13.3.1/thumb/v7e-m+fp/hard\libgcc.a(_dvmd_tls.o)
                0x08000f60                __aeabi_idiv0
                0x08000f60                __aeabi_ldiv0
 *(.text*)
 .text.ACCEL_API_Init
                0x08000f64       0x34 ./Source/API/accel_api.o
                0x08000f64                ACCEL_API_Init
 .text.ACCEL_API_FormatAcceleration
                0x08000f98       0x88 ./Source/API/accel_api.o
                0x08000f98                ACCEL_API_FormatAcceleration
 .text.ACCEL_API_WriteConfiguration
                0x08001020       0x6c ./Source/API/accel_api.o
 .text.ACCEL_API_GetAcceleration
                0x0800108c      0x100 ./Source/API/accel_api.o
 .text.CLI_HandleResponse
                0x0800118c       0x9c ./Source/API/cli_handler.o
 .text.CLI_StartTCPHandler
                0x08001228      0x188 ./Source/API/cli_handler.o
                0x08001228                CLI_StartTCPHandler
 .text.CLI_StopTCPHandler
                0x080013b0       0x64 ./Source/API/cli_handler.o
                0x080013b0                CLI_StopTCPHandler
 .text.CMD_API_FindSeperator
                0x08001414       0x40 ./Source/API/cmd_api.o
                0x08001414                CMD_API_FindSeperator
 .text.CMD_API_Process
                0x08001454      0x128 ./Source/API/cmd_api.o
                0x08001454                CMD_API_Process
 .text.CMD_API_CheckParams
                0x0800157c       0x34 ./Source/API/cmd_api.o
                0x0800157c                CMD_API_CheckParams
 .text.GNSS_API_Init
                0x080015b0       0x5c ./Source/API/gnss_api.o
                0x080015b0                GNSS_API_Init
 .text.GNSS_API_Task
                0x0800160c       0x58 ./Source/API/gnss_api.o
 .text.GNSS_API_UpdateCoordinates
                0x08001664       0x40 ./Source/API/gnss_api.o
                0x08001664                GNSS_API_UpdateCoordinates
 .text.GNSS_API_UpdateSpeed
                0x080016a4       0x24 ./Source/API/gnss_api.o
                0x080016a4                GNSS_API_UpdateSpeed
 .text.GNSS_API_FormatGNSS
                0x080016c8      0x110 ./Source/API/gnss_api.o
                0x080016c8                GNSS_API_FormatGNSS
 .text.GNSS_API_FormatTime
                0x080017d8       0xac ./Source/API/gnss_api.o
 .text.GNSS_GnggaHandler
                0x08001884      0x2b8 ./Source/API/gnss_handler.o
                0x08001884                GNSS_GnggaHandler
 .text.GNSS_GnvtgHandler
                0x08001b3c       0xd8 ./Source/API/gnss_handler.o
                0x08001b3c                GNSS_GnvtgHandler
 .text.GNSS_IsNmeaValid
                0x08001c14       0xd0 ./Source/API/gnss_handler.o
 .text.HEAP_API_Init
                0x08001ce4       0x38 ./Source/API/heap_api.o
                0x08001ce4                HEAP_API_Init
 .text.HEAP_API_Alloc
                0x08001d1c       0x88 ./Source/API/heap_api.o
                0x08001d1c                HEAP_API_Alloc
 .text.HEAP_API_Free
                0x08001da4       0x54 ./Source/API/heap_api.o
                0x08001da4                HEAP_API_Free
 .text.MODEM_API_Init
                0x08001df8       0xd8 ./Source/API/modem_api.o
                0x08001df8                MODEM_API_Init
 .text.MODEM_API_Task
                0x08001ed0       0x68 ./Source/API/modem_api.o
 .text.MODEM_API_SendAndWait
                0x08001f38       0x68 ./Source/API/modem_api.o
                0x08001f38                MODEM_API_SendAndWait
 .text.MODEM_API_RepeatedSendAndWait
                0x08001fa0       0x66 ./Source/API/modem_api.o
                0x08001fa0                MODEM_API_RepeatedSendAndWait
 *fill*         0x08002006        0x2 
 .text.MODEM_API_Lock
                0x08002008       0x34 ./Source/API/modem_api.o
                0x08002008                MODEM_API_Lock
 .text.MODEM_API_Unlock
                0x0800203c       0x30 ./Source/API/modem_api.o
                0x0800203c                MODEM_API_Unlock
 .text.MODEM_API_SetModemStatus
                0x0800206c       0x2c ./Source/API/modem_api.o
                0x0800206c                MODEM_API_SetModemStatus
 .text.MODEM_CMD_OkHandler
                0x08002098       0x40 ./Source/API/modem_cmd_handler.o
                0x08002098                MODEM_CMD_OkHandler
 .text.MODEM_CMD_ErrorHandler
                0x080020d8       0x40 ./Source/API/modem_cmd_handler.o
                0x080020d8                MODEM_CMD_ErrorHandler
 .text.TCP_API_Connect
                0x08002118      0x178 ./Source/API/tcp_api.o
                0x08002118                TCP_API_Connect
 .text.TCP_API_Disconnect
                0x08002290       0xd4 ./Source/API/tcp_api.o
                0x08002290                TCP_API_Disconnect
 .text.TCP_API_Send
                0x08002364       0x90 ./Source/API/tcp_api.o
                0x08002364                TCP_API_Send
 .text.UART_API_Task
                0x080023f4      0x3bc ./Source/API/uart_api.o
 .text.UART_API_IsDelimiterReceived
                0x080027b0       0x66 ./Source/API/uart_api.o
 *fill*         0x08002816        0x2 
 .text.UART_API_Init
                0x08002818      0x184 ./Source/API/uart_api.o
                0x08002818                UART_API_Init
 .text.UART_API_Send
                0x0800299c       0xc4 ./Source/API/uart_api.o
                0x0800299c                UART_API_Send
 .text.UART_API_Receive
                0x08002a60       0x58 ./Source/API/uart_api.o
                0x08002a60                UART_API_Receive
 .text.CLI_APP_Init
                0x08002ab8       0x3c ./Source/APP/cli_app.o
                0x08002ab8                CLI_APP_Init
 .text.CLI_APP_Task
                0x08002af4       0x40 ./Source/APP/cli_app.o
 .text.DataSending_APP_Init
                0x08002b34       0x98 ./Source/APP/data_sending_app.o
                0x08002b34                DataSending_APP_Init
 .text.DataSending_APP_AddTask
                0x08002bcc       0x50 ./Source/APP/data_sending_app.o
                0x08002bcc                DataSending_APP_AddTask
 .text.DataSending_APP_Callback
                0x08002c1c       0x6c ./Source/APP/data_sending_app.o
 .text.DataSending_APP_Task
                0x08002c88       0x9c ./Source/APP/data_sending_app.o
 .text.DataSending_APP_FormatMessage
                0x08002d24       0x5c ./Source/APP/data_sending_app.o
 .text.main     0x08002d80       0xd8 ./Source/APP/main.o
                0x08002d80                main
 .text.SystemClock_Config
                0x08002e58       0xd8 ./Source/APP/main.o
                0x08002e58                SystemClock_Config
 .text.HAL_TIM_PeriodElapsedCallback
                0x08002f30       0x24 ./Source/APP/main.o
                0x08002f30                HAL_TIM_PeriodElapsedCallback
 .text.Error_Handler
                0x08002f54        0xc ./Source/APP/main.o
                0x08002f54                Error_Handler
 .text.Network_APP_Init
                0x08002f60       0x68 ./Source/APP/network_app.o
                0x08002f60                Network_APP_Init
 .text.Network_APP_AddTask
                0x08002fc8       0x44 ./Source/APP/network_app.o
                0x08002fc8                Network_APP_AddTask
 .text.Network_APP_Task
                0x0800300c       0x88 ./Source/APP/network_app.o
 .text.LL_GPIO_ResetOutputPin
                0x08003094       0x1e ./Source/Driver/gpio_driver.o
 *fill*         0x080030b2        0x2 
 .text.LL_AHB1_GRP1_EnableClock
                0x080030b4       0x30 ./Source/Driver/gpio_driver.o
 .text.GPIO_Driver_Init
                0x080030e4       0xdc ./Source/Driver/gpio_driver.o
                0x080030e4                GPIO_Driver_Init
 .text.LL_I2C_Enable
                0x080031c0       0x20 ./Source/Driver/i2c_driver.o
 .text.LL_I2C_EnableClockStretching
                0x080031e0       0x20 ./Source/Driver/i2c_driver.o
 .text.LL_I2C_DisableGeneralCall
                0x08003200       0x20 ./Source/Driver/i2c_driver.o
 .text.LL_I2C_SetOwnAddress2
                0x08003220       0x26 ./Source/Driver/i2c_driver.o
 .text.LL_I2C_DisableOwnAddress2
                0x08003246       0x20 ./Source/Driver/i2c_driver.o
 .text.LL_I2C_IsActiveFlag_TXE
                0x08003266       0x26 ./Source/Driver/i2c_driver.o
 .text.LL_I2C_IsActiveFlag_BTF
                0x0800328c       0x26 ./Source/Driver/i2c_driver.o
 .text.LL_I2C_IsActiveFlag_RXNE
                0x080032b2       0x26 ./Source/Driver/i2c_driver.o
 .text.LL_I2C_IsActiveFlag_SB
                0x080032d8       0x26 ./Source/Driver/i2c_driver.o
 .text.LL_I2C_IsActiveFlag_ADDR
                0x080032fe       0x26 ./Source/Driver/i2c_driver.o
 .text.LL_I2C_IsActiveFlag_BUSY
                0x08003324       0x26 ./Source/Driver/i2c_driver.o
 .text.LL_I2C_ClearFlag_ADDR
                0x0800334a       0x24 ./Source/Driver/i2c_driver.o
 .text.LL_I2C_AcknowledgeNextData
                0x0800336e       0x26 ./Source/Driver/i2c_driver.o
 .text.LL_I2C_GenerateStartCondition
                0x08003394       0x20 ./Source/Driver/i2c_driver.o
 .text.LL_I2C_GenerateStopCondition
                0x080033b4       0x20 ./Source/Driver/i2c_driver.o
 .text.LL_I2C_ReceiveData8
                0x080033d4       0x1a ./Source/Driver/i2c_driver.o
 .text.LL_I2C_TransmitData8
                0x080033ee       0x28 ./Source/Driver/i2c_driver.o
 *fill*         0x08003416        0x2 
 .text.LL_APB1_GRP1_EnableClock
                0x08003418       0x30 ./Source/Driver/i2c_driver.o
 .text.I2C_Driver_Init
                0x08003448      0x178 ./Source/Driver/i2c_driver.o
                0x08003448                I2C_Driver_Init
 .text.I2C_Driver_Write
                0x080035c0      0x170 ./Source/Driver/i2c_driver.o
                0x080035c0                I2C_Driver_Write
 .text.I2C_Driver_Read
                0x08003730      0x1b0 ./Source/Driver/i2c_driver.o
                0x08003730                I2C_Driver_Read
 .text.__NVIC_GetPriorityGrouping
                0x080038e0       0x1c ./Source/Driver/uart_driver.o
 .text.__NVIC_EnableIRQ
                0x080038fc       0x3c ./Source/Driver/uart_driver.o
 .text.__NVIC_SetPriority
                0x08003938       0x54 ./Source/Driver/uart_driver.o
 .text.NVIC_EncodePriority
                0x0800398c       0x66 ./Source/Driver/uart_driver.o
 .text.LL_USART_Enable
                0x080039f2       0x20 ./Source/Driver/uart_driver.o
 .text.LL_USART_IsEnabled
                0x08003a12       0x28 ./Source/Driver/uart_driver.o
 .text.LL_USART_ConfigAsyncMode
                0x08003a3a       0x2c ./Source/Driver/uart_driver.o
 .text.LL_USART_IsActiveFlag_RXNE
                0x08003a66       0x26 ./Source/Driver/uart_driver.o
 .text.LL_USART_IsActiveFlag_TXE
                0x08003a8c       0x26 ./Source/Driver/uart_driver.o
 .text.LL_USART_EnableIT_RXNE
                0x08003ab2       0x46 ./Source/Driver/uart_driver.o
 .text.LL_USART_IsEnabledIT_RXNE
                0x08003af8       0x26 ./Source/Driver/uart_driver.o
 .text.LL_USART_ReceiveData8
                0x08003b1e       0x1a ./Source/Driver/uart_driver.o
 .text.LL_USART_TransmitData8
                0x08003b38       0x1e ./Source/Driver/uart_driver.o
 *fill*         0x08003b56        0x2 
 .text.LL_APB1_GRP1_EnableClock
                0x08003b58       0x30 ./Source/Driver/uart_driver.o
 .text.LL_APB2_GRP1_EnableClock
                0x08003b88       0x30 ./Source/Driver/uart_driver.o
 .text.UART_Driver_IRQReceive
                0x08003bb8       0x98 ./Source/Driver/uart_driver.o
 .text.USART1_IRQHandler
                0x08003c50        0xe ./Source/Driver/uart_driver.o
                0x08003c50                USART1_IRQHandler
 .text.USART2_IRQHandler
                0x08003c5e        0xe ./Source/Driver/uart_driver.o
                0x08003c5e                USART2_IRQHandler
 .text.USART6_IRQHandler
                0x08003c6c        0xe ./Source/Driver/uart_driver.o
                0x08003c6c                USART6_IRQHandler
 *fill*         0x08003c7a        0x2 
 .text.UART_Driver_Init
                0x08003c7c      0x21c ./Source/Driver/uart_driver.o
                0x08003c7c                UART_Driver_Init
 .text.UART_Driver_TransmitByte
                0x08003e98       0x60 ./Source/Driver/uart_driver.o
                0x08003e98                UART_Driver_TransmitByte
 .text.UART_Driver_TransmitMultipleBytes
                0x08003ef8       0x54 ./Source/Driver/uart_driver.o
                0x08003ef8                UART_Driver_TransmitMultipleBytes
 .text.UART_Driver_Read
                0x08003f4c       0x48 ./Source/Driver/uart_driver.o
                0x08003f4c                UART_Driver_Read
 .text.HAL_MspInit
                0x08003f94       0x58 ./Source/ThirdParty/Core/Src/stm32f4xx_hal_msp.o
                0x08003f94                HAL_MspInit
 .text.HAL_InitTick
                0x08003fec       0xf8 ./Source/ThirdParty/Core/Src/stm32f4xx_hal_timebase_tim.o
                0x08003fec                HAL_InitTick
 .text.NMI_Handler
                0x080040e4        0x8 ./Source/ThirdParty/Core/Src/stm32f4xx_it.o
                0x080040e4                NMI_Handler
 .text.HardFault_Handler
                0x080040ec        0x8 ./Source/ThirdParty/Core/Src/stm32f4xx_it.o
                0x080040ec                HardFault_Handler
 .text.MemManage_Handler
                0x080040f4        0x8 ./Source/ThirdParty/Core/Src/stm32f4xx_it.o
                0x080040f4                MemManage_Handler
 .text.BusFault_Handler
                0x080040fc        0x8 ./Source/ThirdParty/Core/Src/stm32f4xx_it.o
                0x080040fc                BusFault_Handler
 .text.UsageFault_Handler
                0x08004104        0x8 ./Source/ThirdParty/Core/Src/stm32f4xx_it.o
                0x08004104                UsageFault_Handler
 .text.DebugMon_Handler
                0x0800410c        0xe ./Source/ThirdParty/Core/Src/stm32f4xx_it.o
                0x0800410c                DebugMon_Handler
 *fill*         0x0800411a        0x2 
 .text.TIM3_IRQHandler
                0x0800411c       0x14 ./Source/ThirdParty/Core/Src/stm32f4xx_it.o
                0x0800411c                TIM3_IRQHandler
 .text._getpid  0x08004130       0x10 ./Source/ThirdParty/Core/Src/syscalls.o
                0x08004130                _getpid
 .text._kill    0x08004140       0x20 ./Source/ThirdParty/Core/Src/syscalls.o
                0x08004140                _kill
 .text._exit    0x08004160       0x16 ./Source/ThirdParty/Core/Src/syscalls.o
                0x08004160                _exit
 .text._read    0x08004176       0x3a ./Source/ThirdParty/Core/Src/syscalls.o
                0x08004176                _read
 .text._write   0x080041b0       0x38 ./Source/ThirdParty/Core/Src/syscalls.o
                0x080041b0                _write
 .text._close   0x080041e8       0x18 ./Source/ThirdParty/Core/Src/syscalls.o
                0x080041e8                _close
 .text._fstat   0x08004200       0x20 ./Source/ThirdParty/Core/Src/syscalls.o
                0x08004200                _fstat
 .text._isatty  0x08004220       0x16 ./Source/ThirdParty/Core/Src/syscalls.o
                0x08004220                _isatty
 .text._lseek   0x08004236       0x1a ./Source/ThirdParty/Core/Src/syscalls.o
                0x08004236                _lseek
 .text._sbrk    0x08004250       0x6c ./Source/ThirdParty/Core/Src/sysmem.o
                0x08004250                _sbrk
 .text.SystemInit
                0x080042bc       0x24 ./Source/ThirdParty/Core/Src/system_stm32f4xx.o
                0x080042bc                SystemInit
 .text.Reset_Handler
                0x080042e0       0x50 ./Source/ThirdParty/Core/Startup/startup_stm32f401retx.o
                0x080042e0                Reset_Handler
 .text.Default_Handler
                0x08004330        0x2 ./Source/ThirdParty/Core/Startup/startup_stm32f401retx.o
                0x08004330                RTC_Alarm_IRQHandler
                0x08004330                EXTI2_IRQHandler
                0x08004330                SPI4_IRQHandler
                0x08004330                TIM1_CC_IRQHandler
                0x08004330                DMA2_Stream5_IRQHandler
                0x08004330                DMA1_Stream5_IRQHandler
                0x08004330                PVD_IRQHandler
                0x08004330                SDIO_IRQHandler
                0x08004330                TAMP_STAMP_IRQHandler
                0x08004330                EXTI3_IRQHandler
                0x08004330                TIM1_UP_TIM10_IRQHandler
                0x08004330                I2C3_ER_IRQHandler
                0x08004330                EXTI0_IRQHandler
                0x08004330                I2C2_EV_IRQHandler
                0x08004330                DMA1_Stream2_IRQHandler
                0x08004330                FPU_IRQHandler
                0x08004330                DMA2_Stream2_IRQHandler
                0x08004330                SPI1_IRQHandler
                0x08004330                TIM1_BRK_TIM9_IRQHandler
                0x08004330                DMA2_Stream3_IRQHandler
                0x08004330                DMA2_Stream0_IRQHandler
                0x08004330                TIM4_IRQHandler
                0x08004330                I2C1_EV_IRQHandler
                0x08004330                DMA1_Stream6_IRQHandler
                0x08004330                DMA1_Stream1_IRQHandler
                0x08004330                RCC_IRQHandler
                0x08004330                Default_Handler
                0x08004330                EXTI15_10_IRQHandler
                0x08004330                ADC_IRQHandler
                0x08004330                DMA1_Stream7_IRQHandler
                0x08004330                TIM5_IRQHandler
                0x08004330                DMA2_Stream7_IRQHandler
                0x08004330                I2C3_EV_IRQHandler
                0x08004330                EXTI9_5_IRQHandler
                0x08004330                RTC_WKUP_IRQHandler
                0x08004330                SPI2_IRQHandler
                0x08004330                DMA1_Stream0_IRQHandler
                0x08004330                EXTI4_IRQHandler
                0x08004330                WWDG_IRQHandler
                0x08004330                TIM2_IRQHandler
                0x08004330                OTG_FS_WKUP_IRQHandler
                0x08004330                TIM1_TRG_COM_TIM11_IRQHandler
                0x08004330                EXTI1_IRQHandler
                0x08004330                I2C2_ER_IRQHandler
                0x08004330                DMA2_Stream1_IRQHandler
                0x08004330                FLASH_IRQHandler
                0x08004330                DMA2_Stream4_IRQHandler
                0x08004330                OTG_FS_IRQHandler
                0x08004330                SPI3_IRQHandler
                0x08004330                DMA1_Stream4_IRQHandler
                0x08004330                I2C1_ER_IRQHandler
                0x08004330                DMA2_Stream6_IRQHandler
                0x08004330                DMA1_Stream3_IRQHandler
 *fill*         0x08004332        0x2 
 .text.HAL_Init
                0x08004334       0x44 ./Source/ThirdParty/Drivers/STM32F4xx_HAL_Driver/Src/stm32f4xx_hal.o
                0x08004334                HAL_Init
 .text.HAL_IncTick
                0x08004378       0x28 ./Source/ThirdParty/Drivers/STM32F4xx_HAL_Driver/Src/stm32f4xx_hal.o
                0x08004378                HAL_IncTick
 .text.HAL_GetTick
                0x080043a0       0x18 ./Source/ThirdParty/Drivers/STM32F4xx_HAL_Driver/Src/stm32f4xx_hal.o
                0x080043a0                HAL_GetTick
 .text.__NVIC_SetPriorityGrouping
                0x080043b8       0x48 ./Source/ThirdParty/Drivers/STM32F4xx_HAL_Driver/Src/stm32f4xx_hal_cortex.o
 .text.__NVIC_GetPriorityGrouping
                0x08004400       0x1c ./Source/ThirdParty/Drivers/STM32F4xx_HAL_Driver/Src/stm32f4xx_hal_cortex.o
 .text.__NVIC_EnableIRQ
                0x0800441c       0x3c ./Source/ThirdParty/Drivers/STM32F4xx_HAL_Driver/Src/stm32f4xx_hal_cortex.o
 .text.__NVIC_SetPriority
                0x08004458       0x54 ./Source/ThirdParty/Drivers/STM32F4xx_HAL_Driver/Src/stm32f4xx_hal_cortex.o
 .text.NVIC_EncodePriority
                0x080044ac       0x66 ./Source/ThirdParty/Drivers/STM32F4xx_HAL_Driver/Src/stm32f4xx_hal_cortex.o
 .text.HAL_NVIC_SetPriorityGrouping
                0x08004512       0x16 ./Source/ThirdParty/Drivers/STM32F4xx_HAL_Driver/Src/stm32f4xx_hal_cortex.o
                0x08004512                HAL_NVIC_SetPriorityGrouping
 .text.HAL_NVIC_SetPriority
                0x08004528       0x38 ./Source/ThirdParty/Drivers/STM32F4xx_HAL_Driver/Src/stm32f4xx_hal_cortex.o
                0x08004528                HAL_NVIC_SetPriority
 .text.HAL_NVIC_EnableIRQ
                0x08004560       0x1c ./Source/ThirdParty/Drivers/STM32F4xx_HAL_Driver/Src/stm32f4xx_hal_cortex.o
                0x08004560                HAL_NVIC_EnableIRQ
 .text.HAL_RCC_OscConfig
                0x0800457c      0x4f0 ./Source/ThirdParty/Drivers/STM32F4xx_HAL_Driver/Src/stm32f4xx_hal_rcc.o
                0x0800457c                HAL_RCC_OscConfig
 .text.HAL_RCC_ClockConfig
                0x08004a6c      0x1cc ./Source/ThirdParty/Drivers/STM32F4xx_HAL_Driver/Src/stm32f4xx_hal_rcc.o
                0x08004a6c                HAL_RCC_ClockConfig
 .text.HAL_RCC_GetSysClockFreq
                0x08004c38      0x20c ./Source/ThirdParty/Drivers/STM32F4xx_HAL_Driver/Src/stm32f4xx_hal_rcc.o
                0x08004c38                HAL_RCC_GetSysClockFreq
 .text.HAL_RCC_GetHCLKFreq
                0x08004e44       0x18 ./Source/ThirdParty/Drivers/STM32F4xx_HAL_Driver/Src/stm32f4xx_hal_rcc.o
                0x08004e44                HAL_RCC_GetHCLKFreq
 .text.HAL_RCC_GetPCLK1Freq
                0x08004e5c       0x28 ./Source/ThirdParty/Drivers/STM32F4xx_HAL_Driver/Src/stm32f4xx_hal_rcc.o
                0x08004e5c                HAL_RCC_GetPCLK1Freq
 .text.HAL_RCC_GetClockConfig
                0x08004e84       0x64 ./Source/ThirdParty/Drivers/STM32F4xx_HAL_Driver/Src/stm32f4xx_hal_rcc.o
                0x08004e84                HAL_RCC_GetClockConfig
 .text.HAL_TIM_Base_Init
                0x08004ee8       0x9e ./Source/ThirdParty/Drivers/STM32F4xx_HAL_Driver/Src/stm32f4xx_hal_tim.o
                0x08004ee8                HAL_TIM_Base_Init
 .text.HAL_TIM_Base_MspInit
                0x08004f86       0x14 ./Source/ThirdParty/Drivers/STM32F4xx_HAL_Driver/Src/stm32f4xx_hal_tim.o
                0x08004f86                HAL_TIM_Base_MspInit
 *fill*         0x08004f9a        0x2 
 .text.HAL_TIM_Base_Start_IT
                0x08004f9c       0xc4 ./Source/ThirdParty/Drivers/STM32F4xx_HAL_Driver/Src/stm32f4xx_hal_tim.o
                0x08004f9c                HAL_TIM_Base_Start_IT
 .text.HAL_TIM_IRQHandler
                0x08005060      0x1e0 ./Source/ThirdParty/Drivers/STM32F4xx_HAL_Driver/Src/stm32f4xx_hal_tim.o
                0x08005060                HAL_TIM_IRQHandler
 .text.HAL_TIM_OC_DelayElapsedCallback
                0x08005240       0x14 ./Source/ThirdParty/Drivers/STM32F4xx_HAL_Driver/Src/stm32f4xx_hal_tim.o
                0x08005240                HAL_TIM_OC_DelayElapsedCallback
 .text.HAL_TIM_IC_CaptureCallback
                0x08005254       0x14 ./Source/ThirdParty/Drivers/STM32F4xx_HAL_Driver/Src/stm32f4xx_hal_tim.o
                0x08005254                HAL_TIM_IC_CaptureCallback
 .text.HAL_TIM_PWM_PulseFinishedCallback
                0x08005268       0x14 ./Source/ThirdParty/Drivers/STM32F4xx_HAL_Driver/Src/stm32f4xx_hal_tim.o
                0x08005268                HAL_TIM_PWM_PulseFinishedCallback
 .text.HAL_TIM_TriggerCallback
                0x0800527c       0x14 ./Source/ThirdParty/Drivers/STM32F4xx_HAL_Driver/Src/stm32f4xx_hal_tim.o
                0x0800527c                HAL_TIM_TriggerCallback
 .text.TIM_Base_SetConfig
                0x08005290      0x10c ./Source/ThirdParty/Drivers/STM32F4xx_HAL_Driver/Src/stm32f4xx_hal_tim.o
                0x08005290                TIM_Base_SetConfig
 .text.HAL_TIMEx_CommutCallback
                0x0800539c       0x14 ./Source/ThirdParty/Drivers/STM32F4xx_HAL_Driver/Src/stm32f4xx_hal_tim_ex.o
                0x0800539c                HAL_TIMEx_CommutCallback
 .text.HAL_TIMEx_BreakCallback
                0x080053b0       0x14 ./Source/ThirdParty/Drivers/STM32F4xx_HAL_Driver/Src/stm32f4xx_hal_tim_ex.o
                0x080053b0                HAL_TIMEx_BreakCallback
 .text.LL_GPIO_SetPinMode
                0x080053c4       0x7a ./Source/ThirdParty/Drivers/STM32F4xx_HAL_Driver/Src/stm32f4xx_ll_gpio.o
 .text.LL_GPIO_SetPinOutputType
                0x0800543e       0x30 ./Source/ThirdParty/Drivers/STM32F4xx_HAL_Driver/Src/stm32f4xx_ll_gpio.o
 .text.LL_GPIO_SetPinSpeed
                0x0800546e       0x7a ./Source/ThirdParty/Drivers/STM32F4xx_HAL_Driver/Src/stm32f4xx_ll_gpio.o
 .text.LL_GPIO_SetPinPull
                0x080054e8       0x7a ./Source/ThirdParty/Drivers/STM32F4xx_HAL_Driver/Src/stm32f4xx_ll_gpio.o
 .text.LL_GPIO_SetAFPin_0_7
                0x08005562       0x7a ./Source/ThirdParty/Drivers/STM32F4xx_HAL_Driver/Src/stm32f4xx_ll_gpio.o
 .text.LL_GPIO_SetAFPin_8_15
                0x080055dc       0x7e ./Source/ThirdParty/Drivers/STM32F4xx_HAL_Driver/Src/stm32f4xx_ll_gpio.o
 .text.LL_GPIO_Init
                0x0800565a      0x102 ./Source/ThirdParty/Drivers/STM32F4xx_HAL_Driver/Src/stm32f4xx_ll_gpio.o
                0x0800565a                LL_GPIO_Init
 .text.LL_I2C_Enable
                0x0800575c       0x20 ./Source/ThirdParty/Drivers/STM32F4xx_HAL_Driver/Src/stm32f4xx_ll_i2c.o
 .text.LL_I2C_Disable
                0x0800577c       0x20 ./Source/ThirdParty/Drivers/STM32F4xx_HAL_Driver/Src/stm32f4xx_ll_i2c.o
 .text.LL_I2C_ConfigFilters
                0x0800579c       0x2c ./Source/ThirdParty/Drivers/STM32F4xx_HAL_Driver/Src/stm32f4xx_ll_i2c.o
 .text.LL_I2C_SetOwnAddress1
                0x080057c8       0x30 ./Source/ThirdParty/Drivers/STM32F4xx_HAL_Driver/Src/stm32f4xx_ll_i2c.o
 .text.LL_I2C_ConfigSpeed
                0x080057f8      0x130 ./Source/ThirdParty/Drivers/STM32F4xx_HAL_Driver/Src/stm32f4xx_ll_i2c.o
 .text.LL_I2C_SetMode
                0x08005928       0x26 ./Source/ThirdParty/Drivers/STM32F4xx_HAL_Driver/Src/stm32f4xx_ll_i2c.o
 .text.LL_I2C_AcknowledgeNextData
                0x0800594e       0x26 ./Source/ThirdParty/Drivers/STM32F4xx_HAL_Driver/Src/stm32f4xx_ll_i2c.o
 .text.LL_I2C_Init
                0x08005974       0x72 ./Source/ThirdParty/Drivers/STM32F4xx_HAL_Driver/Src/stm32f4xx_ll_i2c.o
                0x08005974                LL_I2C_Init
 *fill*         0x080059e6        0x2 
 .text.LL_RCC_GetSysClkSource
                0x080059e8       0x1c ./Source/ThirdParty/Drivers/STM32F4xx_HAL_Driver/Src/stm32f4xx_ll_rcc.o
 .text.LL_RCC_GetAHBPrescaler
                0x08005a04       0x1c ./Source/ThirdParty/Drivers/STM32F4xx_HAL_Driver/Src/stm32f4xx_ll_rcc.o
 .text.LL_RCC_GetAPB1Prescaler
                0x08005a20       0x1c ./Source/ThirdParty/Drivers/STM32F4xx_HAL_Driver/Src/stm32f4xx_ll_rcc.o
 .text.LL_RCC_GetAPB2Prescaler
                0x08005a3c       0x1c ./Source/ThirdParty/Drivers/STM32F4xx_HAL_Driver/Src/stm32f4xx_ll_rcc.o
 .text.LL_RCC_PLL_GetMainSource
                0x08005a58       0x1c ./Source/ThirdParty/Drivers/STM32F4xx_HAL_Driver/Src/stm32f4xx_ll_rcc.o
 .text.LL_RCC_PLL_GetN
                0x08005a74       0x1c ./Source/ThirdParty/Drivers/STM32F4xx_HAL_Driver/Src/stm32f4xx_ll_rcc.o
 .text.LL_RCC_PLL_GetP
                0x08005a90       0x1c ./Source/ThirdParty/Drivers/STM32F4xx_HAL_Driver/Src/stm32f4xx_ll_rcc.o
 .text.LL_RCC_PLL_GetDivider
                0x08005aac       0x1c ./Source/ThirdParty/Drivers/STM32F4xx_HAL_Driver/Src/stm32f4xx_ll_rcc.o
 .text.LL_RCC_GetSystemClocksFreq
                0x08005ac8       0x4a ./Source/ThirdParty/Drivers/STM32F4xx_HAL_Driver/Src/stm32f4xx_ll_rcc.o
                0x08005ac8                LL_RCC_GetSystemClocksFreq
 *fill*         0x08005b12        0x2 
 .text.RCC_GetSystemClockFreq
                0x08005b14       0x50 ./Source/ThirdParty/Drivers/STM32F4xx_HAL_Driver/Src/stm32f4xx_ll_rcc.o
                0x08005b14                RCC_GetSystemClockFreq
 .text.RCC_GetHCLKClockFreq
                0x08005b64       0x2c ./Source/ThirdParty/Drivers/STM32F4xx_HAL_Driver/Src/stm32f4xx_ll_rcc.o
                0x08005b64                RCC_GetHCLKClockFreq
 .text.RCC_GetPCLK1ClockFreq
                0x08005b90       0x28 ./Source/ThirdParty/Drivers/STM32F4xx_HAL_Driver/Src/stm32f4xx_ll_rcc.o
                0x08005b90                RCC_GetPCLK1ClockFreq
 .text.RCC_GetPCLK2ClockFreq
                0x08005bb8       0x28 ./Source/ThirdParty/Drivers/STM32F4xx_HAL_Driver/Src/stm32f4xx_ll_rcc.o
                0x08005bb8                RCC_GetPCLK2ClockFreq
 .text.RCC_PLL_GetFreqDomain_SYS
                0x08005be0       0x7c ./Source/ThirdParty/Drivers/STM32F4xx_HAL_Driver/Src/stm32f4xx_ll_rcc.o
                0x08005be0                RCC_PLL_GetFreqDomain_SYS
 .text.LL_USART_IsEnabled
                0x08005c5c       0x28 ./Source/ThirdParty/Drivers/STM32F4xx_HAL_Driver/Src/stm32f4xx_ll_usart.o
 .text.LL_USART_SetStopBitsLength
                0x08005c84       0x26 ./Source/ThirdParty/Drivers/STM32F4xx_HAL_Driver/Src/stm32f4xx_ll_usart.o
 .text.LL_USART_SetHWFlowCtrl
                0x08005caa       0x26 ./Source/ThirdParty/Drivers/STM32F4xx_HAL_Driver/Src/stm32f4xx_ll_usart.o
 .text.LL_USART_SetBaudRate
                0x08005cd0      0x45c ./Source/ThirdParty/Drivers/STM32F4xx_HAL_Driver/Src/stm32f4xx_ll_usart.o
 .text.LL_USART_Init
                0x0800612c       0xc8 ./Source/ThirdParty/Drivers/STM32F4xx_HAL_Driver/Src/stm32f4xx_ll_usart.o
                0x0800612c                LL_USART_Init
 .text.__NVIC_SetPriority
                0x080061f4       0x54 ./Source/ThirdParty/Middlewares/Third_Party/FreeRTOS/Source/CMSIS_RTOS_V2/cmsis_os2.o
 .text.SysTick_Handler
                0x08006248       0x20 ./Source/ThirdParty/Middlewares/Third_Party/FreeRTOS/Source/CMSIS_RTOS_V2/cmsis_os2.o
                0x08006248                SysTick_Handler
 .text.SVC_Setup
                0x08006268       0x12 ./Source/ThirdParty/Middlewares/Third_Party/FreeRTOS/Source/CMSIS_RTOS_V2/cmsis_os2.o
 *fill*         0x0800627a        0x2 
 .text.osKernelInitialize
                0x0800627c       0x48 ./Source/ThirdParty/Middlewares/Third_Party/FreeRTOS/Source/CMSIS_RTOS_V2/cmsis_os2.o
                0x0800627c                osKernelInitialize
 .text.osKernelStart
                0x080062c4       0x4c ./Source/ThirdParty/Middlewares/Third_Party/FreeRTOS/Source/CMSIS_RTOS_V2/cmsis_os2.o
                0x080062c4                osKernelStart
 .text.osThreadNew
                0x08006310      0x124 ./Source/ThirdParty/Middlewares/Third_Party/FreeRTOS/Source/CMSIS_RTOS_V2/cmsis_os2.o
                0x08006310                osThreadNew
 .text.osDelay  0x08006434       0x36 ./Source/ThirdParty/Middlewares/Third_Party/FreeRTOS/Source/CMSIS_RTOS_V2/cmsis_os2.o
                0x08006434                osDelay
 .text.TimerCallback
                0x0800646a       0x2a ./Source/ThirdParty/Middlewares/Third_Party/FreeRTOS/Source/CMSIS_RTOS_V2/cmsis_os2.o
 .text.osTimerNew
                0x08006494       0xf8 ./Source/ThirdParty/Middlewares/Third_Party/FreeRTOS/Source/CMSIS_RTOS_V2/cmsis_os2.o
                0x08006494                osTimerNew
 .text.osTimerStart
                0x0800658c       0x5c ./Source/ThirdParty/Middlewares/Third_Party/FreeRTOS/Source/CMSIS_RTOS_V2/cmsis_os2.o
                0x0800658c                osTimerStart
 .text.osTimerStop
                0x080065e8       0x6e ./Source/ThirdParty/Middlewares/Third_Party/FreeRTOS/Source/CMSIS_RTOS_V2/cmsis_os2.o
                0x080065e8                osTimerStop
 .text.osEventFlagsNew
                0x08006656       0x7e ./Source/ThirdParty/Middlewares/Third_Party/FreeRTOS/Source/CMSIS_RTOS_V2/cmsis_os2.o
                0x08006656                osEventFlagsNew
 .text.osEventFlagsSet
                0x080066d4       0x84 ./Source/ThirdParty/Middlewares/Third_Party/FreeRTOS/Source/CMSIS_RTOS_V2/cmsis_os2.o
                0x080066d4                osEventFlagsSet
 .text.osEventFlagsWait
                0x08006758       0xca ./Source/ThirdParty/Middlewares/Third_Party/FreeRTOS/Source/CMSIS_RTOS_V2/cmsis_os2.o
                0x08006758                osEventFlagsWait
 .text.osMutexNew
                0x08006822      0x10c ./Source/ThirdParty/Middlewares/Third_Party/FreeRTOS/Source/CMSIS_RTOS_V2/cmsis_os2.o
                0x08006822                osMutexNew
 .text.osMutexAcquire
                0x0800692e       0x96 ./Source/ThirdParty/Middlewares/Third_Party/FreeRTOS/Source/CMSIS_RTOS_V2/cmsis_os2.o
                0x0800692e                osMutexAcquire
 .text.osMutexRelease
                0x080069c4       0x7a ./Source/ThirdParty/Middlewares/Third_Party/FreeRTOS/Source/CMSIS_RTOS_V2/cmsis_os2.o
                0x080069c4                osMutexRelease
 .text.osMessageQueueNew
                0x08006a3e       0xe6 ./Source/ThirdParty/Middlewares/Third_Party/FreeRTOS/Source/CMSIS_RTOS_V2/cmsis_os2.o
                0x08006a3e                osMessageQueueNew
 .text.osMessageQueuePut
                0x08006b24       0xc0 ./Source/ThirdParty/Middlewares/Third_Party/FreeRTOS/Source/CMSIS_RTOS_V2/cmsis_os2.o
                0x08006b24                osMessageQueuePut
 .text.osMessageQueueGet
                0x08006be4       0xbc ./Source/ThirdParty/Middlewares/Third_Party/FreeRTOS/Source/CMSIS_RTOS_V2/cmsis_os2.o
                0x08006be4                osMessageQueueGet
 .text.vApplicationGetIdleTaskMemory
                0x08006ca0       0x34 ./Source/ThirdParty/Middlewares/Third_Party/FreeRTOS/Source/CMSIS_RTOS_V2/cmsis_os2.o
                0x08006ca0                vApplicationGetIdleTaskMemory
 .text.vApplicationGetTimerTaskMemory
                0x08006cd4       0x34 ./Source/ThirdParty/Middlewares/Third_Party/FreeRTOS/Source/CMSIS_RTOS_V2/cmsis_os2.o
                0x08006cd4                vApplicationGetTimerTaskMemory
 .text.xEventGroupCreateStatic
                0x08006d08       0x72 ./Source/ThirdParty/Middlewares/Third_Party/FreeRTOS/Source/event_groups.o
                0x08006d08                xEventGroupCreateStatic
 .text.xEventGroupCreate
                0x08006d7a       0x34 ./Source/ThirdParty/Middlewares/Third_Party/FreeRTOS/Source/event_groups.o
                0x08006d7a                xEventGroupCreate
 *fill*         0x08006dae        0x2 
 .text.xEventGroupWaitBits
                0x08006db0      0x1a4 ./Source/ThirdParty/Middlewares/Third_Party/FreeRTOS/Source/event_groups.o
                0x08006db0                xEventGroupWaitBits
 .text.xEventGroupSetBits
                0x08006f54      0x118 ./Source/ThirdParty/Middlewares/Third_Party/FreeRTOS/Source/event_groups.o
                0x08006f54                xEventGroupSetBits
 .text.vEventGroupSetBitsCallback
                0x0800706c       0x1a ./Source/ThirdParty/Middlewares/Third_Party/FreeRTOS/Source/event_groups.o
                0x0800706c                vEventGroupSetBitsCallback
 .text.prvTestWaitCondition
                0x08007086       0x44 ./Source/ThirdParty/Middlewares/Third_Party/FreeRTOS/Source/event_groups.o
 *fill*         0x080070ca        0x2 
 .text.xEventGroupSetBitsFromISR
                0x080070cc       0x28 ./Source/ThirdParty/Middlewares/Third_Party/FreeRTOS/Source/event_groups.o
                0x080070cc                xEventGroupSetBitsFromISR
 .text.vListInitialise
                0x080070f4       0x40 ./Source/ThirdParty/Middlewares/Third_Party/FreeRTOS/Source/list.o
                0x080070f4                vListInitialise
 .text.vListInitialiseItem
                0x08007134       0x1a ./Source/ThirdParty/Middlewares/Third_Party/FreeRTOS/Source/list.o
                0x08007134                vListInitialiseItem
 .text.vListInsertEnd
                0x0800714e       0x48 ./Source/ThirdParty/Middlewares/Third_Party/FreeRTOS/Source/list.o
                0x0800714e                vListInsertEnd
 .text.vListInsert
                0x08007196       0x72 ./Source/ThirdParty/Middlewares/Third_Party/FreeRTOS/Source/list.o
                0x08007196                vListInsert
 .text.uxListRemove
                0x08007208       0x54 ./Source/ThirdParty/Middlewares/Third_Party/FreeRTOS/Source/list.o
                0x08007208                uxListRemove
 .text.xQueueGenericReset
                0x0800725c       0xd4 ./Source/ThirdParty/Middlewares/Third_Party/FreeRTOS/Source/queue.o
                0x0800725c                xQueueGenericReset
 .text.xQueueGenericCreateStatic
                0x08007330       0xfa ./Source/ThirdParty/Middlewares/Third_Party/FreeRTOS/Source/queue.o
                0x08007330                xQueueGenericCreateStatic
 .text.xQueueGenericCreate
                0x0800742a       0x76 ./Source/ThirdParty/Middlewares/Third_Party/FreeRTOS/Source/queue.o
                0x0800742a                xQueueGenericCreate
 .text.prvInitialiseNewQueue
                0x080074a0       0x46 ./Source/ThirdParty/Middlewares/Third_Party/FreeRTOS/Source/queue.o
 .text.prvInitialiseMutex
                0x080074e6       0x34 ./Source/ThirdParty/Middlewares/Third_Party/FreeRTOS/Source/queue.o
 .text.xQueueCreateMutex
                0x0800751a       0x30 ./Source/ThirdParty/Middlewares/Third_Party/FreeRTOS/Source/queue.o
                0x0800751a                xQueueCreateMutex
 .text.xQueueCreateMutexStatic
                0x0800754a       0x36 ./Source/ThirdParty/Middlewares/Third_Party/FreeRTOS/Source/queue.o
                0x0800754a                xQueueCreateMutexStatic
 .text.xQueueGiveMutexRecursive
                0x08007580       0x6a ./Source/ThirdParty/Middlewares/Third_Party/FreeRTOS/Source/queue.o
                0x08007580                xQueueGiveMutexRecursive
 .text.xQueueTakeMutexRecursive
                0x080075ea       0x6e ./Source/ThirdParty/Middlewares/Third_Party/FreeRTOS/Source/queue.o
                0x080075ea                xQueueTakeMutexRecursive
 .text.xQueueGenericSend
                0x08007658      0x204 ./Source/ThirdParty/Middlewares/Third_Party/FreeRTOS/Source/queue.o
                0x08007658                xQueueGenericSend
 .text.xQueueGenericSendFromISR
                0x0800785c      0x13c ./Source/ThirdParty/Middlewares/Third_Party/FreeRTOS/Source/queue.o
                0x0800785c                xQueueGenericSendFromISR
 .text.xQueueReceive
                0x08007998      0x1c4 ./Source/ThirdParty/Middlewares/Third_Party/FreeRTOS/Source/queue.o
                0x08007998                xQueueReceive
 .text.xQueueSemaphoreTake
                0x08007b5c      0x220 ./Source/ThirdParty/Middlewares/Third_Party/FreeRTOS/Source/queue.o
                0x08007b5c                xQueueSemaphoreTake
 .text.xQueueReceiveFromISR
                0x08007d7c      0x104 ./Source/ThirdParty/Middlewares/Third_Party/FreeRTOS/Source/queue.o
                0x08007d7c                xQueueReceiveFromISR
 .text.prvGetDisinheritPriorityAfterTimeout
                0x08007e80       0x30 ./Source/ThirdParty/Middlewares/Third_Party/FreeRTOS/Source/queue.o
 .text.prvCopyDataToQueue
                0x08007eb0       0xd4 ./Source/ThirdParty/Middlewares/Third_Party/FreeRTOS/Source/queue.o
 .text.prvCopyDataFromQueue
                0x08007f84       0x4c ./Source/ThirdParty/Middlewares/Third_Party/FreeRTOS/Source/queue.o
 .text.prvUnlockQueue
                0x08007fd0       0xa4 ./Source/ThirdParty/Middlewares/Third_Party/FreeRTOS/Source/queue.o
 .text.prvIsQueueEmpty
                0x08008074       0x2c ./Source/ThirdParty/Middlewares/Third_Party/FreeRTOS/Source/queue.o
 .text.prvIsQueueFull
                0x080080a0       0x30 ./Source/ThirdParty/Middlewares/Third_Party/FreeRTOS/Source/queue.o
 .text.vQueueAddToRegistry
                0x080080d0       0x54 ./Source/ThirdParty/Middlewares/Third_Party/FreeRTOS/Source/queue.o
                0x080080d0                vQueueAddToRegistry
 .text.vQueueWaitForMessageRestricted
                0x08008124       0x68 ./Source/ThirdParty/Middlewares/Third_Party/FreeRTOS/Source/queue.o
                0x08008124                vQueueWaitForMessageRestricted
 .text.xTaskCreateStatic
                0x0800818c       0xc0 ./Source/ThirdParty/Middlewares/Third_Party/FreeRTOS/Source/tasks.o
                0x0800818c                xTaskCreateStatic
 .text.xTaskCreate
                0x0800824c       0x8a ./Source/ThirdParty/Middlewares/Third_Party/FreeRTOS/Source/tasks.o
                0x0800824c                xTaskCreate
 .text.prvInitialiseNewTask
                0x080082d6      0x120 ./Source/ThirdParty/Middlewares/Third_Party/FreeRTOS/Source/tasks.o
 *fill*         0x080083f6        0x2 
 .text.prvAddNewTaskToReadyList
                0x080083f8       0xe0 ./Source/ThirdParty/Middlewares/Third_Party/FreeRTOS/Source/tasks.o
 .text.vTaskDelay
                0x080084d8       0x6c ./Source/ThirdParty/Middlewares/Third_Party/FreeRTOS/Source/tasks.o
                0x080084d8                vTaskDelay
 .text.vTaskStartScheduler
                0x08008544       0xd0 ./Source/ThirdParty/Middlewares/Third_Party/FreeRTOS/Source/tasks.o
                0x08008544                vTaskStartScheduler
 .text.vTaskSuspendAll
                0x08008614       0x1c ./Source/ThirdParty/Middlewares/Third_Party/FreeRTOS/Source/tasks.o
                0x08008614                vTaskSuspendAll
 .text.xTaskResumeAll
                0x08008630      0x13c ./Source/ThirdParty/Middlewares/Third_Party/FreeRTOS/Source/tasks.o
                0x08008630                xTaskResumeAll
 .text.xTaskGetTickCount
                0x0800876c       0x20 ./Source/ThirdParty/Middlewares/Third_Party/FreeRTOS/Source/tasks.o
                0x0800876c                xTaskGetTickCount
 .text.xTaskIncrementTick
                0x0800878c      0x174 ./Source/ThirdParty/Middlewares/Third_Party/FreeRTOS/Source/tasks.o
                0x0800878c                xTaskIncrementTick
 .text.vTaskSwitchContext
                0x08008900       0xbc ./Source/ThirdParty/Middlewares/Third_Party/FreeRTOS/Source/tasks.o
                0x08008900                vTaskSwitchContext
 .text.vTaskPlaceOnEventList
                0x080089bc       0x4c ./Source/ThirdParty/Middlewares/Third_Party/FreeRTOS/Source/tasks.o
                0x080089bc                vTaskPlaceOnEventList
 .text.vTaskPlaceOnUnorderedEventList
                0x08008a08       0x7c ./Source/ThirdParty/Middlewares/Third_Party/FreeRTOS/Source/tasks.o
                0x08008a08                vTaskPlaceOnUnorderedEventList
 .text.vTaskPlaceOnEventListRestricted
                0x08008a84       0x58 ./Source/ThirdParty/Middlewares/Third_Party/FreeRTOS/Source/tasks.o
                0x08008a84                vTaskPlaceOnEventListRestricted
 .text.xTaskRemoveFromEventList
                0x08008adc       0xc8 ./Source/ThirdParty/Middlewares/Third_Party/FreeRTOS/Source/tasks.o
                0x08008adc                xTaskRemoveFromEventList
 .text.vTaskRemoveFromUnorderedEventList
                0x08008ba4       0xc8 ./Source/ThirdParty/Middlewares/Third_Party/FreeRTOS/Source/tasks.o
                0x08008ba4                vTaskRemoveFromUnorderedEventList
 .text.vTaskInternalSetTimeOutState
                0x08008c6c       0x2c ./Source/ThirdParty/Middlewares/Third_Party/FreeRTOS/Source/tasks.o
                0x08008c6c                vTaskInternalSetTimeOutState
 .text.xTaskCheckForTimeOut
                0x08008c98       0xc8 ./Source/ThirdParty/Middlewares/Third_Party/FreeRTOS/Source/tasks.o
                0x08008c98                xTaskCheckForTimeOut
 .text.vTaskMissedYield
                0x08008d60       0x18 ./Source/ThirdParty/Middlewares/Third_Party/FreeRTOS/Source/tasks.o
                0x08008d60                vTaskMissedYield
 .text.prvIdleTask
                0x08008d78       0x30 ./Source/ThirdParty/Middlewares/Third_Party/FreeRTOS/Source/tasks.o
 .text.prvInitialiseTaskLists
                0x08008da8       0x80 ./Source/ThirdParty/Middlewares/Third_Party/FreeRTOS/Source/tasks.o
 .text.prvCheckTasksWaitingTermination
                0x08008e28       0x5c ./Source/ThirdParty/Middlewares/Third_Party/FreeRTOS/Source/tasks.o
 .text.prvDeleteTCB
                0x08008e84       0x60 ./Source/ThirdParty/Middlewares/Third_Party/FreeRTOS/Source/tasks.o
 .text.prvResetNextTaskUnblockTime
                0x08008ee4       0x40 ./Source/ThirdParty/Middlewares/Third_Party/FreeRTOS/Source/tasks.o
 .text.xTaskGetCurrentTaskHandle
                0x08008f24       0x20 ./Source/ThirdParty/Middlewares/Third_Party/FreeRTOS/Source/tasks.o
                0x08008f24                xTaskGetCurrentTaskHandle
 .text.xTaskGetSchedulerState
                0x08008f44       0x3c ./Source/ThirdParty/Middlewares/Third_Party/FreeRTOS/Source/tasks.o
                0x08008f44                xTaskGetSchedulerState
 .text.xTaskPriorityInherit
                0x08008f80       0xd0 ./Source/ThirdParty/Middlewares/Third_Party/FreeRTOS/Source/tasks.o
                0x08008f80                xTaskPriorityInherit
 .text.xTaskPriorityDisinherit
                0x08009050       0xe0 ./Source/ThirdParty/Middlewares/Third_Party/FreeRTOS/Source/tasks.o
                0x08009050                xTaskPriorityDisinherit
 .text.vTaskPriorityDisinheritAfterTimeout
                0x08009130      0x108 ./Source/ThirdParty/Middlewares/Third_Party/FreeRTOS/Source/tasks.o
                0x08009130                vTaskPriorityDisinheritAfterTimeout
 .text.uxTaskResetEventItemValue
                0x08009238       0x30 ./Source/ThirdParty/Middlewares/Third_Party/FreeRTOS/Source/tasks.o
                0x08009238                uxTaskResetEventItemValue
 .text.pvTaskIncrementMutexHeldCount
                0x08009268       0x28 ./Source/ThirdParty/Middlewares/Third_Party/FreeRTOS/Source/tasks.o
                0x08009268                pvTaskIncrementMutexHeldCount
 .text.prvAddCurrentTaskToDelayedList
                0x08009290       0xa8 ./Source/ThirdParty/Middlewares/Third_Party/FreeRTOS/Source/tasks.o
 .text.xTimerCreateTimerTask
                0x08009338       0x94 ./Source/ThirdParty/Middlewares/Third_Party/FreeRTOS/Source/timers.o
                0x08009338                xTimerCreateTimerTask
 .text.xTimerCreate
                0x080093cc       0x42 ./Source/ThirdParty/Middlewares/Third_Party/FreeRTOS/Source/timers.o
                0x080093cc                xTimerCreate
 .text.xTimerCreateStatic
                0x0800940e       0x80 ./Source/ThirdParty/Middlewares/Third_Party/FreeRTOS/Source/timers.o
                0x0800940e                xTimerCreateStatic
 .text.prvInitialiseNewTimer
                0x0800948e       0x78 ./Source/ThirdParty/Middlewares/Third_Party/FreeRTOS/Source/timers.o
 *fill*         0x08009506        0x2 
 .text.xTimerGenericCommand
                0x08009508       0x9c ./Source/ThirdParty/Middlewares/Third_Party/FreeRTOS/Source/timers.o
                0x08009508                xTimerGenericCommand
 .text.prvProcessExpiredTimer
                0x080095a4       0x9c ./Source/ThirdParty/Middlewares/Third_Party/FreeRTOS/Source/timers.o
 .text.prvTimerTask
                0x08009640       0x26 ./Source/ThirdParty/Middlewares/Third_Party/FreeRTOS/Source/timers.o
 *fill*         0x08009666        0x2 
 .text.prvProcessTimerOrBlockTask
                0x08009668       0x9c ./Source/ThirdParty/Middlewares/Third_Party/FreeRTOS/Source/timers.o
 .text.prvGetNextExpireTime
                0x08009704       0x48 ./Source/ThirdParty/Middlewares/Third_Party/FreeRTOS/Source/timers.o
 .text.prvSampleTimeNow
                0x0800974c       0x40 ./Source/ThirdParty/Middlewares/Third_Party/FreeRTOS/Source/timers.o
 .text.prvInsertTimerInActiveList
                0x0800978c       0x84 ./Source/ThirdParty/Middlewares/Third_Party/FreeRTOS/Source/timers.o
 .text.prvProcessReceivedCommands
                0x08009810      0x1cc ./Source/ThirdParty/Middlewares/Third_Party/FreeRTOS/Source/timers.o
 .text.prvSwitchTimerLists
                0x080099dc       0xcc ./Source/ThirdParty/Middlewares/Third_Party/FreeRTOS/Source/timers.o
 .text.prvCheckForValidListAndQueue
                0x08009aa8       0x80 ./Source/ThirdParty/Middlewares/Third_Party/FreeRTOS/Source/timers.o
 .text.xTimerIsTimerActive
                0x08009b28       0x54 ./Source/ThirdParty/Middlewares/Third_Party/FreeRTOS/Source/timers.o
                0x08009b28                xTimerIsTimerActive
 .text.pvTimerGetTimerID
                0x08009b7c       0x42 ./Source/ThirdParty/Middlewares/Third_Party/FreeRTOS/Source/timers.o
                0x08009b7c                pvTimerGetTimerID
 *fill*         0x08009bbe        0x2 
 .text.xTimerPendFunctionCallFromISR
                0x08009bc0       0x40 ./Source/ThirdParty/Middlewares/Third_Party/FreeRTOS/Source/timers.o
                0x08009bc0                xTimerPendFunctionCallFromISR
 .text.pxPortInitialiseStack
                0x08009c00       0x68 ./Source/ThirdParty/Middlewares/Third_Party/FreeRTOS/Source/portable/GCC/ARM_CM4F/port.o
                0x08009c00                pxPortInitialiseStack
 .text.prvTaskExitError
                0x08009c68       0x5c ./Source/ThirdParty/Middlewares/Third_Party/FreeRTOS/Source/portable/GCC/ARM_CM4F/port.o
 *fill*         0x08009cc4        0xc 
 .text.SVC_Handler
                0x08009cd0       0x28 ./Source/ThirdParty/Middlewares/Third_Party/FreeRTOS/Source/portable/GCC/ARM_CM4F/port.o
                0x08009cd0                SVC_Handler
 .text.prvPortStartFirstTask
                0x08009cf8       0x28 ./Source/ThirdParty/Middlewares/Third_Party/FreeRTOS/Source/portable/GCC/ARM_CM4F/port.o
 .text.xPortStartScheduler
                0x08009d20      0x148 ./Source/ThirdParty/Middlewares/Third_Party/FreeRTOS/Source/portable/GCC/ARM_CM4F/port.o
                0x08009d20                xPortStartScheduler
 .text.vPortEnterCritical
                0x08009e68       0x64 ./Source/ThirdParty/Middlewares/Third_Party/FreeRTOS/Source/portable/GCC/ARM_CM4F/port.o
                0x08009e68                vPortEnterCritical
 .text.vPortExitCritical
                0x08009ecc       0x54 ./Source/ThirdParty/Middlewares/Third_Party/FreeRTOS/Source/portable/GCC/ARM_CM4F/port.o
                0x08009ecc                vPortExitCritical
 .text.PendSV_Handler
                0x08009f20       0x68 ./Source/ThirdParty/Middlewares/Third_Party/FreeRTOS/Source/portable/GCC/ARM_CM4F/port.o
                0x08009f20                PendSV_Handler
 .text.xPortSysTickHandler
                0x08009f88       0x44 ./Source/ThirdParty/Middlewares/Third_Party/FreeRTOS/Source/portable/GCC/ARM_CM4F/port.o
                0x08009f88                xPortSysTickHandler
 .text.vPortSetupTimerInterrupt
                0x08009fcc       0x48 ./Source/ThirdParty/Middlewares/Third_Party/FreeRTOS/Source/portable/GCC/ARM_CM4F/port.o
                0x08009fcc                vPortSetupTimerInterrupt
 .text.vPortEnableVFP
                0x0800a014       0x14 ./Source/ThirdParty/Middlewares/Third_Party/FreeRTOS/Source/portable/GCC/ARM_CM4F/port.o
 .text.vPortValidateInterruptPriority
                0x0800a028       0x84 ./Source/ThirdParty/Middlewares/Third_Party/FreeRTOS/Source/portable/GCC/ARM_CM4F/port.o
                0x0800a028                vPortValidateInterruptPriority
 .text.pvPortMalloc
                0x0800a0ac      0x19c ./Source/ThirdParty/Middlewares/Third_Party/FreeRTOS/Source/portable/MemMang/heap_4.o
                0x0800a0ac                pvPortMalloc
 .text.vPortFree
                0x0800a248       0xc8 ./Source/ThirdParty/Middlewares/Third_Party/FreeRTOS/Source/portable/MemMang/heap_4.o
                0x0800a248                vPortFree
 .text.prvHeapInit
                0x0800a310       0xc4 ./Source/ThirdParty/Middlewares/Third_Party/FreeRTOS/Source/portable/MemMang/heap_4.o
 .text.prvInsertBlockIntoFreeList
                0x0800a3d4       0xb4 ./Source/ThirdParty/Middlewares/Third_Party/FreeRTOS/Source/portable/MemMang/heap_4.o
 .text.RingBufferInit
                0x0800a488       0x6c ./Source/Utility/ring_buffer.o
                0x0800a488                RingBufferInit
 .text.RingBufferIsEmpty
                0x0800a4f4       0x2c ./Source/Utility/ring_buffer.o
                0x0800a4f4                RingBufferIsEmpty
 .text.RingBufferIsFull
                0x0800a520       0x30 ./Source/Utility/ring_buffer.o
                0x0800a520                RingBufferIsFull
 .text.RingBufferEnqueue
                0x0800a550       0x80 ./Source/Utility/ring_buffer.o
                0x0800a550                RingBufferEnqueue
 .text.RingBufferDequeue
                0x0800a5d0       0x5c ./Source/Utility/ring_buffer.o
                0x0800a5d0                RingBufferDequeue
 .text.atof     0x0800a62c        0x6 C:/ST/STM32CubeIDE_1.18.1/STM32CubeIDE/plugins/com.st.stm32cube.ide.mcu.externaltools.gnu-tools-for-stm32.13.3.rel1.win32_1.0.0.202411081344/tools/bin/../lib/gcc/arm-none-eabi/13.3.1/../../../../arm-none-eabi/lib/thumb/v7e-m+fp/hard\libc_nano.a(libc_a-atof.o)
                0x0800a62c                atof
 .text.atoi     0x0800a632        0x8 C:/ST/STM32CubeIDE_1.18.1/STM32CubeIDE/plugins/com.st.stm32cube.ide.mcu.externaltools.gnu-tools-for-stm32.13.3.rel1.win32_1.0.0.202411081344/tools/bin/../lib/gcc/arm-none-eabi/13.3.1/../../../../arm-none-eabi/lib/thumb/v7e-m+fp/hard\libc_nano.a(libc_a-atoi.o)
                0x0800a632                atoi
 *fill*         0x0800a63a        0x2 
 .text.calloc   0x0800a63c       0x10 C:/ST/STM32CubeIDE_1.18.1/STM32CubeIDE/plugins/com.st.stm32cube.ide.mcu.externaltools.gnu-tools-for-stm32.13.3.rel1.win32_1.0.0.202411081344/tools/bin/../lib/gcc/arm-none-eabi/13.3.1/../../../../arm-none-eabi/lib/thumb/v7e-m+fp/hard\libc_nano.a(libc_a-calloc.o)
                0x0800a63c                calloc
 .text._calloc_r
                0x0800a64c       0x28 C:/ST/STM32CubeIDE_1.18.1/STM32CubeIDE/plugins/com.st.stm32cube.ide.mcu.externaltools.gnu-tools-for-stm32.13.3.rel1.win32_1.0.0.202411081344/tools/bin/../lib/gcc/arm-none-eabi/13.3.1/../../../../arm-none-eabi/lib/thumb/v7e-m+fp/hard\libc_nano.a(libc_a-callocr.o)
                0x0800a64c                _calloc_r
 .text.malloc   0x0800a674       0x10 C:/ST/STM32CubeIDE_1.18.1/STM32CubeIDE/plugins/com.st.stm32cube.ide.mcu.externaltools.gnu-tools-for-stm32.13.3.rel1.win32_1.0.0.202411081344/tools/bin/../lib/gcc/arm-none-eabi/13.3.1/../../../../arm-none-eabi/lib/thumb/v7e-m+fp/hard\libc_nano.a(libc_a-malloc.o)
                0x0800a674                malloc
 .text.free     0x0800a684       0x10 C:/ST/STM32CubeIDE_1.18.1/STM32CubeIDE/plugins/com.st.stm32cube.ide.mcu.externaltools.gnu-tools-for-stm32.13.3.rel1.win32_1.0.0.202411081344/tools/bin/../lib/gcc/arm-none-eabi/13.3.1/../../../../arm-none-eabi/lib/thumb/v7e-m+fp/hard\libc_nano.a(libc_a-malloc.o)
                0x0800a684                free
 .text.sbrk_aligned
                0x0800a694       0x44 C:/ST/STM32CubeIDE_1.18.1/STM32CubeIDE/plugins/com.st.stm32cube.ide.mcu.externaltools.gnu-tools-for-stm32.13.3.rel1.win32_1.0.0.202411081344/tools/bin/../lib/gcc/arm-none-eabi/13.3.1/../../../../arm-none-eabi/lib/thumb/v7e-m+fp/hard\libc_nano.a(libc_a-mallocr.o)
 .text._malloc_r
                0x0800a6d8      0x100 C:/ST/STM32CubeIDE_1.18.1/STM32CubeIDE/plugins/com.st.stm32cube.ide.mcu.externaltools.gnu-tools-for-stm32.13.3.rel1.win32_1.0.0.202411081344/tools/bin/../lib/gcc/arm-none-eabi/13.3.1/../../../../arm-none-eabi/lib/thumb/v7e-m+fp/hard\libc_nano.a(libc_a-mallocr.o)
                0x0800a6d8                _malloc_r
 .text.__malloc_lock
                0x0800a7d8        0xc C:/ST/STM32CubeIDE_1.18.1/STM32CubeIDE/plugins/com.st.stm32cube.ide.mcu.externaltools.gnu-tools-for-stm32.13.3.rel1.win32_1.0.0.202411081344/tools/bin/../lib/gcc/arm-none-eabi/13.3.1/../../../../arm-none-eabi/lib/thumb/v7e-m+fp/hard\libc_nano.a(libc_a-mlock.o)
                0x0800a7d8                __malloc_lock
 .text.__malloc_unlock
                0x0800a7e4        0xc C:/ST/STM32CubeIDE_1.18.1/STM32CubeIDE/plugins/com.st.stm32cube.ide.mcu.externaltools.gnu-tools-for-stm32.13.3.rel1.win32_1.0.0.202411081344/tools/bin/../lib/gcc/arm-none-eabi/13.3.1/../../../../arm-none-eabi/lib/thumb/v7e-m+fp/hard\libc_nano.a(libc_a-mlock.o)
                0x0800a7e4                __malloc_unlock
 .text.sulp     0x0800a7f0       0x3c C:/ST/STM32CubeIDE_1.18.1/STM32CubeIDE/plugins/com.st.stm32cube.ide.mcu.externaltools.gnu-tools-for-stm32.13.3.rel1.win32_1.0.0.202411081344/tools/bin/../lib/gcc/arm-none-eabi/13.3.1/../../../../arm-none-eabi/lib/thumb/v7e-m+fp/hard\libc_nano.a(libc_a-strtod.o)
 *fill*         0x0800a82c        0x4 
 .text._strtod_l
                0x0800a830      0xbc8 C:/ST/STM32CubeIDE_1.18.1/STM32CubeIDE/plugins/com.st.stm32cube.ide.mcu.externaltools.gnu-tools-for-stm32.13.3.rel1.win32_1.0.0.202411081344/tools/bin/../lib/gcc/arm-none-eabi/13.3.1/../../../../arm-none-eabi/lib/thumb/v7e-m+fp/hard\libc_nano.a(libc_a-strtod.o)
                0x0800a830                _strtod_l
 .text.strtod   0x0800b3f8       0x18 C:/ST/STM32CubeIDE_1.18.1/STM32CubeIDE/plugins/com.st.stm32cube.ide.mcu.externaltools.gnu-tools-for-stm32.13.3.rel1.win32_1.0.0.202411081344/tools/bin/../lib/gcc/arm-none-eabi/13.3.1/../../../../arm-none-eabi/lib/thumb/v7e-m+fp/hard\libc_nano.a(libc_a-strtod.o)
                0x0800b3f8                strtod
 .text._strtol_l.isra.0
                0x0800b410       0xf4 C:/ST/STM32CubeIDE_1.18.1/STM32CubeIDE/plugins/com.st.stm32cube.ide.mcu.externaltools.gnu-tools-for-stm32.13.3.rel1.win32_1.0.0.202411081344/tools/bin/../lib/gcc/arm-none-eabi/13.3.1/../../../../arm-none-eabi/lib/thumb/v7e-m+fp/hard\libc_nano.a(libc_a-strtol.o)
 .text.strtol   0x0800b504       0x14 C:/ST/STM32CubeIDE_1.18.1/STM32CubeIDE/plugins/com.st.stm32cube.ide.mcu.externaltools.gnu-tools-for-stm32.13.3.rel1.win32_1.0.0.202411081344/tools/bin/../lib/gcc/arm-none-eabi/13.3.1/../../../../arm-none-eabi/lib/thumb/v7e-m+fp/hard\libc_nano.a(libc_a-strtol.o)
                0x0800b504                strtol
 .text.std      0x0800b518       0x6c C:/ST/STM32CubeIDE_1.18.1/STM32CubeIDE/plugins/com.st.stm32cube.ide.mcu.externaltools.gnu-tools-for-stm32.13.3.rel1.win32_1.0.0.202411081344/tools/bin/../lib/gcc/arm-none-eabi/13.3.1/../../../../arm-none-eabi/lib/thumb/v7e-m+fp/hard\libc_nano.a(libc_a-findfp.o)
 .text.stdio_exit_handler
                0x0800b584       0x18 C:/ST/STM32CubeIDE_1.18.1/STM32CubeIDE/plugins/com.st.stm32cube.ide.mcu.externaltools.gnu-tools-for-stm32.13.3.rel1.win32_1.0.0.202411081344/tools/bin/../lib/gcc/arm-none-eabi/13.3.1/../../../../arm-none-eabi/lib/thumb/v7e-m+fp/hard\libc_nano.a(libc_a-findfp.o)
 .text.cleanup_stdio
                0x0800b59c       0x40 C:/ST/STM32CubeIDE_1.18.1/STM32CubeIDE/plugins/com.st.stm32cube.ide.mcu.externaltools.gnu-tools-for-stm32.13.3.rel1.win32_1.0.0.202411081344/tools/bin/../lib/gcc/arm-none-eabi/13.3.1/../../../../arm-none-eabi/lib/thumb/v7e-m+fp/hard\libc_nano.a(libc_a-findfp.o)
 .text.global_stdio_init.part.0
                0x0800b5dc       0x3c C:/ST/STM32CubeIDE_1.18.1/STM32CubeIDE/plugins/com.st.stm32cube.ide.mcu.externaltools.gnu-tools-for-stm32.13.3.rel1.win32_1.0.0.202411081344/tools/bin/../lib/gcc/arm-none-eabi/13.3.1/../../../../arm-none-eabi/lib/thumb/v7e-m+fp/hard\libc_nano.a(libc_a-findfp.o)
 .text.__sfp_lock_acquire
                0x0800b618        0xc C:/ST/STM32CubeIDE_1.18.1/STM32CubeIDE/plugins/com.st.stm32cube.ide.mcu.externaltools.gnu-tools-for-stm32.13.3.rel1.win32_1.0.0.202411081344/tools/bin/../lib/gcc/arm-none-eabi/13.3.1/../../../../arm-none-eabi/lib/thumb/v7e-m+fp/hard\libc_nano.a(libc_a-findfp.o)
                0x0800b618                __sfp_lock_acquire
 .text.__sfp_lock_release
                0x0800b624        0xc C:/ST/STM32CubeIDE_1.18.1/STM32CubeIDE/plugins/com.st.stm32cube.ide.mcu.externaltools.gnu-tools-for-stm32.13.3.rel1.win32_1.0.0.202411081344/tools/bin/../lib/gcc/arm-none-eabi/13.3.1/../../../../arm-none-eabi/lib/thumb/v7e-m+fp/hard\libc_nano.a(libc_a-findfp.o)
                0x0800b624                __sfp_lock_release
 .text.__sinit  0x0800b630       0x30 C:/ST/STM32CubeIDE_1.18.1/STM32CubeIDE/plugins/com.st.stm32cube.ide.mcu.externaltools.gnu-tools-for-stm32.13.3.rel1.win32_1.0.0.202411081344/tools/bin/../lib/gcc/arm-none-eabi/13.3.1/../../../../arm-none-eabi/lib/thumb/v7e-m+fp/hard\libc_nano.a(libc_a-findfp.o)
                0x0800b630                __sinit
 .text._fwalk_sglue
                0x0800b660       0x3c C:/ST/STM32CubeIDE_1.18.1/STM32CubeIDE/plugins/com.st.stm32cube.ide.mcu.externaltools.gnu-tools-for-stm32.13.3.rel1.win32_1.0.0.202411081344/tools/bin/../lib/gcc/arm-none-eabi/13.3.1/../../../../arm-none-eabi/lib/thumb/v7e-m+fp/hard\libc_nano.a(libc_a-fwalk.o)
                0x0800b660                _fwalk_sglue
 .text.snprintf
                0x0800b69c       0x6c C:/ST/STM32CubeIDE_1.18.1/STM32CubeIDE/plugins/com.st.stm32cube.ide.mcu.externaltools.gnu-tools-for-stm32.13.3.rel1.win32_1.0.0.202411081344/tools/bin/../lib/gcc/arm-none-eabi/13.3.1/../../../../arm-none-eabi/lib/thumb/v7e-m+fp/hard\libc_nano.a(libc_a-snprintf.o)
                0x0800b69c                sniprintf
                0x0800b69c                snprintf
 .text.__sread  0x0800b708       0x22 C:/ST/STM32CubeIDE_1.18.1/STM32CubeIDE/plugins/com.st.stm32cube.ide.mcu.externaltools.gnu-tools-for-stm32.13.3.rel1.win32_1.0.0.202411081344/tools/bin/../lib/gcc/arm-none-eabi/13.3.1/../../../../arm-none-eabi/lib/thumb/v7e-m+fp/hard\libc_nano.a(libc_a-stdio.o)
                0x0800b708                __sread
 .text.__swrite
                0x0800b72a       0x38 C:/ST/STM32CubeIDE_1.18.1/STM32CubeIDE/plugins/com.st.stm32cube.ide.mcu.externaltools.gnu-tools-for-stm32.13.3.rel1.win32_1.0.0.202411081344/tools/bin/../lib/gcc/arm-none-eabi/13.3.1/../../../../arm-none-eabi/lib/thumb/v7e-m+fp/hard\libc_nano.a(libc_a-stdio.o)
                0x0800b72a                __swrite
 .text.__sseek  0x0800b762       0x24 C:/ST/STM32CubeIDE_1.18.1/STM32CubeIDE/plugins/com.st.stm32cube.ide.mcu.externaltools.gnu-tools-for-stm32.13.3.rel1.win32_1.0.0.202411081344/tools/bin/../lib/gcc/arm-none-eabi/13.3.1/../../../../arm-none-eabi/lib/thumb/v7e-m+fp/hard\libc_nano.a(libc_a-stdio.o)
                0x0800b762                __sseek
 .text.__sclose
                0x0800b786        0x8 C:/ST/STM32CubeIDE_1.18.1/STM32CubeIDE/plugins/com.st.stm32cube.ide.mcu.externaltools.gnu-tools-for-stm32.13.3.rel1.win32_1.0.0.202411081344/tools/bin/../lib/gcc/arm-none-eabi/13.3.1/../../../../arm-none-eabi/lib/thumb/v7e-m+fp/hard\libc_nano.a(libc_a-stdio.o)
                0x0800b786                __sclose
 .text.memset   0x0800b78e       0x10 C:/ST/STM32CubeIDE_1.18.1/STM32CubeIDE/plugins/com.st.stm32cube.ide.mcu.externaltools.gnu-tools-for-stm32.13.3.rel1.win32_1.0.0.202411081344/tools/bin/../lib/gcc/arm-none-eabi/13.3.1/../../../../arm-none-eabi/lib/thumb/v7e-m+fp/hard\libc_nano.a(libc_a-memset.o)
                0x0800b78e                memset
 .text.strchr   0x0800b79e       0x1a C:/ST/STM32CubeIDE_1.18.1/STM32CubeIDE/plugins/com.st.stm32cube.ide.mcu.externaltools.gnu-tools-for-stm32.13.3.rel1.win32_1.0.0.202411081344/tools/bin/../lib/gcc/arm-none-eabi/13.3.1/../../../../arm-none-eabi/lib/thumb/v7e-m+fp/hard\libc_nano.a(libc_a-strchr.o)
                0x0800b79e                strchr
 .text.strncat  0x0800b7b8       0x26 C:/ST/STM32CubeIDE_1.18.1/STM32CubeIDE/plugins/com.st.stm32cube.ide.mcu.externaltools.gnu-tools-for-stm32.13.3.rel1.win32_1.0.0.202411081344/tools/bin/../lib/gcc/arm-none-eabi/13.3.1/../../../../arm-none-eabi/lib/thumb/v7e-m+fp/hard\libc_nano.a(libc_a-strncat.o)
                0x0800b7b8                strncat
 .text.strncmp  0x0800b7de       0x24 C:/ST/STM32CubeIDE_1.18.1/STM32CubeIDE/plugins/com.st.stm32cube.ide.mcu.externaltools.gnu-tools-for-stm32.13.3.rel1.win32_1.0.0.202411081344/tools/bin/../lib/gcc/arm-none-eabi/13.3.1/../../../../arm-none-eabi/lib/thumb/v7e-m+fp/hard\libc_nano.a(libc_a-strncmp.o)
                0x0800b7de                strncmp
 .text.strncpy  0x0800b802       0x26 C:/ST/STM32CubeIDE_1.18.1/STM32CubeIDE/plugins/com.st.stm32cube.ide.mcu.externaltools.gnu-tools-for-stm32.13.3.rel1.win32_1.0.0.202411081344/tools/bin/../lib/gcc/arm-none-eabi/13.3.1/../../../../arm-none-eabi/lib/thumb/v7e-m+fp/hard\libc_nano.a(libc_a-strncpy.o)
                0x0800b802                strncpy
 .text.strrchr  0x0800b828       0x2c C:/ST/STM32CubeIDE_1.18.1/STM32CubeIDE/plugins/com.st.stm32cube.ide.mcu.externaltools.gnu-tools-for-stm32.13.3.rel1.win32_1.0.0.202411081344/tools/bin/../lib/gcc/arm-none-eabi/13.3.1/../../../../arm-none-eabi/lib/thumb/v7e-m+fp/hard\libc_nano.a(libc_a-strrchr.o)
                0x0800b828                strrchr
 .text.__strtok_r
                0x0800b854       0x50 C:/ST/STM32CubeIDE_1.18.1/STM32CubeIDE/plugins/com.st.stm32cube.ide.mcu.externaltools.gnu-tools-for-stm32.13.3.rel1.win32_1.0.0.202411081344/tools/bin/../lib/gcc/arm-none-eabi/13.3.1/../../../../arm-none-eabi/lib/thumb/v7e-m+fp/hard\libc_nano.a(libc_a-strtok_r.o)
                0x0800b854                __strtok_r
 .text.strtok_r
                0x0800b8a4        0x6 C:/ST/STM32CubeIDE_1.18.1/STM32CubeIDE/plugins/com.st.stm32cube.ide.mcu.externaltools.gnu-tools-for-stm32.13.3.rel1.win32_1.0.0.202411081344/tools/bin/../lib/gcc/arm-none-eabi/13.3.1/../../../../arm-none-eabi/lib/thumb/v7e-m+fp/hard\libc_nano.a(libc_a-strtok_r.o)
                0x0800b8a4                strtok_r
 *fill*         0x0800b8aa        0x2 
 .text._close_r
                0x0800b8ac       0x20 C:/ST/STM32CubeIDE_1.18.1/STM32CubeIDE/plugins/com.st.stm32cube.ide.mcu.externaltools.gnu-tools-for-stm32.13.3.rel1.win32_1.0.0.202411081344/tools/bin/../lib/gcc/arm-none-eabi/13.3.1/../../../../arm-none-eabi/lib/thumb/v7e-m+fp/hard\libc_nano.a(libc_a-closer.o)
                0x0800b8ac                _close_r
 .text._lseek_r
                0x0800b8cc       0x24 C:/ST/STM32CubeIDE_1.18.1/STM32CubeIDE/plugins/com.st.stm32cube.ide.mcu.externaltools.gnu-tools-for-stm32.13.3.rel1.win32_1.0.0.202411081344/tools/bin/../lib/gcc/arm-none-eabi/13.3.1/../../../../arm-none-eabi/lib/thumb/v7e-m+fp/hard\libc_nano.a(libc_a-lseekr.o)
                0x0800b8cc                _lseek_r
 .text._read_r  0x0800b8f0       0x24 C:/ST/STM32CubeIDE_1.18.1/STM32CubeIDE/plugins/com.st.stm32cube.ide.mcu.externaltools.gnu-tools-for-stm32.13.3.rel1.win32_1.0.0.202411081344/tools/bin/../lib/gcc/arm-none-eabi/13.3.1/../../../../arm-none-eabi/lib/thumb/v7e-m+fp/hard\libc_nano.a(libc_a-readr.o)
                0x0800b8f0                _read_r
 .text._sbrk_r  0x0800b914       0x20 C:/ST/STM32CubeIDE_1.18.1/STM32CubeIDE/plugins/com.st.stm32cube.ide.mcu.externaltools.gnu-tools-for-stm32.13.3.rel1.win32_1.0.0.202411081344/tools/bin/../lib/gcc/arm-none-eabi/13.3.1/../../../../arm-none-eabi/lib/thumb/v7e-m+fp/hard\libc_nano.a(libc_a-sbrkr.o)
                0x0800b914                _sbrk_r
 .text._write_r
                0x0800b934       0x24 C:/ST/STM32CubeIDE_1.18.1/STM32CubeIDE/plugins/com.st.stm32cube.ide.mcu.externaltools.gnu-tools-for-stm32.13.3.rel1.win32_1.0.0.202411081344/tools/bin/../lib/gcc/arm-none-eabi/13.3.1/../../../../arm-none-eabi/lib/thumb/v7e-m+fp/hard\libc_nano.a(libc_a-writer.o)
                0x0800b934                _write_r
 .text.__errno  0x0800b958        0xc C:/ST/STM32CubeIDE_1.18.1/STM32CubeIDE/plugins/com.st.stm32cube.ide.mcu.externaltools.gnu-tools-for-stm32.13.3.rel1.win32_1.0.0.202411081344/tools/bin/../lib/gcc/arm-none-eabi/13.3.1/../../../../arm-none-eabi/lib/thumb/v7e-m+fp/hard\libc_nano.a(libc_a-errno.o)
                0x0800b958                __errno
 .text.__libc_init_array
                0x0800b964       0x48 C:/ST/STM32CubeIDE_1.18.1/STM32CubeIDE/plugins/com.st.stm32cube.ide.mcu.externaltools.gnu-tools-for-stm32.13.3.rel1.win32_1.0.0.202411081344/tools/bin/../lib/gcc/arm-none-eabi/13.3.1/../../../../arm-none-eabi/lib/thumb/v7e-m+fp/hard\libc_nano.a(libc_a-init.o)
                0x0800b964                __libc_init_array
 .text.__retarget_lock_init_recursive
                0x0800b9ac        0x2 C:/ST/STM32CubeIDE_1.18.1/STM32CubeIDE/plugins/com.st.stm32cube.ide.mcu.externaltools.gnu-tools-for-stm32.13.3.rel1.win32_1.0.0.202411081344/tools/bin/../lib/gcc/arm-none-eabi/13.3.1/../../../../arm-none-eabi/lib/thumb/v7e-m+fp/hard\libc_nano.a(libc_a-lock.o)
                0x0800b9ac                __retarget_lock_init_recursive
 .text.__retarget_lock_acquire_recursive
                0x0800b9ae        0x2 C:/ST/STM32CubeIDE_1.18.1/STM32CubeIDE/plugins/com.st.stm32cube.ide.mcu.externaltools.gnu-tools-for-stm32.13.3.rel1.win32_1.0.0.202411081344/tools/bin/../lib/gcc/arm-none-eabi/13.3.1/../../../../arm-none-eabi/lib/thumb/v7e-m+fp/hard\libc_nano.a(libc_a-lock.o)
                0x0800b9ae                __retarget_lock_acquire_recursive
 .text.__retarget_lock_release_recursive
                0x0800b9b0        0x2 C:/ST/STM32CubeIDE_1.18.1/STM32CubeIDE/plugins/com.st.stm32cube.ide.mcu.externaltools.gnu-tools-for-stm32.13.3.rel1.win32_1.0.0.202411081344/tools/bin/../lib/gcc/arm-none-eabi/13.3.1/../../../../arm-none-eabi/lib/thumb/v7e-m+fp/hard\libc_nano.a(libc_a-lock.o)
                0x0800b9b0                __retarget_lock_release_recursive
 .text.memcpy   0x0800b9b2       0x1c C:/ST/STM32CubeIDE_1.18.1/STM32CubeIDE/plugins/com.st.stm32cube.ide.mcu.externaltools.gnu-tools-for-stm32.13.3.rel1.win32_1.0.0.202411081344/tools/bin/../lib/gcc/arm-none-eabi/13.3.1/../../../../arm-none-eabi/lib/thumb/v7e-m+fp/hard\libc_nano.a(libc_a-memcpy-stub.o)
                0x0800b9b2                memcpy
 *fill*         0x0800b9ce        0x2 
 .text.nan      0x0800b9d0       0x10 C:/ST/STM32CubeIDE_1.18.1/STM32CubeIDE/plugins/com.st.stm32cube.ide.mcu.externaltools.gnu-tools-for-stm32.13.3.rel1.win32_1.0.0.202411081344/tools/bin/../lib/gcc/arm-none-eabi/13.3.1/../../../../arm-none-eabi/lib/thumb/v7e-m+fp/hard\libc_nano.a(libm_a-s_nan.o)
                0x0800b9d0                nan
 .text._free_r  0x0800b9e0       0x94 C:/ST/STM32CubeIDE_1.18.1/STM32CubeIDE/plugins/com.st.stm32cube.ide.mcu.externaltools.gnu-tools-for-stm32.13.3.rel1.win32_1.0.0.202411081344/tools/bin/../lib/gcc/arm-none-eabi/13.3.1/../../../../arm-none-eabi/lib/thumb/v7e-m+fp/hard\libc_nano.a(libc_a-freer.o)
                0x0800b9e0                _free_r
 .text.rshift   0x0800ba74       0xa4 C:/ST/STM32CubeIDE_1.18.1/STM32CubeIDE/plugins/com.st.stm32cube.ide.mcu.externaltools.gnu-tools-for-stm32.13.3.rel1.win32_1.0.0.202411081344/tools/bin/../lib/gcc/arm-none-eabi/13.3.1/../../../../arm-none-eabi/lib/thumb/v7e-m+fp/hard\libc_nano.a(libc_a-gdtoa-gethex.o)
 .text.__hexdig_fun
                0x0800bb18       0x2a C:/ST/STM32CubeIDE_1.18.1/STM32CubeIDE/plugins/com.st.stm32cube.ide.mcu.externaltools.gnu-tools-for-stm32.13.3.rel1.win32_1.0.0.202411081344/tools/bin/../lib/gcc/arm-none-eabi/13.3.1/../../../../arm-none-eabi/lib/thumb/v7e-m+fp/hard\libc_nano.a(libc_a-gdtoa-gethex.o)
                0x0800bb18                __hexdig_fun
 *fill*         0x0800bb42        0x2 
 .text.__gethex
                0x0800bb44      0x420 C:/ST/STM32CubeIDE_1.18.1/STM32CubeIDE/plugins/com.st.stm32cube.ide.mcu.externaltools.gnu-tools-for-stm32.13.3.rel1.win32_1.0.0.202411081344/tools/bin/../lib/gcc/arm-none-eabi/13.3.1/../../../../arm-none-eabi/lib/thumb/v7e-m+fp/hard\libc_nano.a(libc_a-gdtoa-gethex.o)
                0x0800bb44                __gethex
 .text.L_shift  0x0800bf64       0x24 C:/ST/STM32CubeIDE_1.18.1/STM32CubeIDE/plugins/com.st.stm32cube.ide.mcu.externaltools.gnu-tools-for-stm32.13.3.rel1.win32_1.0.0.202411081344/tools/bin/../lib/gcc/arm-none-eabi/13.3.1/../../../../arm-none-eabi/lib/thumb/v7e-m+fp/hard\libc_nano.a(libc_a-gdtoa-hexnan.o)
 .text.__match  0x0800bf88       0x28 C:/ST/STM32CubeIDE_1.18.1/STM32CubeIDE/plugins/com.st.stm32cube.ide.mcu.externaltools.gnu-tools-for-stm32.13.3.rel1.win32_1.0.0.202411081344/tools/bin/../lib/gcc/arm-none-eabi/13.3.1/../../../../arm-none-eabi/lib/thumb/v7e-m+fp/hard\libc_nano.a(libc_a-gdtoa-hexnan.o)
                0x0800bf88                __match
 .text.__hexnan
                0x0800bfb0      0x136 C:/ST/STM32CubeIDE_1.18.1/STM32CubeIDE/plugins/com.st.stm32cube.ide.mcu.externaltools.gnu-tools-for-stm32.13.3.rel1.win32_1.0.0.202411081344/tools/bin/../lib/gcc/arm-none-eabi/13.3.1/../../../../arm-none-eabi/lib/thumb/v7e-m+fp/hard\libc_nano.a(libc_a-gdtoa-hexnan.o)
                0x0800bfb0                __hexnan
 .text.__ascii_mbtowc
                0x0800c0e6       0x24 C:/ST/STM32CubeIDE_1.18.1/STM32CubeIDE/plugins/com.st.stm32cube.ide.mcu.externaltools.gnu-tools-for-stm32.13.3.rel1.win32_1.0.0.202411081344/tools/bin/../lib/gcc/arm-none-eabi/13.3.1/../../../../arm-none-eabi/lib/thumb/v7e-m+fp/hard\libc_nano.a(libc_a-mbtowc_r.o)
                0x0800c0e6                __ascii_mbtowc
 *fill*         0x0800c10a        0x2 
 .text._Balloc  0x0800c10c       0x80 C:/ST/STM32CubeIDE_1.18.1/STM32CubeIDE/plugins/com.st.stm32cube.ide.mcu.externaltools.gnu-tools-for-stm32.13.3.rel1.win32_1.0.0.202411081344/tools/bin/../lib/gcc/arm-none-eabi/13.3.1/../../../../arm-none-eabi/lib/thumb/v7e-m+fp/hard\libc_nano.a(libc_a-mprec.o)
                0x0800c10c                _Balloc
 .text._Bfree   0x0800c18c       0x44 C:/ST/STM32CubeIDE_1.18.1/STM32CubeIDE/plugins/com.st.stm32cube.ide.mcu.externaltools.gnu-tools-for-stm32.13.3.rel1.win32_1.0.0.202411081344/tools/bin/../lib/gcc/arm-none-eabi/13.3.1/../../../../arm-none-eabi/lib/thumb/v7e-m+fp/hard\libc_nano.a(libc_a-mprec.o)
                0x0800c18c                _Bfree
 .text.__multadd
                0x0800c1d0       0x8c C:/ST/STM32CubeIDE_1.18.1/STM32CubeIDE/plugins/com.st.stm32cube.ide.mcu.externaltools.gnu-tools-for-stm32.13.3.rel1.win32_1.0.0.202411081344/tools/bin/../lib/gcc/arm-none-eabi/13.3.1/../../../../arm-none-eabi/lib/thumb/v7e-m+fp/hard\libc_nano.a(libc_a-mprec.o)
                0x0800c1d0                __multadd
 .text.__s2b    0x0800c25c       0x94 C:/ST/STM32CubeIDE_1.18.1/STM32CubeIDE/plugins/com.st.stm32cube.ide.mcu.externaltools.gnu-tools-for-stm32.13.3.rel1.win32_1.0.0.202411081344/tools/bin/../lib/gcc/arm-none-eabi/13.3.1/../../../../arm-none-eabi/lib/thumb/v7e-m+fp/hard\libc_nano.a(libc_a-mprec.o)
                0x0800c25c                __s2b
 .text.__hi0bits
                0x0800c2f0       0x3e C:/ST/STM32CubeIDE_1.18.1/STM32CubeIDE/plugins/com.st.stm32cube.ide.mcu.externaltools.gnu-tools-for-stm32.13.3.rel1.win32_1.0.0.202411081344/tools/bin/../lib/gcc/arm-none-eabi/13.3.1/../../../../arm-none-eabi/lib/thumb/v7e-m+fp/hard\libc_nano.a(libc_a-mprec.o)
                0x0800c2f0                __hi0bits
 .text.__lo0bits
                0x0800c32e       0x5a C:/ST/STM32CubeIDE_1.18.1/STM32CubeIDE/plugins/com.st.stm32cube.ide.mcu.externaltools.gnu-tools-for-stm32.13.3.rel1.win32_1.0.0.202411081344/tools/bin/../lib/gcc/arm-none-eabi/13.3.1/../../../../arm-none-eabi/lib/thumb/v7e-m+fp/hard\libc_nano.a(libc_a-mprec.o)
                0x0800c32e                __lo0bits
 .text.__i2b    0x0800c388       0x2c C:/ST/STM32CubeIDE_1.18.1/STM32CubeIDE/plugins/com.st.stm32cube.ide.mcu.externaltools.gnu-tools-for-stm32.13.3.rel1.win32_1.0.0.202411081344/tools/bin/../lib/gcc/arm-none-eabi/13.3.1/../../../../arm-none-eabi/lib/thumb/v7e-m+fp/hard\libc_nano.a(libc_a-mprec.o)
                0x0800c388                __i2b
 .text.__multiply
                0x0800c3b4      0x144 C:/ST/STM32CubeIDE_1.18.1/STM32CubeIDE/plugins/com.st.stm32cube.ide.mcu.externaltools.gnu-tools-for-stm32.13.3.rel1.win32_1.0.0.202411081344/tools/bin/../lib/gcc/arm-none-eabi/13.3.1/../../../../arm-none-eabi/lib/thumb/v7e-m+fp/hard\libc_nano.a(libc_a-mprec.o)
                0x0800c3b4                __multiply
 .text.__pow5mult
                0x0800c4f8       0xb4 C:/ST/STM32CubeIDE_1.18.1/STM32CubeIDE/plugins/com.st.stm32cube.ide.mcu.externaltools.gnu-tools-for-stm32.13.3.rel1.win32_1.0.0.202411081344/tools/bin/../lib/gcc/arm-none-eabi/13.3.1/../../../../arm-none-eabi/lib/thumb/v7e-m+fp/hard\libc_nano.a(libc_a-mprec.o)
                0x0800c4f8                __pow5mult
 .text.__lshift
                0x0800c5ac       0xd8 C:/ST/STM32CubeIDE_1.18.1/STM32CubeIDE/plugins/com.st.stm32cube.ide.mcu.externaltools.gnu-tools-for-stm32.13.3.rel1.win32_1.0.0.202411081344/tools/bin/../lib/gcc/arm-none-eabi/13.3.1/../../../../arm-none-eabi/lib/thumb/v7e-m+fp/hard\libc_nano.a(libc_a-mprec.o)
                0x0800c5ac                __lshift
 .text.__mcmp   0x0800c684       0x36 C:/ST/STM32CubeIDE_1.18.1/STM32CubeIDE/plugins/com.st.stm32cube.ide.mcu.externaltools.gnu-tools-for-stm32.13.3.rel1.win32_1.0.0.202411081344/tools/bin/../lib/gcc/arm-none-eabi/13.3.1/../../../../arm-none-eabi/lib/thumb/v7e-m+fp/hard\libc_nano.a(libc_a-mprec.o)
                0x0800c684                __mcmp
 *fill*         0x0800c6ba        0x2 
 .text.__mdiff  0x0800c6bc      0x128 C:/ST/STM32CubeIDE_1.18.1/STM32CubeIDE/plugins/com.st.stm32cube.ide.mcu.externaltools.gnu-tools-for-stm32.13.3.rel1.win32_1.0.0.202411081344/tools/bin/../lib/gcc/arm-none-eabi/13.3.1/../../../../arm-none-eabi/lib/thumb/v7e-m+fp/hard\libc_nano.a(libc_a-mprec.o)
                0x0800c6bc                __mdiff
 .text.__ulp    0x0800c7e4       0x4c C:/ST/STM32CubeIDE_1.18.1/STM32CubeIDE/plugins/com.st.stm32cube.ide.mcu.externaltools.gnu-tools-for-stm32.13.3.rel1.win32_1.0.0.202411081344/tools/bin/../lib/gcc/arm-none-eabi/13.3.1/../../../../arm-none-eabi/lib/thumb/v7e-m+fp/hard\libc_nano.a(libc_a-mprec.o)
                0x0800c7e4                __ulp
 .text.__b2d    0x0800c830       0x94 C:/ST/STM32CubeIDE_1.18.1/STM32CubeIDE/plugins/com.st.stm32cube.ide.mcu.externaltools.gnu-tools-for-stm32.13.3.rel1.win32_1.0.0.202411081344/tools/bin/../lib/gcc/arm-none-eabi/13.3.1/../../../../arm-none-eabi/lib/thumb/v7e-m+fp/hard\libc_nano.a(libc_a-mprec.o)
                0x0800c830                __b2d
 .text.__d2b    0x0800c8c4       0xb0 C:/ST/STM32CubeIDE_1.18.1/STM32CubeIDE/plugins/com.st.stm32cube.ide.mcu.externaltools.gnu-tools-for-stm32.13.3.rel1.win32_1.0.0.202411081344/tools/bin/../lib/gcc/arm-none-eabi/13.3.1/../../../../arm-none-eabi/lib/thumb/v7e-m+fp/hard\libc_nano.a(libc_a-mprec.o)
                0x0800c8c4                __d2b
 .text.__ratio  0x0800c974       0x64 C:/ST/STM32CubeIDE_1.18.1/STM32CubeIDE/plugins/com.st.stm32cube.ide.mcu.externaltools.gnu-tools-for-stm32.13.3.rel1.win32_1.0.0.202411081344/tools/bin/../lib/gcc/arm-none-eabi/13.3.1/../../../../arm-none-eabi/lib/thumb/v7e-m+fp/hard\libc_nano.a(libc_a-mprec.o)
                0x0800c974                __ratio
 .text.__copybits
                0x0800c9d8       0x46 C:/ST/STM32CubeIDE_1.18.1/STM32CubeIDE/plugins/com.st.stm32cube.ide.mcu.externaltools.gnu-tools-for-stm32.13.3.rel1.win32_1.0.0.202411081344/tools/bin/../lib/gcc/arm-none-eabi/13.3.1/../../../../arm-none-eabi/lib/thumb/v7e-m+fp/hard\libc_nano.a(libc_a-mprec.o)
                0x0800c9d8                __copybits
 .text.__any_on
                0x0800ca1e       0x42 C:/ST/STM32CubeIDE_1.18.1/STM32CubeIDE/plugins/com.st.stm32cube.ide.mcu.externaltools.gnu-tools-for-stm32.13.3.rel1.win32_1.0.0.202411081344/tools/bin/../lib/gcc/arm-none-eabi/13.3.1/../../../../arm-none-eabi/lib/thumb/v7e-m+fp/hard\libc_nano.a(libc_a-mprec.o)
                0x0800ca1e                __any_on
 .text.__ascii_wctomb
                0x0800ca60       0x1a C:/ST/STM32CubeIDE_1.18.1/STM32CubeIDE/plugins/com.st.stm32cube.ide.mcu.externaltools.gnu-tools-for-stm32.13.3.rel1.win32_1.0.0.202411081344/tools/bin/../lib/gcc/arm-none-eabi/13.3.1/../../../../arm-none-eabi/lib/thumb/v7e-m+fp/hard\libc_nano.a(libc_a-wctomb_r.o)
                0x0800ca60                __ascii_wctomb
 .text.__ssputs_r
                0x0800ca7a       0xb6 C:/ST/STM32CubeIDE_1.18.1/STM32CubeIDE/plugins/com.st.stm32cube.ide.mcu.externaltools.gnu-tools-for-stm32.13.3.rel1.win32_1.0.0.202411081344/tools/bin/../lib/gcc/arm-none-eabi/13.3.1/../../../../arm-none-eabi/lib/thumb/v7e-m+fp/hard\libc_nano.a(libc_a-nano-svfprintf.o)
                0x0800ca7a                __ssputs_r
 .text._svfprintf_r