Archive member included to satisfy reference by file (symbol)

C:/ST/STM32CubeIDE_1.18.1/STM32CubeIDE/plugins/com.st.stm32cube.ide.mcu.externaltools.gnu-tools-for-stm32.13.3.rel1.win32_1.0.0.202411081344/tools/bin/../lib/gcc/arm-none-eabi/13.3.1/../../../../arm-none-eabi/lib/thumb/v7e-m+fp/hard\libc_nano.a(libc_a-atof.o)
                              ./Source/API/gnss_handler.o (atof)
C:/ST/STM32CubeIDE_1.18.1/STM32CubeIDE/plugins/com.st.stm32cube.ide.mcu.externaltools.gnu-tools-for-stm32.13.3.rel1.win32_1.0.0.202411081344/tools/bin/../lib/gcc/arm-none-eabi/13.3.1/../../../../arm-none-eabi/lib/thumb/v7e-m+fp/hard\libc_nano.a(libc_a-atoi.o)
                              ./Source/API/cli_handler.o (atoi)
C:/ST/STM32CubeIDE_1.18.1/STM32CubeIDE/plugins/com.st.stm32cube.ide.mcu.externaltools.gnu-tools-for-stm32.13.3.rel1.win32_1.0.0.202411081344/tools/bin/../lib/gcc/arm-none-eabi/13.3.1/../../../../arm-none-eabi/lib/thumb/v7e-m+fp/hard\libc_nano.a(libc_a-calloc.o)
                              ./Source/API/heap_api.o (calloc)
C:/ST/STM32CubeIDE_1.18.1/STM32CubeIDE/plugins/com.st.stm32cube.ide.mcu.externaltools.gnu-tools-for-stm32.13.3.rel1.win32_1.0.0.202411081344/tools/bin/../lib/gcc/arm-none-eabi/13.3.1/../../../../arm-none-eabi/lib/thumb/v7e-m+fp/hard\libc_nano.a(libc_a-callocr.o)
                              C:/ST/STM32CubeIDE_1.18.1/STM32CubeIDE/plugins/com.st.stm32cube.ide.mcu.externaltools.gnu-tools-for-stm32.13.3.rel1.win32_1.0.0.202411081344/tools/bin/../lib/gcc/arm-none-eabi/13.3.1/../../../../arm-none-eabi/lib/thumb/v7e-m+fp/hard\libc_nano.a(libc_a-calloc.o) (_calloc_r)
C:/ST/STM32CubeIDE_1.18.1/STM32CubeIDE/plugins/com.st.stm32cube.ide.mcu.externaltools.gnu-tools-for-stm32.13.3.rel1.win32_1.0.0.202411081344/tools/bin/../lib/gcc/arm-none-eabi/13.3.1/../../../../arm-none-eabi/lib/thumb/v7e-m+fp/hard\libc_nano.a(libc_a-exit.o)
                              C:/ST/STM32CubeIDE_1.18.1/STM32CubeIDE/plugins/com.st.stm32cube.ide.mcu.externaltools.gnu-tools-for-stm32.13.3.rel1.win32_1.0.0.202411081344/tools/bin/../lib/gcc/arm-none-eabi/13.3.1/../../../../arm-none-eabi/lib/thumb/v7e-m+fp/hard/crt0.o (exit)
C:/ST/STM32CubeIDE_1.18.1/STM32CubeIDE/plugins/com.st.stm32cube.ide.mcu.externaltools.gnu-tools-for-stm32.13.3.rel1.win32_1.0.0.202411081344/tools/bin/../lib/gcc/arm-none-eabi/13.3.1/../../../../arm-none-eabi/lib/thumb/v7e-m+fp/hard\libc_nano.a(libc_a-malloc.o)
                              ./Source/API/heap_api.o (malloc)
C:/ST/STM32CubeIDE_1.18.1/STM32CubeIDE/plugins/com.st.stm32cube.ide.mcu.externaltools.gnu-tools-for-stm32.13.3.rel1.win32_1.0.0.202411081344/tools/bin/../lib/gcc/arm-none-eabi/13.3.1/../../../../arm-none-eabi/lib/thumb/v7e-m+fp/hard\libc_nano.a(libc_a-mallocr.o)
                              C:/ST/STM32CubeIDE_1.18.1/STM32CubeIDE/plugins/com.st.stm32cube.ide.mcu.externaltools.gnu-tools-for-stm32.13.3.rel1.win32_1.0.0.202411081344/tools/bin/../lib/gcc/arm-none-eabi/13.3.1/../../../../arm-none-eabi/lib/thumb/v7e-m+fp/hard\libc_nano.a(libc_a-callocr.o) (_malloc_r)
C:/ST/STM32CubeIDE_1.18.1/STM32CubeIDE/plugins/com.st.stm32cube.ide.mcu.externaltools.gnu-tools-for-stm32.13.3.rel1.win32_1.0.0.202411081344/tools/bin/../lib/gcc/arm-none-eabi/13.3.1/../../../../arm-none-eabi/lib/thumb/v7e-m+fp/hard\libc_nano.a(libc_a-mlock.o)
                              C:/ST/STM32CubeIDE_1.18.1/STM32CubeIDE/plugins/com.st.stm32cube.ide.mcu.externaltools.gnu-tools-for-stm32.13.3.rel1.win32_1.0.0.202411081344/tools/bin/../lib/gcc/arm-none-eabi/13.3.1/../../../../arm-none-eabi/lib/thumb/v7e-m+fp/hard\libc_nano.a(libc_a-mallocr.o) (__malloc_lock)
C:/ST/STM32CubeIDE_1.18.1/STM32CubeIDE/plugins/com.st.stm32cube.ide.mcu.externaltools.gnu-tools-for-stm32.13.3.rel1.win32_1.0.0.202411081344/tools/bin/../lib/gcc/arm-none-eabi/13.3.1/../../../../arm-none-eabi/lib/thumb/v7e-m+fp/hard\libc_nano.a(libc_a-strtod.o)
                              C:/ST/STM32CubeIDE_1.18.1/STM32CubeIDE/plugins/com.st.stm32cube.ide.mcu.externaltools.gnu-tools-for-stm32.13.3.rel1.win32_1.0.0.202411081344/tools/bin/../lib/gcc/arm-none-eabi/13.3.1/../../../../arm-none-eabi/lib/thumb/v7e-m+fp/hard\libc_nano.a(libc_a-atof.o) (strtod)
C:/ST/STM32CubeIDE_1.18.1/STM32CubeIDE/plugins/com.st.stm32cube.ide.mcu.externaltools.gnu-tools-for-stm32.13.3.rel1.win32_1.0.0.202411081344/tools/bin/../lib/gcc/arm-none-eabi/13.3.1/../../../../arm-none-eabi/lib/thumb/v7e-m+fp/hard\libc_nano.a(libc_a-strtol.o)
                              C:/ST/STM32CubeIDE_1.18.1/STM32CubeIDE/plugins/com.st.stm32cube.ide.mcu.externaltools.gnu-tools-for-stm32.13.3.rel1.win32_1.0.0.202411081344/tools/bin/../lib/gcc/arm-none-eabi/13.3.1/../../../../arm-none-eabi/lib/thumb/v7e-m+fp/hard\libc_nano.a(libc_a-atoi.o) (_strtol_r)
C:/ST/STM32CubeIDE_1.18.1/STM32CubeIDE/plugins/com.st.stm32cube.ide.mcu.externaltools.gnu-tools-for-stm32.13.3.rel1.win32_1.0.0.202411081344/tools/bin/../lib/gcc/arm-none-eabi/13.3.1/../../../../arm-none-eabi/lib/thumb/v7e-m+fp/hard\libc_nano.a(libc_a-ctype_.o)
[...]
Memory Configuration

Name             Origin             Length             Attributes
RAM              0x20000000         0x00018000         xrw
FLASH            0x08000000         0x00080000         xr
*default*        0x00000000         0xffffffff

Linker script and memory map

LOAD C:/ST/STM32CubeIDE_1.18.1/STM32CubeIDE/plugins/com.st.stm32cube.ide.mcu.externaltools.gnu-tools-for-stm32.13.3.rel1.win32_1.0.0.202411081344/tools/bin/../lib/gcc/arm-none-eabi/13.3.1/thumb/v7e-m+fp/hard/crti.o
LOAD C:/ST/STM32CubeIDE_1.18.1/STM32CubeIDE/plugins/com.st.stm32cube.ide.mcu.externaltools.gnu-tools-for-stm32.13.3.rel1.win32_1.0.0.202411081344/tools/bin/../lib/gcc/arm-none-eabi/13.3.1/thumb/v7e-m+fp/hard/crtbegin.o
LOAD C:/ST/STM32CubeIDE_1.18.1/STM32CubeIDE/plugins/com.st.stm32cube.ide.mcu.externaltools.gnu-tools-for-stm32.13.3.rel1.win32_1.0.0.202411081344/tools/bin/../lib/gcc/arm-none-eabi/13.3.1/../../../../arm-none-eabi/lib/thumb/v7e-m+fp/hard/crt0.o
LOAD ./Source/API/accel_api.o
LOAD ./Source/API/cli_handler.o
LOAD ./Source/API/cmd_api.o
LOAD ./Source/API/gnss_api.o
LOAD ./Source/API/gnss_handler.o
LOAD ./Source/API/heap_api.o
LOAD ./Source/API/modem_api.o
LOAD ./Source/API/modem_cmd_handler.o
LOAD ./Source/API/tcp_api.o
LOAD ./Source/API/uart_api.o
LOAD ./Source/APP/cli_app.o
LOAD ./Source/APP/data_sending_app.o
LOAD ./Source/APP/main.o
LOAD ./Source/APP/network_app.o
LOAD ./Source/Driver/gpio_driver.o
LOAD ./Source/Driver/i2c_driver.o
LOAD ./Source/Driver/uart_driver.o
LOAD ./Source/ThirdParty/Core/Src/freertos.o
LOAD ./Source/ThirdParty/Core/Src/stm32f4xx_hal_msp.o
LOAD ./Source/ThirdParty/Core/Src/stm32f4xx_hal_timebase_tim.o
LOAD ./Source/ThirdParty/Core/Src/stm32f4xx_it.o
LOAD ./Source/ThirdParty/Core/Src/syscalls.o
LOAD ./Source/ThirdParty/Core/Src/sysmem.o
LOAD ./Source/ThirdParty/Core/Src/system_stm32f4xx.o
LOAD ./Source/ThirdParty/Core/Startup/startup_stm32f401retx.o
LOAD ./Source/ThirdParty/Drivers/STM32F4xx_HAL_Driver/Src/stm32f4xx_hal.o
LOAD ./Source/ThirdParty/Drivers/STM32F4xx_HAL_Driver/Src/stm32f4xx_hal_cortex.o
LOAD ./Source/ThirdParty/Drivers/STM32F4xx_HAL_Driver/Src/stm32f4xx_hal_dma.o
LOAD ./Source/ThirdParty/Drivers/STM32F4xx_HAL_Driver/Src/stm32f4xx_hal_dma_ex.o
LOAD ./Source/ThirdParty/Drivers/STM32F4xx_HAL_Driver/Src/stm32f4xx_hal_exti.o
LOAD ./Source/ThirdParty/Drivers/STM32F4xx_HAL_Driver/Src/stm32f4xx_hal_flash.o
LOAD ./Source/ThirdParty/Drivers/STM32F4xx_HAL_Driver/Src/stm32f4xx_hal_flash_ex.o
LOAD ./Source/ThirdParty/Drivers/STM32F4xx_HAL_Driver/Src/stm32f4xx_hal_flash_ramfunc.o
LOAD ./Source/ThirdParty/Drivers/STM32F4xx_HAL_Driver/Src/stm32f4xx_hal_gpio.o
LOAD ./Source/ThirdParty/Drivers/STM32F4xx_HAL_Driver/Src/stm32f4xx_hal_pwr.o
LOAD ./Source/ThirdParty/Drivers/STM32F4xx_HAL_Driver/Src/stm32f4xx_hal_pwr_ex.o
LOAD ./Source/ThirdParty/Drivers/STM32F4xx_HAL_Driver/Src/stm32f4xx_hal_rcc.o
LOAD ./Source/ThirdParty/Drivers/STM32F4xx_HAL_Driver/Src/stm32f4xx_hal_rcc_ex.o
LOAD ./Source/ThirdParty/Drivers/STM32F4xx_HAL_Driver/Src/stm32f4xx_hal_tim.o
LOAD ./Source/ThirdParty/Drivers/STM32F4xx_HAL_Driver/Src/stm32f4xx_hal_tim_ex.o
LOAD ./Source/ThirdParty/Drivers/STM32F4xx_HAL_Driver/Src/stm32f4xx_ll_dma.o
LOAD ./Source/ThirdParty/Drivers/STM32F4xx_HAL_Driver/Src/stm32f4xx_ll_exti.o
LOAD ./Source/ThirdParty/Drivers/STM32F4xx_HAL_Driver/Src/stm32f4xx_ll_gpio.o
LOAD ./Source/ThirdParty/Drivers/STM32F4xx_HAL_Driver/Src/stm32f4xx_ll_i2c.o
LOAD ./Source/ThirdParty/Drivers/STM32F4xx_HAL_Driver/Src/stm32f4xx_ll_rcc.o
LOAD ./Source/ThirdParty/Drivers/STM32F4xx_HAL_Driver/Src/stm32f4xx_ll_usart.o
LOAD ./Source/ThirdParty/Drivers/STM32F4xx_HAL_Driver/Src/stm32f4xx_ll_utils.o
LOAD ./Source/ThirdParty/Middlewares/Third_Party/FreeRTOS/Source/CMSIS_RTOS_V2/cmsis_os2.o
LOAD ./Source/ThirdParty/Middlewares/Third_Party/FreeRTOS/Source/croutine.o
LOAD ./Source/ThirdParty/Middlewares/Third_Party/FreeRTOS/Source/event_groups.o
LOAD ./Source/ThirdParty/Middlewares/Third_Party/FreeRTOS/Source/list.o
LOAD ./Source/ThirdParty/Middlewares/Third_Party/FreeRTOS/Source/queue.o
LOAD ./Source/ThirdParty/Middlewares/Third_Party/FreeRTOS/Source/stream_buffer.o
LOAD ./Source/ThirdParty/Middlewares/Third_Party/FreeRTOS/Source/tasks.o
LOAD ./Source/ThirdParty/Middlewares/Third_Party/FreeRTOS/Source/timers.o
LOAD ./Source/ThirdParty/Middlewares/Third_Party/FreeRTOS/Source/portable/GCC/ARM_CM4F/port.o
LOAD ./Source/ThirdParty/Middlewares/Third_Party/FreeRTOS/Source/portable/MemMang/heap_4.o
LOAD ./Source/Utility/ring_buffer.o
START GROUP
LOAD C:/ST/STM32CubeIDE_1.18.1/STM32CubeIDE/plugins/com.st.stm32cube.ide.mcu.externaltools.gnu-tools-for-stm32.13.3.rel1.win32_1.0.0.202411081344/tools/bin/../lib/gcc/arm-none-eabi/13.3.1/../../../../arm-none-eabi/lib/thumb/v7e-m+fp/hard\libc_nano.a
LOAD C:/ST/STM32CubeIDE_1.18.1/STM32CubeIDE/plugins/com.st.stm32cube.ide.mcu.externaltools.gnu-tools-for-stm32.13.3.rel1.win32_1.0.0.202411081344/tools/bin/../lib/gcc/arm-none-eabi/13.3.1/../../../../arm-none-eabi/lib/thumb/v7e-m+fp/hard\libm.a
END GROUP
START GROUP
LOAD C:/ST/STM32CubeIDE_1.18.1/STM32CubeIDE/plugins/com.st.stm32cube.ide.mcu.externaltools.gnu-tools-for-stm32.13.3.rel1.win32_1.0.0.202411081344/tools/bin/../lib/gcc/arm-none-eabi/13.3.1/thumb/v7e-m+fp/hard\libgcc.a
LOAD C:/ST/STM32CubeIDE_1.18.1/STM32CubeIDE/plugins/com.st.stm32cube.ide.mcu.externaltools.gnu-tools-for-stm32.13.3.rel1.win32_1.0.0.202411081344/tools/bin/../lib/gcc/arm-none-eabi/13.3.1/../../../../arm-none-eabi/lib/thumb/v7e-m+fp/hard\libc_nano.a
END GROUP
START GROUP
LOAD C:/ST/STM32CubeIDE_1.18.1/STM32CubeIDE/plugins/com.st.stm32cube.ide.mcu.externaltools.gnu-tools-for-stm32.13.3.rel1.win32_1.0.0.202411081344/tools/bin/../lib/gcc/arm-none-eabi/13.3.1/thumb/v7e-m+fp/hard\libgcc.a
LOAD C:/ST/STM32CubeIDE_1.18.1/STM32CubeIDE/plugins/com.st.stm32cube.ide.mcu.externaltools.gnu-tools-for-stm32.13.3.rel1.win32_1.0.0.202411081344/tools/bin/../lib/gcc/arm-none-eabi/13.3.1/../../../../arm-none-eabi/lib/thumb/v7e-m+fp/hard\libc_nano.a
LOAD C:/ST/STM32CubeIDE_1.18.1/STM32CubeIDE/plugins/com.st.stm32cube.ide.mcu.externaltools.gnu-tools-for-stm32.13.3.rel1.win32_1.0.0.202411081344/tools/bin/../lib/gcc/arm-none-eabi/13.3.1/../../../../arm-none-eabi/lib/thumb/v7e-m+fp/hard\libnosys.a
END GROUP
START GROUP
LOAD C:/ST/STM32CubeIDE_1.18.1/STM32CubeIDE/plugins/com.st.stm32cube.ide.mcu.externaltools.gnu-tools-for-stm32.13.3.rel1.win32_1.0.0.202411081344/tools/bin/../lib/gcc/arm-none-eabi/13.3.1/thumb/v7e-m+fp/hard\libgcc.a
LOAD C:/ST/STM32CubeIDE_1.18.1/STM32CubeIDE/plugins/com.st.stm32cube.ide.mcu.externaltools.gnu-tools-for-stm32.13.3.rel1.win32_1.0.0.202411081344/tools/bin/../lib/gcc/arm-none-eabi/13.3.1/../../../../arm-none-eabi/lib/thumb/v7e-m+fp/hard\libc_nano.a
LOAD C:/ST/STM32CubeIDE_1.18.1/STM32CubeIDE/plugins/com.st.stm32cube.ide.mcu.externaltools.gnu-tools-for-stm32.13.3.rel1.win32_1.0.0.202411081344/tools/bin/../lib/gcc/arm-none-eabi/13.3.1/../../../../arm-none-eabi/lib/thumb/v7e-m+fp/hard\libnosys.a
END GROUP
LOAD C:/ST/STM32CubeIDE_1.18.1/STM32CubeIDE/plugins/com.st.stm32cube.ide.mcu.externaltools.gnu-tools-for-stm32.13.3.rel1.win32_1.0.0.202411081344/tools/bin/../lib/gcc/arm-none-eabi/13.3.1/thumb/v7e-m+fp/hard/crtend.o
LOAD C:/ST/STM32CubeIDE_1.18.1/STM32CubeIDE/plugins/com.st.stm32cube.ide.mcu.externaltools.gnu-tools-for-stm32.13.3.rel1.win32_1.0.0.202411081344/tools/bin/../lib/gcc/arm-none-eabi/13.3.1/thumb/v7e-m+fp/hard/crtn.o
                0x20018000                        _estack = (ORIGIN (RAM) + LENGTH (RAM))
                0x00000200                        _Min_Heap_Size = 0x200
                0x00000400                        _Min_Stack_Size = 0x400

.isr_vector     0x08000000      0x194
                0x08000000                        . = ALIGN (0x4)
 *(.isr_vector)
 .isr_vector    0x08000000      0x194 ./Source/ThirdParty/Core/Startup/startup_stm32f401retx.o
                0x08000000                g_pfnVectors
                0x08000194                        . = ALIGN (0x4)

.text           0x080001a0     0x7b60
                0x080001a0                        . = ALIGN (0x4)
 *(.text)
 .text          0x080001a0       0x40 C:/ST/STM32CubeIDE_1.18.1/STM32CubeIDE/plugins/com.st.stm32cube.ide.mcu.externaltools.gnu-tools-for-stm32.13.3.rel1.win32_1.0.0.202411081344/tools/bin/../lib/gcc/arm-none-eabi/13.3.1/thumb/v7e-m+fp/hard/crtbegin.o
 .text          0x080001e0       0xa0 C:/ST/STM32CubeIDE_1.18.1/STM32CubeIDE/plugins/com.st.stm32cube.ide.mcu.externaltools.gnu-tools-for-stm32.13.3.rel1.win32_1.0.0.202411081344/tools/bin/../lib/gcc/arm-none-eabi/13.3.1/../../../../arm-none-eabi/lib/thumb/v7e-m+fp/hard\libc_nano.a(libc_a-memchr.o)
                0x080001e0                memchr
 .text          0x08000280       0x30 C:/ST/STM32CubeIDE_1.18.1/STM32CubeIDE/plugins/com.st.stm32cube.ide.mcu.externaltools.gnu-tools-for-stm32.13.3.rel1.win32_1.0.0.202411081344/tools/bin/../lib/gcc/arm-none-eabi/13.3.1/thumb/v7e-m+fp/hard\libgcc.a(_aeabi_uldivmod.o)
                0x08000280                __aeabi_uldivmod
 .text          0x080002b0      0x2f8 C:/ST/STM32CubeIDE_1.18.1/STM32CubeIDE/plugins/com.st.stm32cube.ide.mcu.externaltools.gnu-tools-for-stm32.13.3.rel1.win32_1.0.0.202411081344/tools/bin/../lib/gcc/arm-none-eabi/13.3.1/thumb/v7e-m+fp/hard\libgcc.a(_udivmoddi4.o)
                0x080002b0                __udivmoddi4
 .text          0x080005a8        0x4 C:/ST/STM32CubeIDE_1.18.1/STM32CubeIDE/plugins/com.st.stm32cube.ide.mcu.externaltools.gnu-tools-for-stm32.13.3.rel1.win32_1.0.0.202411081344/tools/bin/../lib/gcc/arm-none-eabi/13.3.1/thumb/v7e-m+fp/hard\libgcc.a(_dvmd_tls.o)
                0x080005a8                __aeabi_idiv0
                0x080005a8                __aeabi_ldiv0
 *(.text*)
 .text.CLI_HandleResponse
                0x080005ac       0x9c ./Source/API/cli_handler.o
 .text.CLI_StartTCPHandler
                0x08000648      0x188 ./Source/API/cli_handler.o
                0x08000648                CLI_StartTCPHandler
 .text.CLI_StopTCPHandler
                0x080007d0       0x64 ./Source/API/cli_handler.o
                0x080007d0                CLI_StopTCPHandler
 .text.CMD_API_FindSeperator
                0x08000834       0x40 ./Source/API/cmd_api.o
                0x08000834                CMD_API_FindSeperator
 .text.CMD_API_Process
                0x08000874      0x128 ./Source/API/cmd_api.o
                0x08000874                CMD_API_Process
 .text.CMD_API_CheckParams
                0x0800099c       0x34 ./Source/API/cmd_api.o
                0x0800099c                CMD_API_CheckParams
 .text.HEAP_API_Init
                0x080009d0       0x38 ./Source/API/heap_api.o
                0x080009d0                HEAP_API_Init
 .text.HEAP_API_Alloc
                0x08000a08       0x88 ./Source/API/heap_api.o
                0x08000a08                HEAP_API_Alloc
 .text.HEAP_API_Free
                0x08000a90       0x54 ./Source/API/heap_api.o
                0x08000a90                HEAP_API_Free
 .text.UART_API_Task
                0x08000ae4      0x3bc ./Source/API/uart_api.o
 .text.UART_API_IsDelimiterReceived
                0x08000ea0       0x66 ./Source/API/uart_api.o
 *fill*         0x08000f06        0x2 
 .text.UART_API_Init
                0x08000f08      0x184 ./Source/API/uart_api.o
                0x08000f08                UART_API_Init
 .text.UART_API_Receive
                0x0800108c       0x58 ./Source/API/uart_api.o
                0x0800108c                UART_API_Receive
 .text.CLI_APP_Init
                0x080010e4       0x3c ./Source/APP/cli_app.o
                0x080010e4                CLI_APP_Init
 .text.CLI_APP_Task
                0x08001120       0x40 ./Source/APP/cli_app.o
 .text.DataSending_APP_AddTask
                0x08001160       0x50 ./Source/APP/data_sending_app.o
                0x08001160                DataSending_APP_AddTask
 .text.main     0x080011b0       0x78 ./Source/APP/main.o
                0x080011b0                main
 .text.SystemClock_Config
                0x08001228       0xd8 ./Source/APP/main.o
                0x08001228                SystemClock_Config
 .text.HAL_TIM_PeriodElapsedCallback
                0x08001300       0x24 ./Source/APP/main.o
                0x08001300                HAL_TIM_PeriodElapsedCallback
 .text.Error_Handler
                0x08001324        0xc ./Source/APP/main.o
                0x08001324                Error_Handler
 .text.LL_GPIO_ResetOutputPin
                0x08001330       0x1e ./Source/Driver/gpio_driver.o
 *fill*         0x0800134e        0x2 
 .text.LL_AHB1_GRP1_EnableClock
                0x08001350       0x30 ./Source/Driver/gpio_driver.o
 .text.GPIO_Driver_Init
                0x08001380       0xdc ./Source/Driver/gpio_driver.o
                0x08001380                GPIO_Driver_Init
 .text.__NVIC_GetPriorityGrouping
                0x0800145c       0x1c ./Source/Driver/uart_driver.o
 .text.__NVIC_EnableIRQ
                0x08001478       0x3c ./Source/Driver/uart_driver.o
 .text.__NVIC_SetPriority
                0x080014b4       0x54 ./Source/Driver/uart_driver.o
 .text.NVIC_EncodePriority
                0x08001508       0x66 ./Source/Driver/uart_driver.o
 .text.LL_USART_Enable
                0x0800156e       0x20 ./Source/Driver/uart_driver.o
 .text.LL_USART_IsEnabled
                0x0800158e       0x28 ./Source/Driver/uart_driver.o
 .text.LL_USART_ConfigAsyncMode
                0x080015b6       0x2c ./Source/Driver/uart_driver.o
 .text.LL_USART_IsActiveFlag_RXNE
                0x080015e2       0x26 ./Source/Driver/uart_driver.o
 .text.LL_USART_EnableIT_RXNE
                0x08001608       0x46 ./Source/Driver/uart_driver.o
 .text.LL_USART_IsEnabledIT_RXNE
                0x0800164e       0x26 ./Source/Driver/uart_driver.o
 .text.LL_USART_ReceiveData8
                0x08001674       0x1a ./Source/Driver/uart_driver.o
 .text.LL_USART_TransmitData8
                0x0800168e       0x1e ./Source/Driver/uart_driver.o
 .text.LL_APB1_GRP1_EnableClock
                0x080016ac       0x30 ./Source/Driver/uart_driver.o
 .text.LL_APB2_GRP1_EnableClock
                0x080016dc       0x30 ./Source/Driver/uart_driver.o
 .text.UART_Driver_IRQReceive
                0x0800170c       0xac ./Source/Driver/uart_driver.o
 .text.USART1_IRQHandler
                0x080017b8        0xe ./Source/Driver/uart_driver.o
                0x080017b8                USART1_IRQHandler
 .text.USART2_IRQHandler
                0x080017c6        0xe ./Source/Driver/uart_driver.o
                0x080017c6                USART2_IRQHandler
 .text.USART6_IRQHandler
                0x080017d4        0xe ./Source/Driver/uart_driver.o
                0x080017d4                USART6_IRQHandler
 *fill*         0x080017e2        0x2 
 .text.UART_Driver_Init
                0x080017e4      0x21c ./Source/Driver/uart_driver.o
                0x080017e4                UART_Driver_Init
 .text.UART_Driver_Read
                0x08001a00       0x48 ./Source/Driver/uart_driver.o
                0x08001a00                UART_Driver_Read
 .text.HAL_MspInit
                0x08001a48       0x58 ./Source/ThirdParty/Core/Src/stm32f4xx_hal_msp.o
                0x08001a48                HAL_MspInit
 .text.HAL_InitTick
                0x08001aa0       0xf8 ./Source/ThirdParty/Core/Src/stm32f4xx_hal_timebase_tim.o
                0x08001aa0                HAL_InitTick
 .text.NMI_Handler
                0x08001b98        0x8 ./Source/ThirdParty/Core/Src/stm32f4xx_it.o
                0x08001b98                NMI_Handler
 .text.HardFault_Handler
                0x08001ba0        0x8 ./Source/ThirdParty/Core/Src/stm32f4xx_it.o
                0x08001ba0                HardFault_Handler
 .text.MemManage_Handler
                0x08001ba8        0x8 ./Source/ThirdParty/Core/Src/stm32f4xx_it.o
                0x08001ba8                MemManage_Handler
 .text.BusFault_Handler
                0x08001bb0        0x8 ./Source/ThirdParty/Core/Src/stm32f4xx_it.o
                0x08001bb0                BusFault_Handler
 .text.UsageFault_Handler
                0x08001bb8        0x8 ./Source/ThirdParty/Core/Src/stm32f4xx_it.o
                0x08001bb8                UsageFault_Handler
 .text.DebugMon_Handler
                0x08001bc0        0xe ./Source/ThirdParty/Core/Src/stm32f4xx_it.o
                0x08001bc0                DebugMon_Handler
 *fill*         0x08001bce        0x2 
 .text.TIM3_IRQHandler
                0x08001bd0       0x14 ./Source/ThirdParty/Core/Src/stm32f4xx_it.o
                0x08001bd0                TIM3_IRQHandler
 .text._sbrk    0x08001be4       0x6c ./Source/ThirdParty/Core/Src/sysmem.o
                0x08001be4                _sbrk
 .text.SystemInit
                0x08001c50       0x24 ./Source/ThirdParty/Core/Src/system_stm32f4xx.o
                0x08001c50                SystemInit
 .text.Reset_Handler
                0x08001c74       0x50 ./Source/ThirdParty/Core/Startup/startup_stm32f401retx.o
                0x08001c74                Reset_Handler
 .text.Default_Handler
                0x08001cc4        0x2 ./Source/ThirdParty/Core/Startup/startup_stm32f401retx.o
                0x08001cc4                RTC_Alarm_IRQHandler
                0x08001cc4                EXTI2_IRQHandler
                0x08001cc4                SPI4_IRQHandler
                0x08001cc4                TIM1_CC_IRQHandler
                0x08001cc4                DMA2_Stream5_IRQHandler
                0x08001cc4                DMA1_Stream5_IRQHandler
                0x08001cc4                PVD_IRQHandler
                0x08001cc4                SDIO_IRQHandler
                0x08001cc4                TAMP_STAMP_IRQHandler
                0x08001cc4                EXTI3_IRQHandler
                0x08001cc4                TIM1_UP_TIM10_IRQHandler
                0x08001cc4                I2C3_ER_IRQHandler
                0x08001cc4                EXTI0_IRQHandler
                0x08001cc4                I2C2_EV_IRQHandler
                0x08001cc4                DMA1_Stream2_IRQHandler
                0x08001cc4                FPU_IRQHandler
                0x08001cc4                DMA2_Stream2_IRQHandler
                0x08001cc4                SPI1_IRQHandler
                0x08001cc4                TIM1_BRK_TIM9_IRQHandler
                0x08001cc4                DMA2_Stream3_IRQHandler
                0x08001cc4                DMA2_Stream0_IRQHandler
                0x08001cc4                TIM4_IRQHandler
                0x08001cc4                I2C1_EV_IRQHandler
                0x08001cc4                DMA1_Stream6_IRQHandler
                0x08001cc4                DMA1_Stream1_IRQHandler
                0x08001cc4                RCC_IRQHandler
                0x08001cc4                Default_Handler
                0x08001cc4                EXTI15_10_IRQHandler
                0x08001cc4                ADC_IRQHandler
                0x08001cc4                DMA1_Stream7_IRQHandler
                0x08001cc4                TIM5_IRQHandler
                0x08001cc4                DMA2_Stream7_IRQHandler
                0x08001cc4                I2C3_EV_IRQHandler
                0x08001cc4                EXTI9_5_IRQHandler
                0x08001cc4                RTC_WKUP_IRQHandler
                0x08001cc4                SPI2_IRQHandler
                0x08001cc4                DMA1_Stream0_IRQHandler
                0x08001cc4                EXTI4_IRQHandler
                0x08001cc4                WWDG_IRQHandler
                0x08001cc4                TIM2_IRQHandler
                0x08001cc4                OTG_FS_WKUP_IRQHandler
                0x08001cc4                TIM1_TRG_COM_TIM11_IRQHandler
                0x08001cc4                EXTI1_IRQHandler
                0x08001cc4                I2C2_ER_IRQHandler
                0x08001cc4                DMA2_Stream1_IRQHandler
                0x08001cc4                FLASH_IRQHandler
                0x08001cc4                DMA2_Stream4_IRQHandler
                0x08001cc4                OTG_FS_IRQHandler
                0x08001cc4                SPI3_IRQHandler
                0x08001cc4                DMA1_Stream4_IRQHandler
                0x08001cc4                I2C1_ER_IRQHandler
                0x08001cc4                DMA2_Stream6_IRQHandler
                0x08001cc4                DMA1_Stream3_IRQHandler
 *fill*         0x08001cc6        0x2 
 .text.HAL_Init
                0x08001cc8       0x44 ./Source/ThirdParty/Drivers/STM32F4xx_HAL_Driver/Src/stm32f4xx_hal.o
                0x08001cc8                HAL_Init
 .text.HAL_IncTick
                0x08001d0c       0x28 ./Source/ThirdParty/Drivers/STM32F4xx_HAL_Driver/Src/stm32f4xx_hal.o
                0x08001d0c                HAL_IncTick
 .text.HAL_GetTick
                0x08001d34       0x18 ./Source/ThirdParty/Drivers/STM32F4xx_HAL_Driver/Src/stm32f4xx_hal.o
                0x08001d34                HAL_GetTick
 .text.__NVIC_SetPriorityGrouping
                0x08001d4c       0x48 ./Source/ThirdParty/Drivers/STM32F4xx_HAL_Driver/Src/stm32f4xx_hal_cortex.o
 .text.__NVIC_GetPriorityGrouping
                0x08001d94       0x1c ./Source/ThirdParty/Drivers/STM32F4xx_HAL_Driver/Src/stm32f4xx_hal_cortex.o
 .text.__NVIC_EnableIRQ
                0x08001db0       0x3c ./Source/ThirdParty/Drivers/STM32F4xx_HAL_Driver/Src/stm32f4xx_hal_cortex.o
 .text.__NVIC_SetPriority
                0x08001dec       0x54 ./Source/ThirdParty/Drivers/STM32F4xx_HAL_Driver/Src/stm32f4xx_hal_cortex.o
 .text.NVIC_EncodePriority
                0x08001e40       0x66 ./Source/ThirdParty/Drivers/STM32F4xx_HAL_Driver/Src/stm32f4xx_hal_cortex.o
 .text.HAL_NVIC_SetPriorityGrouping
                0x08001ea6       0x16 ./Source/ThirdParty/Drivers/STM32F4xx_HAL_Driver/Src/stm32f4xx_hal_cortex.o
                0x08001ea6                HAL_NVIC_SetPriorityGrouping
 .text.HAL_NVIC_SetPriority
                0x08001ebc       0x38 ./Source/ThirdParty/Drivers/STM32F4xx_HAL_Driver/Src/stm32f4xx_hal_cortex.o
                0x08001ebc                HAL_NVIC_SetPriority
 .text.HAL_NVIC_EnableIRQ
                0x08001ef4       0x1c ./Source/ThirdParty/Drivers/STM32F4xx_HAL_Driver/Src/stm32f4xx_hal_cortex.o
                0x08001ef4                HAL_NVIC_EnableIRQ
 .text.HAL_RCC_OscConfig
                0x08001f10      0x4f0 ./Source/ThirdParty/Drivers/STM32F4xx_HAL_Driver/Src/stm32f4xx_hal_rcc.o
                0x08001f10                HAL_RCC_OscConfig
 .text.HAL_RCC_ClockConfig
                0x08002400      0x1cc ./Source/ThirdParty/Drivers/STM32F4xx_HAL_Driver/Src/stm32f4xx_hal_rcc.o
                0x08002400                HAL_RCC_ClockConfig
 .text.HAL_RCC_GetSysClockFreq
                0x080025cc      0x20c ./Source/ThirdParty/Drivers/STM32F4xx_HAL_Driver/Src/stm32f4xx_hal_rcc.o
                0x080025cc                HAL_RCC_GetSysClockFreq
 .text.HAL_RCC_GetHCLKFreq
                0x080027d8       0x18 ./Source/ThirdParty/Drivers/STM32F4xx_HAL_Driver/Src/stm32f4xx_hal_rcc.o
                0x080027d8                HAL_RCC_GetHCLKFreq
 .text.HAL_RCC_GetPCLK1Freq
                0x080027f0       0x28 ./Source/ThirdParty/Drivers/STM32F4xx_HAL_Driver/Src/stm32f4xx_hal_rcc.o
                0x080027f0                HAL_RCC_GetPCLK1Freq
 .text.HAL_RCC_GetClockConfig
                0x08002818       0x64 ./Source/ThirdParty/Drivers/STM32F4xx_HAL_Driver/Src/stm32f4xx_hal_rcc.o
                0x08002818                HAL_RCC_GetClockConfig
 .text.HAL_TIM_Base_Init
                0x0800287c       0x9e ./Source/ThirdParty/Drivers/STM32F4xx_HAL_Driver/Src/stm32f4xx_hal_tim.o
                0x0800287c                HAL_TIM_Base_Init
 .text.HAL_TIM_Base_MspInit
                0x0800291a       0x14 ./Source/ThirdParty/Drivers/STM32F4xx_HAL_Driver/Src/stm32f4xx_hal_tim.o
                0x0800291a                HAL_TIM_Base_MspInit
 *fill*         0x0800292e        0x2 
 .text.HAL_TIM_Base_Start_IT
                0x08002930       0xc4 ./Source/ThirdParty/Drivers/STM32F4xx_HAL_Driver/Src/stm32f4xx_hal_tim.o
                0x08002930                HAL_TIM_Base_Start_IT
 .text.HAL_TIM_IRQHandler
                0x080029f4      0x1e0 ./Source/ThirdParty/Drivers/STM32F4xx_HAL_Driver/Src/stm32f4xx_hal_tim.o
                0x080029f4                HAL_TIM_IRQHandler
 .text.HAL_TIM_OC_DelayElapsedCallback
                0x08002bd4       0x14 ./Source/ThirdParty/Drivers/STM32F4xx_HAL_Driver/Src/stm32f4xx_hal_tim.o
                0x08002bd4                HAL_TIM_OC_DelayElapsedCallback
 .text.HAL_TIM_IC_CaptureCallback
                0x08002be8       0x14 ./Source/ThirdParty/Drivers/STM32F4xx_HAL_Driver/Src/stm32f4xx_hal_tim.o
                0x08002be8                HAL_TIM_IC_CaptureCallback
 .text.HAL_TIM_PWM_PulseFinishedCallback
                0x08002bfc       0x14 ./Source/ThirdParty/Drivers/STM32F4xx_HAL_Driver/Src/stm32f4xx_hal_tim.o
                0x08002bfc                HAL_TIM_PWM_PulseFinishedCallback
 .text.HAL_TIM_TriggerCallback
                0x08002c10       0x14 ./Source/ThirdParty/Drivers/STM32F4xx_HAL_Driver/Src/stm32f4xx_hal_tim.o
                0x08002c10                HAL_TIM_TriggerCallback
 .text.TIM_Base_SetConfig
                0x08002c24      0x10c ./Source/ThirdParty/Drivers/STM32F4xx_HAL_Driver/Src/stm32f4xx_hal_tim.o
                0x08002c24                TIM_Base_SetConfig
 .text.HAL_TIMEx_CommutCallback
                0x08002d30       0x14 ./Source/ThirdParty/Drivers/STM32F4xx_HAL_Driver/Src/stm32f4xx_hal_tim_ex.o
                0x08002d30                HAL_TIMEx_CommutCallback
 .text.HAL_TIMEx_BreakCallback
                0x08002d44       0x14 ./Source/ThirdParty/Drivers/STM32F4xx_HAL_Driver/Src/stm32f4xx_hal_tim_ex.o
                0x08002d44                HAL_TIMEx_BreakCallback
 .text.LL_GPIO_SetPinMode
                0x08002d58       0x7a ./Source/ThirdParty/Drivers/STM32F4xx_HAL_Driver/Src/stm32f4xx_ll_gpio.o
 .text.LL_GPIO_SetPinOutputType
                0x08002dd2       0x30 ./Source/ThirdParty/Drivers/STM32F4xx_HAL_Driver/Src/stm32f4xx_ll_gpio.o
 .text.LL_GPIO_SetPinSpeed
                0x08002e02       0x7a ./Source/ThirdParty/Drivers/STM32F4xx_HAL_Driver/Src/stm32f4xx_ll_gpio.o
 .text.LL_GPIO_SetPinPull
                0x08002e7c       0x7a ./Source/ThirdParty/Drivers/STM32F4xx_HAL_Driver/Src/stm32f4xx_ll_gpio.o
 .text.LL_GPIO_SetAFPin_0_7
                0x08002ef6       0x7a ./Source/ThirdParty/Drivers/STM32F4xx_HAL_Driver/Src/stm32f4xx_ll_gpio.o
 .text.LL_GPIO_SetAFPin_8_15
                0x08002f70       0x7e ./Source/ThirdParty/Drivers/STM32F4xx_HAL_Driver/Src/stm32f4xx_ll_gpio.o
 .text.LL_GPIO_Init
                0x08002fee      0x102 ./Source/ThirdParty/Drivers/STM32F4xx_HAL_Driver/Src/stm32f4xx_ll_gpio.o
                0x08002fee                LL_GPIO_Init
 .text.LL_RCC_GetSysClkSource
                0x080030f0       0x1c ./Source/ThirdParty/Drivers/STM32F4xx_HAL_Driver/Src/stm32f4xx_ll_rcc.o
 .text.LL_RCC_GetAHBPrescaler
                0x0800310c       0x1c ./Source/ThirdParty/Drivers/STM32F4xx_HAL_Driver/Src/stm32f4xx_ll_rcc.o
 .text.LL_RCC_GetAPB1Prescaler
                0x08003128       0x1c ./Source/ThirdParty/Drivers/STM32F4xx_HAL_Driver/Src/stm32f4xx_ll_rcc.o
 .text.LL_RCC_GetAPB2Prescaler
                0x08003144       0x1c ./Source/ThirdParty/Drivers/STM32F4xx_HAL_Driver/Src/stm32f4xx_ll_rcc.o
 .text.LL_RCC_PLL_GetMainSource
                0x08003160       0x1c ./Source/ThirdParty/Drivers/STM32F4xx_HAL_Driver/Src/stm32f4xx_ll_rcc.o
 .text.LL_RCC_PLL_GetN
                0x0800317c       0x1c ./Source/ThirdParty/Drivers/STM32F4xx_HAL_Driver/Src/stm32f4xx_ll_rcc.o
 .text.LL_RCC_PLL_GetP
                0x08003198       0x1c ./Source/ThirdParty/Drivers/STM32F4xx_HAL_Driver/Src/stm32f4xx_ll_rcc.o
 .text.LL_RCC_PLL_GetDivider
                0x080031b4       0x1c ./Source/ThirdParty/Drivers/STM32F4xx_HAL_Driver/Src/stm32f4xx_ll_rcc.o
 .text.LL_RCC_GetSystemClocksFreq
                0x080031d0       0x4a ./Source/ThirdParty/Drivers/STM32F4xx_HAL_Driver/Src/stm32f4xx_ll_rcc.o
                0x080031d0                LL_RCC_GetSystemClocksFreq
 *fill*         0x0800321a        0x2 
 .text.RCC_GetSystemClockFreq
                0x0800321c       0x50 ./Source/ThirdParty/Drivers/STM32F4xx_HAL_Driver/Src/stm32f4xx_ll_rcc.o
                0x0800321c                RCC_GetSystemClockFreq
 .text.RCC_GetHCLKClockFreq
                0x0800326c       0x2c ./Source/ThirdParty/Drivers/STM32F4xx_HAL_Driver/Src/stm32f4xx_ll_rcc.o
                0x0800326c                RCC_GetHCLKClockFreq
 .text.RCC_GetPCLK1ClockFreq
                0x08003298       0x28 ./Source/ThirdParty/Drivers/STM32F4xx_HAL_Driver/Src/stm32f4xx_ll_rcc.o
                0x08003298                RCC_GetPCLK1ClockFreq
 .text.RCC_GetPCLK2ClockFreq
                0x080032c0       0x28 ./Source/ThirdParty/Drivers/STM32F4xx_HAL_Driver/Src/stm32f4xx_ll_rcc.o
                0x080032c0                RCC_GetPCLK2ClockFreq
 .text.RCC_PLL_GetFreqDomain_SYS
                0x080032e8       0x7c ./Source/ThirdParty/Drivers/STM32F4xx_HAL_Driver/Src/stm32f4xx_ll_rcc.o
                0x080032e8                RCC_PLL_GetFreqDomain_SYS
 .text.LL_USART_IsEnabled
                0x08003364       0x28 ./Source/ThirdParty/Drivers/STM32F4xx_HAL_Driver/Src/stm32f4xx_ll_usart.o
 .text.LL_USART_SetStopBitsLength
                0x0800338c       0x26 ./Source/ThirdParty/Drivers/STM32F4xx_HAL_Driver/Src/stm32f4xx_ll_usart.o
 .text.LL_USART_SetHWFlowCtrl
                0x080033b2       0x26 ./Source/ThirdParty/Drivers/STM32F4xx_HAL_Driver/Src/stm32f4xx_ll_usart.o
 .text.LL_USART_SetBaudRate
                0x080033d8      0x45c ./Source/ThirdParty/Drivers/STM32F4xx_HAL_Driver/Src/stm32f4xx_ll_usart.o
 .text.LL_USART_Init
                0x08003834       0xc8 ./Source/ThirdParty/Drivers/STM32F4xx_HAL_Driver/Src/stm32f4xx_ll_usart.o
                0x08003834                LL_USART_Init
 .text.__NVIC_SetPriority
                0x080038fc       0x54 ./Source/ThirdParty/Middlewares/Third_Party/FreeRTOS/Source/CMSIS_RTOS_V2/cmsis_os2.o
 .text.SysTick_Handler
                0x08003950       0x20 ./Source/ThirdParty/Middlewares/Third_Party/FreeRTOS/Source/CMSIS_RTOS_V2/cmsis_os2.o
                0x08003950                SysTick_Handler
 .text.SVC_Setup
                0x08003970       0x12 ./Source/ThirdParty/Middlewares/Third_Party/FreeRTOS/Source/CMSIS_RTOS_V2/cmsis_os2.o
 *fill*         0x08003982        0x2 
 .text.osKernelInitialize
                0x08003984       0x48 ./Source/ThirdParty/Middlewares/Third_Party/FreeRTOS/Source/CMSIS_RTOS_V2/cmsis_os2.o
                0x08003984                osKernelInitialize
 .text.osKernelStart
                0x080039cc       0x4c ./Source/ThirdParty/Middlewares/Third_Party/FreeRTOS/Source/CMSIS_RTOS_V2/cmsis_os2.o
                0x080039cc                osKernelStart
 .text.osThreadNew
                0x08003a18      0x124 ./Source/ThirdParty/Middlewares/Third_Party/FreeRTOS/Source/CMSIS_RTOS_V2/cmsis_os2.o
                0x08003a18                osThreadNew
 .text.osMutexNew
                0x08003b3c      0x10c ./Source/ThirdParty/Middlewares/Third_Party/FreeRTOS/Source/CMSIS_RTOS_V2/cmsis_os2.o
                0x08003b3c                osMutexNew
 .text.osMutexAcquire
                0x08003c48       0x96 ./Source/ThirdParty/Middlewares/Third_Party/FreeRTOS/Source/CMSIS_RTOS_V2/cmsis_os2.o
                0x08003c48                osMutexAcquire
 .text.osMutexRelease
                0x08003cde       0x7a ./Source/ThirdParty/Middlewares/Third_Party/FreeRTOS/Source/CMSIS_RTOS_V2/cmsis_os2.o
                0x08003cde                osMutexRelease
 .text.osMessageQueueNew
                0x08003d58       0xe6 ./Source/ThirdParty/Middlewares/Third_Party/FreeRTOS/Source/CMSIS_RTOS_V2/cmsis_os2.o
                0x08003d58                osMessageQueueNew
 *fill*         0x08003e3e        0x2 
 .text.osMessageQueuePut
                0x08003e40       0xc0 ./Source/ThirdParty/Middlewares/Third_Party/FreeRTOS/Source/CMSIS_RTOS_V2/cmsis_os2.o
                0x08003e40                osMessageQueuePut
 .text.osMessageQueueGet
                0x08003f00       0xbc ./Source/ThirdParty/Middlewares/Third_Party/FreeRTOS/Source/CMSIS_RTOS_V2/cmsis_os2.o
                0x08003f00                osMessageQueueGet
 .text.vApplicationGetIdleTaskMemory
                0x08003fbc       0x34 ./Source/ThirdParty/Middlewares/Third_Party/FreeRTOS/Source/CMSIS_RTOS_V2/cmsis_os2.o
                0x08003fbc                vApplicationGetIdleTaskMemory
 .text.vApplicationGetTimerTaskMemory
                0x08003ff0       0x34 ./Source/ThirdParty/Middlewares/Third_Party/FreeRTOS/Source/CMSIS_RTOS_V2/cmsis_os2.o
                0x08003ff0                vApplicationGetTimerTaskMemory
 .text.vListInitialise
                0x08004024       0x40 ./Source/ThirdParty/Middlewares/Third_Party/FreeRTOS/Source/list.o
                0x08004024                vListInitialise
 .text.vListInitialiseItem
                0x08004064       0x1a ./Source/ThirdParty/Middlewares/Third_Party/FreeRTOS/Source/list.o
                0x08004064                vListInitialiseItem
 .text.vListInsertEnd
                0x0800407e       0x48 ./Source/ThirdParty/Middlewares/Third_Party/FreeRTOS/Source/list.o
                0x0800407e                vListInsertEnd
 .text.vListInsert
                0x080040c6       0x72 ./Source/ThirdParty/Middlewares/Third_Party/FreeRTOS/Source/list.o
                0x080040c6                vListInsert
 .text.uxListRemove
                0x08004138       0x54 ./Source/ThirdParty/Middlewares/Third_Party/FreeRTOS/Source/list.o
                0x08004138                uxListRemove
 .text.xQueueGenericReset
                0x0800418c       0xd4 ./Source/ThirdParty/Middlewares/Third_Party/FreeRTOS/Source/queue.o
                0x0800418c                xQueueGenericReset
 .text.xQueueGenericCreateStatic
                0x08004260       0xfa ./Source/ThirdParty/Middlewares/Third_Party/FreeRTOS/Source/queue.o
                0x08004260                xQueueGenericCreateStatic
 .text.xQueueGenericCreate
                0x0800435a       0x76 ./Source/ThirdParty/Middlewares/Third_Party/FreeRTOS/Source/queue.o
                0x0800435a                xQueueGenericCreate
 .text.prvInitialiseNewQueue
                0x080043d0       0x46 ./Source/ThirdParty/Middlewares/Third_Party/FreeRTOS/Source/queue.o
 .text.prvInitialiseMutex
                0x08004416       0x34 ./Source/ThirdParty/Middlewares/Third_Party/FreeRTOS/Source/queue.o
 .text.xQueueCreateMutex
                0x0800444a       0x30 ./Source/ThirdParty/Middlewares/Third_Party/FreeRTOS/Source/queue.o
                0x0800444a                xQueueCreateMutex
 .text.xQueueCreateMutexStatic
                0x0800447a       0x36 ./Source/ThirdParty/Middlewares/Third_Party/FreeRTOS/Source/queue.o
                0x0800447a                xQueueCreateMutexStatic
 .text.xQueueGiveMutexRecursive
                0x080044b0       0x6a ./Source/ThirdParty/Middlewares/Third_Party/FreeRTOS/Source/queue.o
                0x080044b0                xQueueGiveMutexRecursive
 .text.xQueueTakeMutexRecursive
                0x0800451a       0x6e ./Source/ThirdParty/Middlewares/Third_Party/FreeRTOS/Source/queue.o
                0x0800451a                xQueueTakeMutexRecursive
 .text.xQueueGenericSend
                0x08004588      0x204 ./Source/ThirdParty/Middlewares/Third_Party/FreeRTOS/Source/queue.o
                0x08004588                xQueueGenericSend
 .text.xQueueGenericSendFromISR
                0x0800478c      0x13c ./Source/ThirdParty/Middlewares/Third_Party/FreeRTOS/Source/queue.o
                0x0800478c                xQueueGenericSendFromISR
 .text.xQueueReceive
                0x080048c8      0x1c4 ./Source/ThirdParty/Middlewares/Third_Party/FreeRTOS/Source/queue.o
                0x080048c8                xQueueReceive
 .text.xQueueSemaphoreTake
                0x08004a8c      0x220 ./Source/ThirdParty/Middlewares/Third_Party/FreeRTOS/Source/queue.o
                0x08004a8c                xQueueSemaphoreTake
 .text.xQueueReceiveFromISR
                0x08004cac      0x104 ./Source/ThirdParty/Middlewares/Third_Party/FreeRTOS/Source/queue.o
                0x08004cac                xQueueReceiveFromISR
 .text.prvGetDisinheritPriorityAfterTimeout
                0x08004db0       0x30 ./Source/ThirdParty/Middlewares/Third_Party/FreeRTOS/Source/queue.o
 .text.prvCopyDataToQueue
                0x08004de0       0xd4 ./Source/ThirdParty/Middlewares/Third_Party/FreeRTOS/Source/queue.o
 .text.prvCopyDataFromQueue
                0x08004eb4       0x4c ./Source/ThirdParty/Middlewares/Third_Party/FreeRTOS/Source/queue.o
 .text.prvUnlockQueue
                0x08004f00       0xa4 ./Source/ThirdParty/Middlewares/Third_Party/FreeRTOS/Source/queue.o
 .text.prvIsQueueEmpty
                0x08004fa4       0x2c ./Source/ThirdParty/Middlewares/Third_Party/FreeRTOS/Source/queue.o
 .text.prvIsQueueFull
                0x08004fd0       0x30 ./Source/ThirdParty/Middlewares/Third_Party/FreeRTOS/Source/queue.o
 .text.vQueueAddToRegistry
                0x08005000       0x54 ./Source/ThirdParty/Middlewares/Third_Party/FreeRTOS/Source/queue.o
                0x08005000                vQueueAddToRegistry
 .text.vQueueWaitForMessageRestricted
                0x08005054       0x68 ./Source/ThirdParty/Middlewares/Third_Party/FreeRTOS/Source/queue.o
                0x08005054                vQueueWaitForMessageRestricted
 .text.xTaskCreateStatic
                0x080050bc       0xc0 ./Source/ThirdParty/Middlewares/Third_Party/FreeRTOS/Source/tasks.o
                0x080050bc                xTaskCreateStatic
 .text.xTaskCreate
                0x0800517c       0x8a ./Source/ThirdParty/Middlewares/Third_Party/FreeRTOS/Source/tasks.o
                0x0800517c                xTaskCreate
 .text.prvInitialiseNewTask
                0x08005206      0x120 ./Source/ThirdParty/Middlewares/Third_Party/FreeRTOS/Source/tasks.o
 *fill*         0x08005326        0x2 
 .text.prvAddNewTaskToReadyList
                0x08005328       0xe0 ./Source/ThirdParty/Middlewares/Third_Party/FreeRTOS/Source/tasks.o
 .text.vTaskStartScheduler
                0x08005408       0xd0 ./Source/ThirdParty/Middlewares/Third_Party/FreeRTOS/Source/tasks.o
                0x08005408                vTaskStartScheduler
 .text.vTaskSuspendAll
                0x080054d8       0x1c ./Source/ThirdParty/Middlewares/Third_Party/FreeRTOS/Source/tasks.o
                0x080054d8                vTaskSuspendAll
 .text.xTaskResumeAll
                0x080054f4      0x13c ./Source/ThirdParty/Middlewares/Third_Party/FreeRTOS/Source/tasks.o
                0x080054f4                xTaskResumeAll
 .text.xTaskGetTickCount
                0x08005630       0x20 ./Source/ThirdParty/Middlewares/Third_Party/FreeRTOS/Source/tasks.o
                0x08005630                xTaskGetTickCount
 .text.xTaskIncrementTick
                0x08005650      0x174 ./Source/ThirdParty/Middlewares/Third_Party/FreeRTOS/Source/tasks.o
                0x08005650                xTaskIncrementTick
 .text.vTaskSwitchContext
                0x080057c4       0xbc ./Source/ThirdParty/Middlewares/Third_Party/FreeRTOS/Source/tasks.o
                0x080057c4                vTaskSwitchContext
 .text.vTaskPlaceOnEventList
                0x08005880       0x4c ./Source/ThirdParty/Middlewares/Third_Party/FreeRTOS/Source/tasks.o
                0x08005880                vTaskPlaceOnEventList
 .text.vTaskPlaceOnEventListRestricted
                0x080058cc       0x58 ./Source/ThirdParty/Middlewares/Third_Party/FreeRTOS/Source/tasks.o
                0x080058cc                vTaskPlaceOnEventListRestricted
 .text.xTaskRemoveFromEventList
                0x08005924       0xc8 ./Source/ThirdParty/Middlewares/Third_Party/FreeRTOS/Source/tasks.o
                0x08005924                xTaskRemoveFromEventList
 .text.vTaskInternalSetTimeOutState
                0x080059ec       0x2c ./Source/ThirdParty/Middlewares/Third_Party/FreeRTOS/Source/tasks.o
                0x080059ec                vTaskInternalSetTimeOutState
 .text.xTaskCheckForTimeOut
                0x08005a18       0xc8 ./Source/ThirdParty/Middlewares/Third_Party/FreeRTOS/Source/tasks.o
                0x08005a18                xTaskCheckForTimeOut
 .text.vTaskMissedYield
                0x08005ae0       0x18 ./Source/ThirdParty/Middlewares/Third_Party/FreeRTOS/Source/tasks.o
                0x08005ae0                vTaskMissedYield
 .text.prvIdleTask
                0x08005af8       0x30 ./Source/ThirdParty/Middlewares/Third_Party/FreeRTOS/Source/tasks.o
 .text.prvInitialiseTaskLists
                0x08005b28       0x80 ./Source/ThirdParty/Middlewares/Third_Party/FreeRTOS/Source/tasks.o
 .text.prvCheckTasksWaitingTermination
                0x08005ba8       0x5c ./Source/ThirdParty/Middlewares/Third_Party/FreeRTOS/Source/tasks.o
 .text.prvDeleteTCB
                0x08005c04       0x60 ./Source/ThirdParty/Middlewares/Third_Party/FreeRTOS/Source/tasks.o
 .text.prvResetNextTaskUnblockTime
                0x08005c64       0x40 ./Source/ThirdParty/Middlewares/Third_Party/FreeRTOS/Source/tasks.o
 .text.xTaskGetCurrentTaskHandle
                0x08005ca4       0x20 ./Source/ThirdParty/Middlewares/Third_Party/FreeRTOS/Source/tasks.o
                0x08005ca4                xTaskGetCurrentTaskHandle
 .text.xTaskGetSchedulerState
                0x08005cc4       0x3c ./Source/ThirdParty/Middlewares/Third_Party/FreeRTOS/Source/tasks.o
                0x08005cc4                xTaskGetSchedulerState
 .text.xTaskPriorityInherit
                0x08005d00       0xd0 ./Source/ThirdParty/Middlewares/Third_Party/FreeRTOS/Source/tasks.o
                0x08005d00                xTaskPriorityInherit
 .text.xTaskPriorityDisinherit
                0x08005dd0       0xe0 ./Source/ThirdParty/Middlewares/Third_Party/FreeRTOS/Source/tasks.o
                0x08005dd0                xTaskPriorityDisinherit
 .text.vTaskPriorityDisinheritAfterTimeout
                0x08005eb0      0x108 ./Source/ThirdParty/Middlewares/Third_Party/FreeRTOS/Source/tasks.o
                0x08005eb0                vTaskPriorityDisinheritAfterTimeout
 .text.pvTaskIncrementMutexHeldCount
                0x08005fb8       0x28 ./Source/ThirdParty/Middlewares/Third_Party/FreeRTOS/Source/tasks.o
                0x08005fb8                pvTaskIncrementMutexHeldCount
 .text.prvAddCurrentTaskToDelayedList
                0x08005fe0       0xa8 ./Source/ThirdParty/Middlewares/Third_Party/FreeRTOS/Source/tasks.o
 .text.xTimerCreateTimerTask
                0x08006088       0x94 ./Source/ThirdParty/Middlewares/Third_Party/FreeRTOS/Source/timers.o
                0x08006088                xTimerCreateTimerTask
 .text.xTimerGenericCommand
                0x0800611c       0x9c ./Source/ThirdParty/Middlewares/Third_Party/FreeRTOS/Source/timers.o
                0x0800611c                xTimerGenericCommand
 .text.prvProcessExpiredTimer
                0x080061b8       0x9c ./Source/ThirdParty/Middlewares/Third_Party/FreeRTOS/Source/timers.o
 .text.prvTimerTask
                0x08006254       0x26 ./Source/ThirdParty/Middlewares/Third_Party/FreeRTOS/Source/timers.o
 *fill*         0x0800627a        0x2 
 .text.prvProcessTimerOrBlockTask
                0x0800627c       0x9c ./Source/ThirdParty/Middlewares/Third_Party/FreeRTOS/Source/timers.o
 .text.prvGetNextExpireTime
                0x08006318       0x48 ./Source/ThirdParty/Middlewares/Third_Party/FreeRTOS/Source/timers.o
 .text.prvSampleTimeNow
                0x08006360       0x40 ./Source/ThirdParty/Middlewares/Third_Party/FreeRTOS/Source/timers.o
 .text.prvInsertTimerInActiveList
                0x080063a0       0x84 ./Source/ThirdParty/Middlewares/Third_Party/FreeRTOS/Source/timers.o
 .text.prvProcessReceivedCommands
                0x08006424      0x1cc ./Source/ThirdParty/Middlewares/Third_Party/FreeRTOS/Source/timers.o
 .text.prvSwitchTimerLists
                0x080065f0       0xcc ./Source/ThirdParty/Middlewares/Third_Party/FreeRTOS/Source/timers.o
 .text.prvCheckForValidListAndQueue
                0x080066bc       0x80 ./Source/ThirdParty/Middlewares/Third_Party/FreeRTOS/Source/timers.o
 .text.pxPortInitialiseStack
                0x0800673c       0x68 ./Source/ThirdParty/Middlewares/Third_Party/FreeRTOS/Source/portable/GCC/ARM_CM4F/port.o
                0x0800673c                pxPortInitialiseStack
 .text.prvTaskExitError
                0x080067a4       0x5c ./Source/ThirdParty/Middlewares/Third_Party/FreeRTOS/Source/portable/GCC/ARM_CM4F/port.o
 .text.SVC_Handler
                0x08006800       0x28 ./Source/ThirdParty/Middlewares/Third_Party/FreeRTOS/Source/portable/GCC/ARM_CM4F/port.o
                0x08006800                SVC_Handler
 .text.prvPortStartFirstTask
                0x08006828       0x28 ./Source/ThirdParty/Middlewares/Third_Party/FreeRTOS/Source/portable/GCC/ARM_CM4F/port.o
 .text.xPortStartScheduler
                0x08006850      0x148 ./Source/ThirdParty/Middlewares/Third_Party/FreeRTOS/Source/portable/GCC/ARM_CM4F/port.o
                0x08006850                xPortStartScheduler
 .text.vPortEnterCritical
                0x08006998       0x64 ./Source/ThirdParty/Middlewares/Third_Party/FreeRTOS/Source/portable/GCC/ARM_CM4F/port.o
                0x08006998                vPortEnterCritical
 .text.vPortExitCritical
                0x080069fc       0x54 ./Source/ThirdParty/Middlewares/Third_Party/FreeRTOS/Source/portable/GCC/ARM_CM4F/port.o
                0x080069fc                vPortExitCritical
 .text.PendSV_Handler
                0x08006a50       0x68 ./Source/ThirdParty/Middlewares/Third_Party/FreeRTOS/Source/portable/GCC/ARM_CM4F/port.o
                0x08006a50                PendSV_Handler
 .text.xPortSysTickHandler
                0x08006ab8       0x44 ./Source/ThirdParty/Middlewares/Third_Party/FreeRTOS/Source/portable/GCC/ARM_CM4F/port.o
                0x08006ab8                xPortSysTickHandler
 .text.vPortSetupTimerInterrupt
                0x08006afc       0x48 ./Source/ThirdParty/Middlewares/Third_Party/FreeRTOS/Source/portable/GCC/ARM_CM4F/port.o
                0x08006afc                vPortSetupTimerInterrupt
 .text.vPortEnableVFP
                0x08006b44       0x14 ./Source/ThirdParty/Middlewares/Third_Party/FreeRTOS/Source/portable/GCC/ARM_CM4F/port.o
 .text.vPortValidateInterruptPriority
                0x08006b58       0x84 ./Source/ThirdParty/Middlewares/Third_Party/FreeRTOS/Source/portable/GCC/ARM_CM4F/port.o
                0x08006b58                vPortValidateInterruptPriority
 .text.pvPortMalloc
                0x08006bdc      0x19c ./Source/ThirdParty/Middlewares/Third_Party/FreeRTOS/Source/portable/MemMang/heap_4.o
                0x08006bdc                pvPortMalloc
 .text.vPortFree
                0x08006d78       0xc8 ./Source/ThirdParty/Middlewares/Third_Party/FreeRTOS/Source/portable/MemMang/heap_4.o
                0x08006d78                vPortFree
 .text.prvHeapInit
                0x08006e40       0xc4 ./Source/ThirdParty/Middlewares/Third_Party/FreeRTOS/Source/portable/MemMang/heap_4.o
 .text.prvInsertBlockIntoFreeList
                0x08006f04       0xb4 ./Source/ThirdParty/Middlewares/Third_Party/FreeRTOS/Source/portable/MemMang/heap_4.o
 .text.RingBufferInit
                0x08006fb8       0x6c ./Source/Utility/ring_buffer.o
                0x08006fb8                RingBufferInit
 .text.RingBufferIsEmpty
                0x08007024       0x2c ./Source/Utility/ring_buffer.o
                0x08007024                RingBufferIsEmpty
 .text.RingBufferIsFull
                0x08007050       0x30 ./Source/Utility/ring_buffer.o
                0x08007050                RingBufferIsFull
 .text.RingBufferEnqueue
                0x08007080       0x80 ./Source/Utility/ring_buffer.o
                0x08007080                RingBufferEnqueue
 .text.RingBufferDequeue
                0x08007100       0x5c ./Source/Utility/ring_buffer.o
                0x08007100                RingBufferDequeue
 .text.atoi     0x0800715c        0x8 C:/ST/STM32CubeIDE_1.18.1/STM32CubeIDE/plugins/com.st.stm32cube.ide.mcu.externaltools.gnu-tools-for-stm32.13.3.rel1.win32_1.0.0.202411081344/tools/bin/../lib/gcc/arm-none-eabi/13.3.1/../../../../arm-none-eabi/lib/thumb/v7e-m+fp/hard\libc_nano.a(libc_a-atoi.o)
                0x0800715c                atoi
 .text.calloc   0x08007164       0x10 C:/ST/STM32CubeIDE_1.18.1/STM32CubeIDE/plugins/com.st.stm32cube.ide.mcu.externaltools.gnu-tools-for-stm32.13.3.rel1.win32_1.0.0.202411081344/tools/bin/../lib/gcc/arm-none-eabi/13.3.1/../../../../arm-none-eabi/lib/thumb/v7e-m+fp/hard\libc_nano.a(libc_a-calloc.o)
                0x08007164                calloc
 .text._calloc_r
                0x08007174       0x28 C:/ST/STM32CubeIDE_1.18.1/STM32CubeIDE/plugins/com.st.stm32cube.ide.mcu.externaltools.gnu-tools-for-stm32.13.3.rel1.win32_1.0.0.202411081344/tools/bin/../lib/gcc/arm-none-eabi/13.3.1/../../../../arm-none-eabi/lib/thumb/v7e-m+fp/hard\libc_nano.a(libc_a-callocr.o)
                0x08007174                _calloc_r
 .text.malloc   0x0800719c       0x10 C:/ST/STM32CubeIDE_1.18.1/STM32CubeIDE/plugins/com.st.stm32cube.ide.mcu.externaltools.gnu-tools-for-stm32.13.3.rel1.win32_1.0.0.202411081344/tools/bin/../lib/gcc/arm-none-eabi/13.3.1/../../../../arm-none-eabi/lib/thumb/v7e-m+fp/hard\libc_nano.a(libc_a-malloc.o)
                0x0800719c                malloc
 .text.free     0x080071ac       0x10 C:/ST/STM32CubeIDE_1.18.1/STM32CubeIDE/plugins/com.st.stm32cube.ide.mcu.externaltools.gnu-tools-for-stm32.13.3.rel1.win32_1.0.0.202411081344/tools/bin/../lib/gcc/arm-none-eabi/13.3.1/../../../../arm-none-eabi/lib/thumb/v7e-m+fp/hard\libc_nano.a(libc_a-malloc.o)
                0x080071ac                free
 .text.sbrk_aligned
                0x080071bc       0x44 C:/ST/STM32CubeIDE_1.18.1/STM32CubeIDE/plugins/com.st.stm32cube.ide.mcu.externaltools.gnu-tools-for-stm32.13.3.rel1.win32_1.0.0.202411081344/tools/bin/../lib/gcc/arm-none-eabi/13.3.1/../../../../arm-none-eabi/lib/thumb/v7e-m+fp/hard\libc_nano.a(libc_a-mallocr.o)
 .text._malloc_r
                0x08007200      0x100 C:/ST/STM32CubeIDE_1.18.1/STM32CubeIDE/plugins/com.st.stm32cube.ide.mcu.externaltools.gnu-tools-for-stm32.13.3.rel1.win32_1.0.0.202411081344/tools/bin/../lib/gcc/arm-none-eabi/13.3.1/../../../../arm-none-eabi/lib/thumb/v7e-m+fp/hard\libc_nano.a(libc_a-mallocr.o)
                0x08007200                _malloc_r
 .text.__malloc_lock
                0x08007300        0xc C:/ST/STM32CubeIDE_1.18.1/STM32CubeIDE/plugins/com.st.stm32cube.ide.mcu.externaltools.gnu-tools-for-stm32.13.3.rel1.win32_1.0.0.202411081344/tools/bin/../lib/gcc/arm-none-eabi/13.3.1/../../../../arm-none-eabi/lib/thumb/v7e-m+fp/hard\libc_nano.a(libc_a-mlock.o)
                0x08007300                __malloc_lock
 .text.__malloc_unlock
                0x0800730c        0xc C:/ST/STM32CubeIDE_1.18.1/STM32CubeIDE/plugins/com.st.stm32cube.ide.mcu.externaltools.gnu-tools-for-stm32.13.3.rel1.win32_1.0.0.202411081344/tools/bin/../lib/gcc/arm-none-eabi/13.3.1/../../../../arm-none-eabi/lib/thumb/v7e-m+fp/hard\libc_nano.a(libc_a-mlock.o)
                0x0800730c                __malloc_unlock
 .text._strtol_l.isra.0
                0x08007318       0xf4 C:/ST/STM32CubeIDE_1.18.1/STM32CubeIDE/plugins/com.st.stm32cube.ide.mcu.externaltools.gnu-tools-for-stm32.13.3.rel1.win32_1.0.0.202411081344/tools/bin/../lib/gcc/arm-none-eabi/13.3.1/../../../../arm-none-eabi/lib/thumb/v7e-m+fp/hard\libc_nano.a(libc_a-strtol.o)
 .text.strtol   0x0800740c       0x14 C:/ST/STM32CubeIDE_1.18.1/STM32CubeIDE/plugins/com.st.stm32cube.ide.mcu.externaltools.gnu-tools-for-stm32.13.3.rel1.win32_1.0.0.202411081344/tools/bin/../lib/gcc/arm-none-eabi/13.3.1/../../../../arm-none-eabi/lib/thumb/v7e-m+fp/hard\libc_nano.a(libc_a-strtol.o)
                0x0800740c                strtol
 .text.snprintf
                0x08007420       0x6c C:/ST/STM32CubeIDE_1.18.1/STM32CubeIDE/plugins/com.st.stm32cube.ide.mcu.externaltools.gnu-tools-for-stm32.13.3.rel1.win32_1.0.0.202411081344/tools/bin/../lib/gcc/arm-none-eabi/13.3.1/../../../../arm-none-eabi/lib/thumb/v7e-m+fp/hard\libc_nano.a(libc_a-snprintf.o)
                0x08007420                sniprintf
                0x08007420                snprintf
 .text.memset   0x0800748c       0x10 C:/ST/STM32CubeIDE_1.18.1/STM32CubeIDE/plugins/com.st.stm32cube.ide.mcu.externaltools.gnu-tools-for-stm32.13.3.rel1.win32_1.0.0.202411081344/tools/bin/../lib/gcc/arm-none-eabi/13.3.1/../../../../arm-none-eabi/lib/thumb/v7e-m+fp/hard\libc_nano.a(libc_a-memset.o)
                0x0800748c                memset
 .text.strchr   0x0800749c       0x1a C:/ST/STM32CubeIDE_1.18.1/STM32CubeIDE/plugins/com.st.stm32cube.ide.mcu.externaltools.gnu-tools-for-stm32.13.3.rel1.win32_1.0.0.202411081344/tools/bin/../lib/gcc/arm-none-eabi/13.3.1/../../../../arm-none-eabi/lib/thumb/v7e-m+fp/hard\libc_nano.a(libc_a-strchr.o)
                0x0800749c                strchr
 .text.strncmp  0x080074b6       0x24 C:/ST/STM32CubeIDE_1.18.1/STM32CubeIDE/plugins/com.st.stm32cube.ide.mcu.externaltools.gnu-tools-for-stm32.13.3.rel1.win32_1.0.0.202411081344/tools/bin/../lib/gcc/arm-none-eabi/13.3.1/../../../../arm-none-eabi/lib/thumb/v7e-m+fp/hard\libc_nano.a(libc_a-strncmp.o)
                0x080074b6                strncmp
 .text.strncpy  0x080074da       0x26 C:/ST/STM32CubeIDE_1.18.1/STM32CubeIDE/plugins/com.st.stm32cube.ide.mcu.externaltools.gnu-tools-for-stm32.13.3.rel1.win32_1.0.0.202411081344/tools/bin/../lib/gcc/arm-none-eabi/13.3.1/../../../../arm-none-eabi/lib/thumb/v7e-m+fp/hard\libc_nano.a(libc_a-strncpy.o)
                0x080074da                strncpy
 .text.__strtok_r
                0x08007500       0x50 C:/ST/STM32CubeIDE_1.18.1/STM32CubeIDE/plugins/com.st.stm32cube.ide.mcu.externaltools.gnu-tools-for-stm32.13.3.rel1.win32_1.0.0.202411081344/tools/bin/../lib/gcc/arm-none-eabi/13.3.1/../../../../arm-none-eabi/lib/thumb/v7e-m+fp/hard\libc_nano.a(libc_a-strtok_r.o)
                0x08007500                __strtok_r
 .text.strtok_r
                0x08007550        0x6 C:/ST/STM32CubeIDE_1.18.1/STM32CubeIDE/plugins/com.st.stm32cube.ide.mcu.externaltools.gnu-tools-for-stm32.13.3.rel1.win32_1.0.0.202411081344/tools/bin/../lib/gcc/arm-none-eabi/13.3.1/../../../../arm-none-eabi/lib/thumb/v7e-m+fp/hard\libc_nano.a(libc_a-strtok_r.o)
                0x08007550                strtok_r
 *fill*         0x08007556        0x2 
 .text._sbrk_r  0x08007558       0x20 C:/ST/STM32CubeIDE_1.18.1/STM32CubeIDE/plugins/com.st.stm32cube.ide.mcu.externaltools.gnu-tools-for-stm32.13.3.rel1.win32_1.0.0.202411081344/tools/bin/../lib/gcc/arm-none-eabi/13.3.1/../../../../arm-none-eabi/lib/thumb/v7e-m+fp/hard\libc_nano.a(libc_a-sbrkr.o)
                0x08007558                _sbrk_r
 .text.__errno  0x08007578        0xc C:/ST/STM32CubeIDE_1.18.1/STM32CubeIDE/plugins/com.st.stm32cube.ide.mcu.externaltools.gnu-tools-for-stm32.13.3.rel1.win32_1.0.0.202411081344/tools/bin/../lib/gcc/arm-none-eabi/13.3.1/../../../../arm-none-eabi/lib/thumb/v7e-m+fp/hard\libc_nano.a(libc_a-errno.o)
                0x08007578                __errno
 .text.__libc_init_array
                0x08007584       0x48 C:/ST/STM32CubeIDE_1.18.1/STM32CubeIDE/plugins/com.st.stm32cube.ide.mcu.externaltools.gnu-tools-for-stm32.13.3.rel1.win32_1.0.0.202411081344/tools/bin/../lib/gcc/arm-none-eabi/13.3.1/../../../../arm-none-eabi/lib/thumb/v7e-m+fp/hard\libc_nano.a(libc_a-init.o)
                0x08007584                __libc_init_array
 .text.__retarget_lock_acquire_recursive
                0x080075cc        0x2 C:/ST/STM32CubeIDE_1.18.1/STM32CubeIDE/plugins/com.st.stm32cube.ide.mcu.externaltools.gnu-tools-for-stm32.13.3.rel1.win32_1.0.0.202411081344/tools/bin/../lib/gcc/arm-none-eabi/13.3.1/../../../../arm-none-eabi/lib/thumb/v7e-m+fp/hard\libc_nano.a(libc_a-lock.o)
                0x080075cc                __retarget_lock_acquire_recursive
 .text.__retarget_lock_release_recursive
                0x080075ce        0x2 C:/ST/STM32CubeIDE_1.18.1/STM32CubeIDE/plugins/com.st.stm32cube.ide.mcu.externaltools.gnu-tools-for-stm32.13.3.rel1.win32_1.0.0.202411081344/tools/bin/../lib/gcc/arm-none-eabi/13.3.1/../../../../arm-none-eabi/lib/thumb/v7e-m+fp/hard\libc_nano.a(libc_a-lock.o)
                0x080075ce                __retarget_lock_release_recursive
 .text.memcpy   0x080075d0       0x1c C:/ST/STM32CubeIDE_1.18.1/STM32CubeIDE/plugins/com.st.stm32cube.ide.mcu.externaltools.gnu-tools-for-stm32.13.3.rel1.win32_1.0.0.202411081344/tools/bin/../lib/gcc/arm-none-eabi/13.3.1/../../../../arm-none-eabi/lib/thumb/v7e-m+fp/hard\libc_nano.a(libc_a-memcpy-stub.o)
                0x080075d0                memcpy
 .text._free_r  0x080075ec       0x94 C:/ST/STM32CubeIDE_1.18.1/STM32CubeIDE/plugins/com.st.stm32cube.ide.mcu.externaltools.gnu-tools-for-stm32.13.3.rel1.win32_1.0.0.202411081344/tools/bin/../lib/gcc/arm-none-eabi/13.3.1/../../../../arm-none-eabi/lib/thumb/v7e-m+fp/hard\libc_nano.a(libc_a-freer.o)
                0x080075ec                _free_r
 .text.__ssputs_r
                0x08007680       0xb6 C:/ST/STM32CubeIDE_1.18.1/STM32CubeIDE/plugins/com.st.stm32cube.ide.mcu.externaltools.gnu-tools-for-stm32.13.3.rel1.win32_1.0.0.202411081344/tools/bin/../lib/gcc/arm-none-eabi/13.3.1/../../../../arm-none-eabi/lib/thumb/v7e-m+fp/hard\libc_nano.a(libc_a-nano-svfprintf.o)
                0x08007680                __ssputs_r
 *fill*         0x08007736        0x2 
 .text._svfprintf_r
                0x08007738      0x1f8 C:/ST/STM32CubeIDE_1.18.1/STM32CubeIDE/plugins/com.st.stm32cube.ide.mcu.externaltools.gnu-tools-for-stm32.13.3.rel1.win32_1.0.0.202411081344/tools/bin/../lib/gcc/arm-none-eabi/13.3.1/../../../../arm-none-eabi/lib/thumb/v7e-m+fp/hard\libc_nano.a(libc_a-nano-svfprintf.o)
                0x08007738                _svfiprintf_r
                0x08007738                _svfprintf_r
 .text._printf_common
                0x08007930       0xda C:/ST/STM32CubeIDE_1.18.1/STM32CubeIDE/plugins/com.st.stm32cube.ide.mcu.externaltools.gnu-tools-for-stm32.13.3.rel1.win32_1.0.0.202411081344/tools/bin/../lib/gcc/arm-none-eabi/13.3.1/../../../../arm-none-eabi/lib/thumb/v7e-m+fp/hard\libc_nano.a(libc_a-nano-vfprintf_i.o)
                0x08007930                _printf_common
 *fill*         0x08007a0a        0x2 
 .text._printf_i
                0x08007a0c      0x23c C:/ST/STM32CubeIDE_1.18.1/STM32CubeIDE/plugins/com.st.stm32cube.ide.mcu.externaltools.gnu-tools-for-stm32.13.3.rel1.win32_1.0.0.202411081344/tools/bin/../lib/gcc/arm-none-eabi/13.3.1/../../../../arm-none-eabi/lib/thumb/v7e-m+fp/hard\libc_nano.a(libc_a-nano-vfprintf_i.o)
                0x08007a0c                _printf_i
 .text.memmove  0x08007c48       0x34 C:/ST/STM32CubeIDE_1.18.1/STM32CubeIDE/plugins/com.st.stm32cube.ide.mcu.externaltools.gnu-tools-for-stm32.13.3.rel1.win32_1.0.0.202411081344/tools/bin/../lib/gcc/arm-none-eabi/13.3.1/../../../../arm-none-eabi/lib/thumb/v7e-m+fp/hard\libc_nano.a(libc_a-memmove.o)
                0x08007c48                memmove
 .text._realloc_r
                0x08007c7c       0x5c C:/ST/STM32CubeIDE_1.18.1/STM32CubeIDE/plugins/com.st.stm32cube.ide.mcu.externaltools.gnu-tools-for-stm32.13.3.rel1.win32_1.0.0.202411081344/tools/bin/../lib/gcc/arm-none-eabi/13.3.1/../../../../arm-none-eabi/lib/thumb/v7e-m+fp/hard\libc_nano.a(libc_a-reallocr.o)
                0x08007c7c                _realloc_r
 .text._malloc_usable_size_r
                0x08007cd8       0x10 C:/ST/STM32CubeIDE_1.18.1/STM32CubeIDE/plugins/com.st.stm32cube.ide.mcu.externaltools.gnu-tools-for-stm32.13.3.rel1.win32_1.0.0.202411081344/tools/bin/../lib/gcc/arm-none-eabi/13.3.1/../../../../arm-none-eabi/lib/thumb/v7e-m+fp/hard\libc_nano.a(libc_a-msizer.o)
                0x08007cd8                _malloc_usable_size_r
 *(.glue_7)
 .glue_7        0x08007ce8        0x0 linker stubs
 *(.glue_7t)
 .glue_7t       0x08007ce8        0x0 linker stubs
 *(.eh_frame)
 .eh_frame      0x08007ce8        0x0 C:/ST/STM32CubeIDE_1.18.1/STM32CubeIDE/plugins/com.st.stm32cube.ide.mcu.externaltools.gnu-tools-for-stm32.13.3.rel1.win32_1.0.0.202411081344/tools/bin/../lib/gcc/arm-none-eabi/13.3.1/thumb/v7e-m+fp/hard/crtbegin.o
 *(.init)
 .init          0x08007ce8        0x4 C:/ST/STM32CubeIDE_1.18.1/STM32CubeIDE/plugins/com.st.stm32cube.ide.mcu.externaltools.gnu-tools-for-stm32.13.3.rel1.win32_1.0.0.202411081344/tools/bin/../lib/gcc/arm-none-eabi/13.3.1/thumb/v7e-m+fp/hard/crti.o
                0x08007ce8                _init
 .init          0x08007cec        0x8 C:/ST/STM32CubeIDE_1.18.1/STM32CubeIDE/plugins/com.st.stm32cube.ide.mcu.externaltools.gnu-tools-for-stm32.13.3.rel1.win32_1.0.0.202411081344/tools/bin/../lib/gcc/arm-none-eabi/13.3.1/thumb/v7e-m+fp/hard/crtn.o
 *(.fini)
 .fini          0x08007cf4        0x4 C:/ST/STM32CubeIDE_1.18.1/STM32CubeIDE/plugins/com.st.stm32cube.ide.mcu.externaltools.gnu-tools-for-stm32.13.3.rel1.win32_1.0.0.202411081344/tools/bin/../lib/gcc/arm-none-eabi/13.3.1/thumb/v7e-m+fp/hard/crti.o
                0x08007cf4                _fini
 .fini          0x08007cf8        0x8 C:/ST/STM32CubeIDE_1.18.1/STM32CubeIDE/plugins/com.st.stm32cube.ide.mcu.externaltools.gnu-tools-for-stm32.13.3.rel1.win32_1.0.0.202411081344/tools/bin/../lib/gcc/arm-none-eabi/13.3.1/thumb/v7e-m+fp/hard/crtn.o
                0x08007d00                        . = ALIGN (0x4)
                0x08007d00                        _etext = .

.vfp11_veneer   0x08007d00        0x0
 .vfp11_veneer  0x08007d00        0x0 linker stubs

.v4_bx          0x08007d00        0x0
 .v4_bx         0x08007d00        0x0 linker stubs

.iplt           0x08007d00        0x0
 .iplt          0x08007d00        0x0 C:/ST/STM32CubeIDE_1.18.1/STM32CubeIDE/plugins/com.st.stm32cube.ide.mcu.externaltools.gnu-tools-for-stm32.13.3.rel1.win32_1.0.0.202411081344/tools/bin/../lib/gcc/arm-none-eabi/13.3.1/thumb/v7e-m+fp/hard/crtbegin.o

.rodata         0x08007d00      0x590
                0x08007d00                        . = ALIGN (0x4)
 *(.rodata)
 .rodata        0x08007d00       0xcc ./Source/API/cli_handler.o
 .rodata        0x08007dcc       0x7e ./Source/API/cmd_api.o
 *fill*         0x08007e4a        0x2 
 .rodata        0x08007e4c        0xf ./Source/API/heap_api.o
 *fill*         0x08007e5b        0x1 
 .rodata        0x08007e5c       0x39 ./Source/API/uart_api.o
 *fill*         0x08007e95        0x3 
 .rodata        0x08007e98       0x29 ./Source/APP/cli_app.o
 *fill*         0x08007ec1        0x3 
 .rodata        0x08007ec4        0xf ./Source/APP/main.o
 *fill*         0x08007ed3        0x1 
 .rodata        0x08007ed4        0x5 ./Source/ThirdParty/Middlewares/Third_Party/FreeRTOS/Source/tasks.o
 *fill*         0x08007ed9        0x3 
 .rodata        0x08007edc        0xd ./Source/ThirdParty/Middlewares/Third_Party/FreeRTOS/Source/timers.o
 *(.rodata*)
 *fill*         0x08007ee9        0x3 
 .rodata.g_static_uart_mutex_attr
                0x08007eec       0x10 ./Source/API/heap_api.o
 .rodata.g_uart_api_task_attr
                0x08007efc       0x24 ./Source/API/uart_api.o
 .rodata.g_static_uart_api_lut
                0x08007f20       0x90 ./Source/API/uart_api.o
 .rodata.command_table
                0x08007fb0       0x20 ./Source/APP/cli_app.o
 .rodata.cli_app_thread_attr
                0x08007fd0       0x24 ./Source/APP/cli_app.o
 .rodata.g_static_gpio_lut
                0x08007ff4       0xc0 ./Source/Driver/gpio_driver.o
 .rodata.g_static_uart_lut
                0x080080b4       0x90 ./Source/Driver/uart_driver.o
 .rodata.AHBPrescTable
                0x08008144       0x10 ./Source/ThirdParty/Core/Src/system_stm32f4xx.o
                0x08008144                AHBPrescTable
 .rodata.APBPrescTable
                0x08008154        0x8 ./Source/ThirdParty/Core/Src/system_stm32f4xx.o
                0x08008154                APBPrescTable
 .rodata._ctype_
                0x0800815c      0x101 C:/ST/STM32CubeIDE_1.18.1/STM32CubeIDE/plugins/com.st.stm32cube.ide.mcu.externaltools.gnu-tools-for-stm32.13.3.rel1.win32_1.0.0.202411081344/tools/bin/../lib/gcc/arm-none-eabi/13.3.1/../../../../arm-none-eabi/lib/thumb/v7e-m+fp/hard\libc_nano.a(libc_a-ctype_.o)
                0x0800815c                _ctype_
 .rodata._svfprintf_r.str1.1
                0x0800825d       0x33 C:/ST/STM32CubeIDE_1.18.1/STM32CubeIDE/plugins/com.st.stm32cube.ide.mcu.externaltools.gnu-tools-for-stm32.13.3.rel1.win32_1.0.0.202411081344/tools/bin/../lib/gcc/arm-none-eabi/13.3.1/../../../../arm-none-eabi/lib/thumb/v7e-m+fp/hard\libc_nano.a(libc_a-nano-svfprintf.o)
                                 0x11 (size before relaxing)
 .rodata._printf_i.str1.1
                0x08008290       0x22 C:/ST/STM32CubeIDE_1.18.1/STM32CubeIDE/plugins/com.st.stm32cube.ide.mcu.externaltools.gnu-tools-for-stm32.13.3.rel1.win32_1.0.0.202411081344/tools/bin/../lib/gcc/arm-none-eabi/13.3.1/../../../../arm-none-eabi/lib/thumb/v7e-m+fp/hard\libc_nano.a(libc_a-nano-vfprintf_i.o)
                0x080082b4                        . = ALIGN (0x4)

.ARM.extab      0x08008290        0x0
                0x08008290                        . = ALIGN (0x4)
 *(.ARM.extab* .gnu.linkonce.armextab.*)
                0x08008290                        . = ALIGN (0x4)

.ARM            0x08008290        0x8
                0x08008290                        . = ALIGN (0x4)
                0x08008290                        __exidx_start = .
 *(.ARM.exidx*)
 .ARM.exidx     0x08008290        0x8 C:/ST/STM32CubeIDE_1.18.1/STM32CubeIDE/plugins/com.st.stm32cube.ide.mcu.externaltools.gnu-tools-for-stm32.13.3.rel1.win32_1.0.0.202411081344/tools/bin/../lib/gcc/arm-none-eabi/13.3.1/../../../../arm-none-eabi/lib/thumb/v7e-m+fp/hard\libc_nano.a(libc_a-memchr.o)
 .ARM.exidx     0x08008298        0x0 C:/ST/STM32CubeIDE_1.18.1/STM32CubeIDE/plugins/com.st.stm32cube.ide.mcu.externaltools.gnu-tools-for-stm32.13.3.rel1.win32_1.0.0.202411081344/tools/bin/../lib/gcc/arm-none-eabi/13.3.1/thumb/v7e-m+fp/hard\libgcc.a(_udivmoddi4.o)
                                  0x8 (size before relaxing)
                0x08008298                        __exidx_end = .
                0x08008298                        . = ALIGN (0x4)

.preinit_array  0x08008298        0x0
                0x08008298                        . = ALIGN (0x4)
                0x08008298                        PROVIDE (__preinit_array_start = .)
 *(.preinit_array*)
                0x08008298                        PROVIDE (__preinit_array_end = .)
                0x08008298                        . = ALIGN (0x4)

.init_array     0x08008298        0x4
                0x08008298                        . = ALIGN (0x4)
                0x08008298                        PROVIDE (__init_array_start = .)
 *(SORT_BY_NAME(.init_array.*))
 *(.init_array*)
 .init_array    0x08008298        0x4 C:/ST/STM32CubeIDE_1.18.1/STM32CubeIDE/plugins/com.st.stm32cube.ide.mcu.externaltools.gnu-tools-for-stm32.13.3.rel1.win32_1.0.0.202411081344/tools/bin/../lib/gcc/arm-none-eabi/13.3.1/thumb/v7e-m+fp/hard/crtbegin.o
                0x0800829c                        PROVIDE (__init_array_end = .)
                0x0800829c                        . = ALIGN (0x4)

.fini_array     0x0800829c        0x4
                0x0800829c                        . = ALIGN (0x4)
                [!provide]                        PROVIDE (__fini_array_start = .)
 *(SORT_BY_NAME(.fini_array.*))
 *(.fini_array*)
 .fini_array    0x0800829c        0x4 C:/ST/STM32CubeIDE_1.18.1/STM32CubeIDE/plugins/com.st.stm32cube.ide.mcu.externaltools.gnu-tools-for-stm32.13.3.rel1.win32_1.0.0.202411081344/tools/bin/../lib/gcc/arm-none-eabi/13.3.1/thumb/v7e-m+fp/hard/crtbegin.o
                [!provide]                        PROVIDE (__fini_array_end = .)
                0x080082a0                        . = ALIGN (0x4)
                0x080082a0                        _sidata = LOADADDR (.data)

.rel.dyn        0x080082a0        0x0
 .rel.iplt      0x080082a0        0x0 C:/ST/STM32CubeIDE_1.18.1/STM32CubeIDE/plugins/com.st.stm32cube.ide.mcu.externaltools.gnu-tools-for-stm32.13.3.rel1.win32_1.0.0.202411081344/tools/bin/../lib/gcc/arm-none-eabi/13.3.1/thumb/v7e-m+fp/hard/crtbegin.o

.data           0x20000000       0x70 load address 0x080082a0
                0x20000000                        . = ALIGN (0x4)
                0x20000000                        _sdata = .
 *(.data)
 *(.data*)
 .data.command_parser
                0x20000000       0x10 ./Source/APP/cli_app.o
 .data.SystemCoreClock
                0x20000010        0x4 ./Source/ThirdParty/Core/Src/system_stm32f4xx.o
                0x20000010                SystemCoreClock
 .data.uwTickPrio
                0x20000014        0x4 ./Source/ThirdParty/Drivers/STM32F4xx_HAL_Driver/Src/stm32f4xx_hal.o
                0x20000014                uwTickPrio
 .data.uwTickFreq
                0x20000018        0x1 ./Source/ThirdParty/Drivers/STM32F4xx_HAL_Driver/Src/stm32f4xx_hal.o
                0x20000018                uwTickFreq
 *fill*         0x20000019        0x3 
 .data.uxCriticalNesting
                0x2000001c        0x4 ./Source/ThirdParty/Middlewares/Third_Party/FreeRTOS/Source/portable/GCC/ARM_CM4F/port.o
 .data._impure_ptr
                0x20000020        0x4 C:/ST/STM32CubeIDE_1.18.1/STM32CubeIDE/plugins/com.st.stm32cube.ide.mcu.externaltools.gnu-tools-for-stm32.13.3.rel1.win32_1.0.0.202411081344/tools/bin/../lib/gcc/arm-none-eabi/13.3.1/../../../../arm-none-eabi/lib/thumb/v7e-m+fp/hard\libc_nano.a(libc_a-impure.o)
                0x20000020                _impure_ptr
 .data._impure_data
                0x20000024       0x4c C:/ST/STM32CubeIDE_1.18.1/STM32CubeIDE/plugins/com.st.stm32cube.ide.mcu.externaltools.gnu-tools-for-stm32.13.3.rel1.win32_1.0.0.202411081344/tools/bin/../lib/gcc/arm-none-eabi/13.3.1/../../../../arm-none-eabi/lib/thumb/v7e-m+fp/hard\libc_nano.a(libc_a-impure.o)
                0x20000024                _impure_data
 *(.RamFunc)
 *(.RamFunc*)
                0x20000070                        . = ALIGN (0x4)
                0x20000070                        _edata = .

.igot.plt       0x20000070        0x0 load address 0x08008310
 .igot.plt      0x20000070        0x0 C:/ST/STM32CubeIDE_1.18.1/STM32CubeIDE/plugins/com.st.stm32cube.ide.mcu.externaltools.gnu-tools-for-stm32.13.3.rel1.win32_1.0.0.202411081344/tools/bin/../lib/gcc/arm-none-eabi/13.3.1/thumb/v7e-m+fp/hard/crtbegin.o
                0x20000070                        . = ALIGN (0x4)

.bss            0x20000070     0x4d7c load address 0x08008310
                0x20000070                        _sbss = .
                0x20000070                        __bss_start__ = _sbss
 *(.bss)
 .bss           0x20000070       0x1c C:/ST/STM32CubeIDE_1.18.1/STM32CubeIDE/plugins/com.st.stm32cube.ide.mcu.externaltools.gnu-tools-for-stm32.13.3.rel1.win32_1.0.0.202411081344/tools/bin/../lib/gcc/arm-none-eabi/13.3.1/thumb/v7e-m+fp/hard/crtbegin.o
 *(.bss*)
 .bss.heap_mutex
                0x2000008c        0x4 ./Source/API/heap_api.o
 .bss.g_uart_api_task_handle
                0x20000090        0x4 ./Source/API/uart_api.o
 .bss.g_dynamic_uart_api_lut
                0x20000094       0x54 ./Source/API/uart_api.o
 .bss.cli_app_thread
                0x200000e8        0x4 ./Source/APP/cli_app.o
 .bss.cli_response_buffer
                0x200000ec      0x200 ./Source/APP/cli_app.o
 .bss.received_message
                0x200002ec        0x8 ./Source/APP/cli_app.o
 .bss.data_sending_mq
                0x200002f4        0x4 ./Source/APP/data_sending_app.o
 .bss.g_static_uart_rb
                0x200002f8        0xc ./Source/Driver/uart_driver.o
 .bss.htim3     0x20000304       0x48 ./Source/ThirdParty/Core/Src/stm32f4xx_hal_timebase_tim.o
                0x20000304                htim3
 .bss.__sbrk_heap_end
                0x2000034c        0x4 ./Source/ThirdParty/Core/Src/sysmem.o
 .bss.uwTick    0x20000350        0x4 ./Source/ThirdParty/Drivers/STM32F4xx_HAL_Driver/Src/stm32f4xx_hal.o
                0x20000350                uwTick
 .bss.KernelState
                0x20000354        0x4 ./Source/ThirdParty/Middlewares/Third_Party/FreeRTOS/Source/CMSIS_RTOS_V2/cmsis_os2.o
 .bss.Idle_TCB.3
                0x20000358       0x5c ./Source/ThirdParty/Middlewares/Third_Party/FreeRTOS/Source/CMSIS_RTOS_V2/cmsis_os2.o
 .bss.Idle_Stack.2
                0x200003b4      0x200 ./Source/ThirdParty/Middlewares/Third_Party/FreeRTOS/Source/CMSIS_RTOS_V2/cmsis_os2.o
 .bss.Timer_TCB.1
                0x200005b4       0x5c ./Source/ThirdParty/Middlewares/Third_Party/FreeRTOS/Source/CMSIS_RTOS_V2/cmsis_os2.o
 .bss.Timer_Stack.0
                0x20000610      0x400 ./Source/ThirdParty/Middlewares/Third_Party/FreeRTOS/Source/CMSIS_RTOS_V2/cmsis_os2.o
 .bss.xQueueRegistry
                0x20000a10       0x40 ./Source/ThirdParty/Middlewares/Third_Party/FreeRTOS/Source/queue.o
                0x20000a10                xQueueRegistry
 .bss.pxCurrentTCB
                0x20000a50        0x4 ./Source/ThirdParty/Middlewares/Third_Party/FreeRTOS/Source/tasks.o
                0x20000a50                pxCurrentTCB
 .bss.pxReadyTasksLists
                0x20000a54      0x460 ./Source/ThirdParty/Middlewares/Third_Party/FreeRTOS/Source/tasks.o
 .bss.xDelayedTaskList1
                0x20000eb4       0x14 ./Source/ThirdParty/Middlewares/Third_Party/FreeRTOS/Source/tasks.o
 .bss.xDelayedTaskList2
                0x20000ec8       0x14 ./Source/ThirdParty/Middlewares/Third_Party/FreeRTOS/Source/tasks.o
 .bss.pxDelayedTaskList
                0x20000edc        0x4 ./Source/ThirdParty/Middlewares/Third_Party/FreeRTOS/Source/tasks.o
 .bss.pxOverflowDelayedTaskList
                0x20000ee0        0x4 ./Source/ThirdParty/Middlewares/Third_Party/FreeRTOS/Source/tasks.o
 .bss.xPendingReadyList
                0x20000ee4       0x14 ./Source/ThirdParty/Middlewares/Third_Party/FreeRTOS/Source/tasks.o
 .bss.xTasksWaitingTermination
                0x20000ef8       0x14 ./Source/ThirdParty/Middlewares/Third_Party/FreeRTOS/Source/tasks.o
 .bss.uxDeletedTasksWaitingCleanUp
                0x20000f0c        0x4 ./Source/ThirdParty/Middlewares/Third_Party/FreeRTOS/Source/tasks.o
 .bss.xSuspendedTaskList
                0x20000f10       0x14 ./Source/ThirdParty/Middlewares/Third_Party/FreeRTOS/Source/tasks.o
 .bss.uxCurrentNumberOfTasks
                0x20000f24        0x4 ./Source/ThirdParty/Middlewares/Third_Party/FreeRTOS/Source/tasks.o
 .bss.xTickCount
                0x20000f28        0x4 ./Source/ThirdParty/Middlewares/Third_Party/FreeRTOS/Source/tasks.o
 .bss.uxTopReadyPriority
                0x20000f2c        0x4 ./Source/ThirdParty/Middlewares/Third_Party/FreeRTOS/Source/tasks.o
 .bss.xSchedulerRunning
                0x20000f30        0x4 ./Source/ThirdParty/Middlewares/Third_Party/FreeRTOS/Source/tasks.o
 .bss.xPendedTicks
                0x20000f34        0x4 ./Source/ThirdParty/Middlewares/Third_Party/FreeRTOS/Source/tasks.o
 .bss.xYieldPending
                0x20000f38        0x4 ./Source/ThirdParty/Middlewares/Third_Party/FreeRTOS/Source/tasks.o
 .bss.xNumOfOverflows
                0x20000f3c        0x4 ./Source/ThirdParty/Middlewares/Third_Party/FreeRTOS/Source/tasks.o
 .bss.uxTaskNumber
                0x20000f40        0x4 ./Source/ThirdParty/Middlewares/Third_Party/FreeRTOS/Source/tasks.o
 .bss.xNextTaskUnblockTime
                0x20000f44        0x4 ./Source/ThirdParty/Middlewares/Third_Party/FreeRTOS/Source/tasks.o
 .bss.xIdleTaskHandle
                0x20000f48        0x4 ./Source/ThirdParty/Middlewares/Third_Party/FreeRTOS/Source/tasks.o
 .bss.uxSchedulerSuspended
                0x20000f4c        0x4 ./Source/ThirdParty/Middlewares/Third_Party/FreeRTOS/Source/tasks.o
 .bss.xActiveTimerList1
                0x20000f50       0x14 ./Source/ThirdParty/Middlewares/Third_Party/FreeRTOS/Source/timers.o
 .bss.xActiveTimerList2
                0x20000f64       0x14 ./Source/ThirdParty/Middlewares/Third_Party/FreeRTOS/Source/timers.o
 .bss.pxCurrentTimerList
                0x20000f78        0x4 ./Source/ThirdParty/Middlewares/Third_Party/FreeRTOS/Source/timers.o
 .bss.pxOverflowTimerList
                0x20000f7c        0x4 ./Source/ThirdParty/Middlewares/Third_Party/FreeRTOS/Source/timers.o
 .bss.xTimerQueue
                0x20000f80        0x4 ./Source/ThirdParty/Middlewares/Third_Party/FreeRTOS/Source/timers.o
 .bss.xTimerTaskHandle
                0x20000f84        0x4 ./Source/ThirdParty/Middlewares/Third_Party/FreeRTOS/Source/timers.o
 .bss.xLastTime.2
                0x20000f88        0x4 ./Source/ThirdParty/Middlewares/Third_Party/FreeRTOS/Source/timers.o
 .bss.ucStaticTimerQueueStorage.1
                0x20000f8c       0xa0 ./Source/ThirdParty/Middlewares/Third_Party/FreeRTOS/Source/timers.o
 .bss.xStaticTimerQueue.0
                0x2000102c       0x50 ./Source/ThirdParty/Middlewares/Third_Party/FreeRTOS/Source/timers.o
 .bss.ucMaxSysCallPriority
                0x2000107c        0x1 ./Source/ThirdParty/Middlewares/Third_Party/FreeRTOS/Source/portable/GCC/ARM_CM4F/port.o
 *fill*         0x2000107d        0x3 
 .bss.ulMaxPRIGROUPValue
                0x20001080        0x4 ./Source/ThirdParty/Middlewares/Third_Party/FreeRTOS/Source/portable/GCC/ARM_CM4F/port.o
 .bss.ucHeap    0x20001084     0x3c00 ./Source/ThirdParty/Middlewares/Third_Party/FreeRTOS/Source/portable/MemMang/heap_4.o
 .bss.xStart    0x20004c84        0x8 ./Source/ThirdParty/Middlewares/Third_Party/FreeRTOS/Source/portable/MemMang/heap_4.o
 .bss.pxEnd     0x20004c8c        0x4 ./Source/ThirdParty/Middlewares/Third_Party/FreeRTOS/Source/portable/MemMang/heap_4.o
 .bss.xFreeBytesRemaining
                0x20004c90        0x4 ./Source/ThirdParty/Middlewares/Third_Party/FreeRTOS/Source/portable/MemMang/heap_4.o
 .bss.xMinimumEverFreeBytesRemaining
                0x20004c94        0x4 ./Source/ThirdParty/Middlewares/Third_Party/FreeRTOS/Source/portable/MemMang/heap_4.o
 .bss.xNumberOfSuccessfulAllocations
                0x20004c98        0x4 ./Source/ThirdParty/Middlewares/Third_Party/FreeRTOS/Source/portable/MemMang/heap_4.o
 .bss.xNumberOfSuccessfulFrees
                0x20004c9c        0x4 ./Source/ThirdParty/Middlewares/Third_Party/FreeRTOS/Source/portable/MemMang/heap_4.o
 .bss.xBlockAllocatedBit
                0x20004ca0        0x4 ./Source/ThirdParty/Middlewares/Third_Party/FreeRTOS/Source/portable/MemMang/heap_4.o
 .bss.__malloc_sbrk_start
                0x20004ca4        0x4 C:/ST/STM32CubeIDE_1.18.1/STM32CubeIDE/plugins/com.st.stm32cube.ide.mcu.externaltools.gnu-tools-for-stm32.13.3.rel1.win32_1.0.0.202411081344/tools/bin/../lib/gcc/arm-none-eabi/13.3.1/../../../../arm-none-eabi/lib/thumb/v7e-m+fp/hard\libc_nano.a(libc_a-mallocr.o)
                0x20004ca4                __malloc_sbrk_start
 .bss.__malloc_free_list
                0x20004ca8        0x4 C:/ST/STM32CubeIDE_1.18.1/STM32CubeIDE/plugins/com.st.stm32cube.ide.mcu.externaltools.gnu-tools-for-stm32.13.3.rel1.win32_1.0.0.202411081344/tools/bin/../lib/gcc/arm-none-eabi/13.3.1/../../../../arm-none-eabi/lib/thumb/v7e-m+fp/hard\libc_nano.a(libc_a-mallocr.o)
                0x20004ca8                __malloc_free_list
 .bss.__sf      0x20004cac      0x138 C:/ST/STM32CubeIDE_1.18.1/STM32CubeIDE/plugins/com.st.stm32cube.ide.mcu.externaltools.gnu-tools-for-stm32.13.3.rel1.win32_1.0.0.202411081344/tools/bin/../lib/gcc/arm-none-eabi/13.3.1/../../../../arm-none-eabi/lib/thumb/v7e-m+fp/hard\libc_nano.a(libc_a-findfp.o)
                0x20004cac                __sf
 .bss.errno     0x20004de4        0x4 C:/ST/STM32CubeIDE_1.18.1/STM32CubeIDE/plugins/com.st.stm32cube.ide.mcu.externaltools.gnu-tools-for-stm32.13.3.rel1.win32_1.0.0.202411081344/tools/bin/../lib/gcc/arm-none-eabi/13.3.1/../../../../arm-none-eabi/lib/thumb/v7e-m+fp/hard\libc_nano.a(libc_a-reent.o)
                0x20004de4                errno
 .bss.__lock___malloc_recursive_mutex
                0x20004de8        0x1 C:/ST/STM32CubeIDE_1.18.1/STM32CubeIDE/plugins/com.st.stm32cube.ide.mcu.externaltools.gnu-tools-for-stm32.13.3.rel1.win32_1.0.0.202411081344/tools/bin/../lib/gcc/arm-none-eabi/13.3.1/../../../../arm-none-eabi/lib/thumb/v7e-m+fp/hard\libc_nano.a(libc_a-lock.o)
                0x20004de8                __lock___malloc_recursive_mutex
 *(COMMON)
                0x20004dec                        . = ALIGN (0x4)
 *fill*         0x20004de9        0x3 
                0x20004dec                        _ebss = .
                0x20004dec                        __bss_end__ = _ebss

._user_heap_stack
                0x20004dec      0x604 load address 0x08008310
                0x20004df0                        . = ALIGN (0x8)
 *fill*         0x20004dec        0x4 
                [!provide]                        PROVIDE (end = .)
                0x20004df0                        PROVIDE (_end = .)
                0x20004ff0                        . = (. + _Min_Heap_Size)
 *fill*         0x20004df0      0x200 
                0x200053f0                        . = (. + _Min_Stack_Size)
 *fill*         0x20004ff0      0x400 
                0x200053f0                        . = ALIGN (0x8)

/DISCARD/
 libc.a(*)
 libm.a(*)
 libgcc.a(*)

.ARM.attributes
                0x00000000       0x30
 *(.ARM.attributes)
 .ARM.attributes
                0x00000000       0x22 C:/ST/STM32CubeIDE_1.18.1/STM32CubeIDE/plugins/com.st.stm32cube.ide.mcu.externaltools.gnu-tools-for-stm32.13.3.rel1.win32_1.0.0.202411081344/tools/bin/../lib/gcc/arm-none-eabi/13.3.1/thumb/v7e-m+fp/hard/crti.o
 .ARM.attributes
                0x00000022       0x34 C:/ST/STM32CubeIDE_1.18.1/STM32CubeIDE/plugins/com.st.stm32cube.ide.mcu.externaltools.gnu-tools-for-stm32.13.3.rel1.win32_1.0.0.202411081344/tools/bin/../lib/gcc/arm-none-eabi/13.3.1/thumb/v7e-m+fp/hard/crtbegin.o
 .ARM.attributes
                0x00000056       0x34 ./Source/API/cli_handler.o
 .ARM.attributes
                0x0000008a       0x34 ./Source/API/cmd_api.o
 .ARM.attributes
                0x000000be       0x34 ./Source/API/heap_api.o
 .ARM.attributes
                0x000000f2       0x34 ./Source/API/uart_api.o
 .ARM.attributes
                0x00000126       0x34 ./Source/APP/cli_app.o
 .ARM.attributes
                0x0000015a       0x34 ./Source/APP/data_sending_app.o
 .ARM.attributes
                0x0000018e       0x34 ./Source/APP/main.o
 .ARM.attributes
                0x000001c2       0x34 ./Source/Driver/gpio_driver.o
 .ARM.attributes
                0x000001f6       0x34 ./Source/Driver/uart_driver.o
 .ARM.attributes
                0x0000022a       0x34 ./Source/ThirdParty/Core/Src/stm32f4xx_hal_msp.o
 .ARM.attributes
                0x0000025e       0x34 ./Source/ThirdParty/Core/Src/stm32f4xx_hal_timebase_tim.o
 .ARM.attributes
                0x00000292       0x34 ./Source/ThirdParty/Core/Src/stm32f4xx_it.o
 .ARM.attributes
                0x000002c6       0x34 ./Source/ThirdParty/Core/Src/sysmem.o
 .ARM.attributes
                0x000002fa       0x34 ./Source/ThirdParty/Core/Src/system_stm32f4xx.o
 .ARM.attributes
                0x0000032e       0x21 ./Source/ThirdParty/Core/Startup/startup_stm32f401retx.o
 .ARM.attributes
                0x0000034f       0x34 ./Source/ThirdParty/Drivers/STM32F4xx_HAL_Driver/Src/stm32f4xx_hal.o
 .ARM.attributes
                0x00000383       0x34 ./Source/ThirdParty/Drivers/STM32F4xx_HAL_Driver/Src/stm32f4xx_hal_cortex.o
 .ARM.attributes
                0x000003b7       0x34 ./Source/ThirdParty/Drivers/STM32F4xx_HAL_Driver/Src/stm32f4xx_hal_rcc.o
 .ARM.attributes
                0x000003eb       0x34 ./Source/ThirdParty/Drivers/STM32F4xx_HAL_Driver/Src/stm32f4xx_hal_tim.o
 .ARM.attributes
                0x0000041f       0x34 ./Source/ThirdParty/Drivers/STM32F4xx_HAL_Driver/Src/stm32f4xx_hal_tim_ex.o
 .ARM.attributes
                0x00000453       0x34 ./Source/ThirdParty/Drivers/STM32F4xx_HAL_Driver/Src/stm32f4xx_ll_gpio.o
 .ARM.attributes
                0x00000487       0x34 ./Source/ThirdParty/Drivers/STM32F4xx_HAL_Driver/Src/stm32f4xx_ll_rcc.o
 .ARM.attributes
                0x000004bb       0x34 ./Source/ThirdParty/Drivers/STM32F4xx_HAL_Driver/Src/stm32f4xx_ll_usart.o
 .ARM.attributes
                0x000004ef       0x34 ./Source/ThirdParty/Middlewares/Third_Party/FreeRTOS/Source/CMSIS_RTOS_V2/cmsis_os2.o
 .ARM.attributes
                0x00000523       0x34 ./Source/ThirdParty/Middlewares/Third_Party/FreeRTOS/Source/list.o
 .ARM.attributes
                0x00000557       0x34 ./Source/ThirdParty/Middlewares/Third_Party/FreeRTOS/Source/queue.o
 .ARM.attributes
                0x0000058b       0x34 ./Source/ThirdParty/Middlewares/Third_Party/FreeRTOS/Source/tasks.o
 .ARM.attributes
                0x000005bf       0x34 ./Source/ThirdParty/Middlewares/Third_Party/FreeRTOS/Source/timers.o
 .ARM.attributes
                0x000005f3       0x34 ./Source/ThirdParty/Middlewares/Third_Party/FreeRTOS/Source/portable/GCC/ARM_CM4F/port.o
 .ARM.attributes
                0x00000627       0x34 ./Source/ThirdParty/Middlewares/Third_Party/FreeRTOS/Source/portable/MemMang/heap_4.o
 .ARM.attributes
                0x0000065b       0x34 ./Source/Utility/ring_buffer.o
 .ARM.attributes
                0x0000068f       0x34 C:/ST/STM32CubeIDE_1.18.1/STM32CubeIDE/plugins/com.st.stm32cube.ide.mcu.externaltools.gnu-tools-for-stm32.13.3.rel1.win32_1.0.0.202411081344/tools/bin/../lib/gcc/arm-none-eabi/13.3.1/../../../../arm-none-eabi/lib/thumb/v7e-m+fp/hard\libc_nano.a(libc_a-atoi.o)
 .ARM.attributes
                0x000006c3       0x34 C:/ST/STM32CubeIDE_1.18.1/STM32CubeIDE/plugins/com.st.stm32cube.ide.mcu.externaltools.gnu-tools-for-stm32.13.3.rel1.win32_1.0.0.202411081344/tools/bin/../lib/gcc/arm-none-eabi/13.3.1/../../../../arm-none-eabi/lib/thumb/v7e-m+fp/hard\libc_nano.a(libc_a-calloc.o)
 .ARM.attributes
                0x000006f7       0x34 C:/ST/STM32CubeIDE_1.18.1/STM32CubeIDE/plugins/com.st.stm32cube.ide.mcu.externaltools.gnu-tools-for-stm32.13.3.rel1.win32_1.0.0.202411081344/tools/bin/../lib/gcc/arm-none-eabi/13.3.1/../../../../arm-none-eabi/lib/thumb/v7e-m+fp/hard\libc_nano.a(libc_a-callocr.o)
 .ARM.attributes
                0x0000072b       0x34 C:/ST/STM32CubeIDE_1.18.1/STM32CubeIDE/plugins/com.st.stm32cube.ide.mcu.externaltools.gnu-tools-for-stm32.13.3.rel1.win32_1.0.0.202411081344/tools/bin/../lib/gcc/arm-none-eabi/13.3.1/../../../../arm-none-eabi/lib/thumb/v7e-m+fp/hard\libc_nano.a(libc_a-malloc.o)
 .ARM.attributes
                0x0000075f       0x34 C:/ST/STM32CubeIDE_1.18.1/STM32CubeIDE/plugins/com.st.stm32cube.ide.mcu.externaltools.gnu-tools-for-stm32.13.3.rel1.win32_1.0.0.202411081344/tools/bin/../lib/gcc/arm-none-eabi/13.3.1/../../../../arm-none-eabi/lib/thumb/v7e-m+fp/hard\libc_nano.a(libc_a-mallocr.o)
 .ARM.attributes
                0x00000793       0x34 C:/ST/STM32CubeIDE_1.18.1/STM32CubeIDE/plugins/com.st.stm32cube.ide.mcu.externaltools.gnu-tools-for-stm32.13.3.rel1.win32_1.0.0.202411081344/tools/bin/../lib/gcc/arm-none-eabi/13.3.1/../../../../arm-none-eabi/lib/thumb/v7e-m+fp/hard\libc_nano.a(libc_a-mlock.o)
 .ARM.attributes
                0x000007c7       0x34 C:/ST/STM32CubeIDE_1.18.1/STM32CubeIDE/plugins/com.st.stm32cube.ide.mcu.externaltools.gnu-tools-for-stm32.13.3.rel1.win32_1.0.0.202411081344/tools/bin/../lib/gcc/arm-none-eabi/13.3.1/../../../../arm-none-eabi/lib/thumb/v7e-m+fp/hard\libc_nano.a(libc_a-strtol.o)
 .ARM.attributes
                0x000007fb       0x34 C:/ST/STM32CubeIDE_1.18.1/STM32CubeIDE/plugins/com.st.stm32cube.ide.mcu.externaltools.gnu-tools-for-stm32.13.3.rel1.win32_1.0.0.202411081344/tools/bin/../lib/gcc/arm-none-eabi/13.3.1/../../../../arm-none-eabi/lib/thumb/v7e-m+fp/hard\libc_nano.a(libc_a-ctype_.o)
 .ARM.attributes
                0x0000082f       0x34 C:/ST/STM32CubeIDE_1.18.1/STM32CubeIDE/plugins/com.st.stm32cube.ide.mcu.externaltools.gnu-tools-for-stm32.13.3.rel1.win32_1.0.0.202411081344/tools/bin/../lib/gcc/arm-none-eabi/13.3.1/../../../../arm-none-eabi/lib/thumb/v7e-m+fp/hard\libc_nano.a(libc_a-findfp.o)
 .ARM.attributes
                0x00000863       0x34 C:/ST/STM32CubeIDE_1.18.1/STM32CubeIDE/plugins/com.st.stm32cube.ide.mcu.externaltools.gnu-tools-for-stm32.13.3.rel1.win32_1.0.0.202411081344/tools/bin/../lib/gcc/arm-none-eabi/13.3.1/../../../../arm-none-eabi/lib/thumb/v7e-m+fp/hard\libc_nano.a(libc_a-snprintf.o)
 .ARM.attributes
                0x00000897       0x34 C:/ST/STM32CubeIDE_1.18.1/STM32CubeIDE/plugins/com.st.stm32cube.ide.mcu.externaltools.gnu-tools-for-stm32.13.3.rel1.win32_1.0.0.202411081344/tools/bin/../lib/gcc/arm-none-eabi/13.3.1/../../../../arm-none-eabi/lib/thumb/v7e-m+fp/hard\libc_nano.a(libc_a-memset.o)
 .ARM.attributes
                0x000008cb       0x34 C:/ST/STM32CubeIDE_1.18.1/STM32CubeIDE/plugins/com.st.stm32cube.ide.mcu.externaltools.gnu-tools-for-stm32.13.3.rel1.win32_1.0.0.202411081344/tools/bin/../lib/gcc/arm-none-eabi/13.3.1/../../../../arm-none-eabi/lib/thumb/v7e-m+fp/hard\libc_nano.a(libc_a-strchr.o)
 .ARM.attributes
                0x000008ff       0x34 C:/ST/STM32CubeIDE_1.18.1/STM32CubeIDE/plugins/com.st.stm32cube.ide.mcu.externaltools.gnu-tools-for-stm32.13.3.rel1.win32_1.0.0.202411081344/tools/bin/../lib/gcc/arm-none-eabi/13.3.1/../../../../arm-none-eabi/lib/thumb/v7e-m+fp/hard\libc_nano.a(libc_a-strncmp.o)
 .ARM.attributes
                0x00000933       0x34 C:/ST/STM32CubeIDE_1.18.1/STM32CubeIDE/plugins/com.st.stm32cube.ide.mcu.externaltools.gnu-tools-for-stm32.13.3.rel1.win32_1.0.0.202411081344/tools/bin/../lib/gcc/arm-none-eabi/13.3.1/../../../../arm-none-eabi/lib/thumb/v7e-m+fp/hard\libc_nano.a(libc_a-strncpy.o)
 .ARM.attributes
                0x00000967       0x34 C:/ST/STM32CubeIDE_1.18.1/STM32CubeIDE/plugins/com.st.stm32cube.ide.mcu.externaltools.gnu-tools-for-stm32.13.3.rel1.win32_1.0.0.202411081344/tools/bin/../lib/gcc/arm-none-eabi/13.3.1/../../../../arm-none-eabi/lib/thumb/v7e-m+fp/hard\libc_nano.a(libc_a-strtok_r.o)
 .ARM.attributes
                0x0000099b       0x34 C:/ST/STM32CubeIDE_1.18.1/STM32CubeIDE/plugins/com.st.stm32cube.ide.mcu.externaltools.gnu-tools-for-stm32.13.3.rel1.win32_1.0.0.202411081344/tools/bin/../lib/gcc/arm-none-eabi/13.3.1/../../../../arm-none-eabi/lib/thumb/v7e-m+fp/hard\libc_nano.a(libc_a-reent.o)
 .ARM.attributes
                0x000009cf       0x34 C:/ST/STM32CubeIDE_1.18.1/STM32CubeIDE/plugins/com.st.stm32cube.ide.mcu.externaltools.gnu-tools-for-stm32.13.3.rel1.win32_1.0.0.202411081344/tools/bin/../lib/gcc/arm-none-eabi/13.3.1/../../../../arm-none-eabi/lib/thumb/v7e-m+fp/hard\libc_nano.a(libc_a-impure.o)
 .ARM.attributes
                0x00000a03       0x34 C:/ST/STM32CubeIDE_1.18.1/STM32CubeIDE/plugins/com.st.stm32cube.ide.mcu.externaltools.gnu-tools-for-stm32.13.3.rel1.win32_1.0.0.202411081344/tools/bin/../lib/gcc/arm-none-eabi/13.3.1/../../../../arm-none-eabi/lib/thumb/v7e-m+fp/hard\libc_nano.a(libc_a-sbrkr.o)
 .ARM.attributes
                0x00000a37       0x34 C:/ST/STM32CubeIDE_1.18.1/STM32CubeIDE/plugins/com.st.stm32cube.ide.mcu.externaltools.gnu-tools-for-stm32.13.3.rel1.win32_1.0.0.202411081344/tools/bin/../lib/gcc/arm-none-eabi/13.3.1/../../../../arm-none-eabi/lib/thumb/v7e-m+fp/hard\libc_nano.a(libc_a-errno.o)
 .ARM.attributes
                0x00000a6b       0x34 C:/ST/STM32CubeIDE_1.18.1/STM32CubeIDE/plugins/com.st.stm32cube.ide.mcu.externaltools.gnu-tools-for-stm32.13.3.rel1.win32_1.0.0.202411081344/tools/bin/../lib/gcc/arm-none-eabi/13.3.1/../../../../arm-none-eabi/lib/thumb/v7e-m+fp/hard\libc_nano.a(libc_a-init.o)
 .ARM.attributes
                0x00000a9f       0x34 C:/ST/STM32CubeIDE_1.18.1/STM32CubeIDE/plugins/com.st.stm32cube.ide.mcu.externaltools.gnu-tools-for-stm32.13.3.rel1.win32_1.0.0.202411081344/tools/bin/../lib/gcc/arm-none-eabi/13.3.1/../../../../arm-none-eabi/lib/thumb/v7e-m+fp/hard\libc_nano.a(libc_a-lock.o)
 .ARM.attributes
                0x00000ad3       0x34 C:/ST/STM32CubeIDE_1.18.1/STM32CubeIDE/plugins/com.st.stm32cube.ide.mcu.externaltools.gnu-tools-for-stm32.13.3.rel1.win32_1.0.0.202411081344/tools/bin/../lib/gcc/arm-none-eabi/13.3.1/../../../../arm-none-eabi/lib/thumb/v7e-m+fp/hard\libc_nano.a(libc_a-memcpy-stub.o)
 .ARM.attributes
                0x00000b07       0x34 C:/ST/STM32CubeIDE_1.18.1/STM32CubeIDE/plugins/com.st.stm32cube.ide.mcu.externaltools.gnu-tools-for-stm32.13.3.rel1.win32_1.0.0.202411081344/tools/bin/../lib/gcc/arm-none-eabi/13.3.1/../../../../arm-none-eabi/lib/thumb/v7e-m+fp/hard\libc_nano.a(libc_a-freer.o)
 .ARM.attributes
                0x00000b3b       0x34 C:/ST/STM32CubeIDE_1.18.1/STM32CubeIDE/plugins/com.st.stm32cube.ide.mcu.externaltools.gnu-tools-for-stm32.13.3.rel1.win32_1.0.0.202411081344/tools/bin/../lib/gcc/arm-none-eabi/13.3.1/../../../../arm-none-eabi/lib/thumb/v7e-m+fp/hard\libc_nano.a(libc_a-nano-svfprintf.o)
 .ARM.attributes
                0x00000b6f       0x34 C:/ST/STM32CubeIDE_1.18.1/STM32CubeIDE/plugins/com.st.stm32cube.ide.mcu.externaltools.gnu-tools-for-stm32.13.3.rel1.win32_1.0.0.202411081344/tools/bin/../lib/gcc/arm-none-eabi/13.3.1/../../../../arm-none-eabi/lib/thumb/v7e-m+fp/hard\libc_nano.a(libc_a-nano-vfprintf_i.o)
 .ARM.attributes
                0x00000ba3       0x34 C:/ST/STM32CubeIDE_1.18.1/STM32CubeIDE/plugins/com.st.stm32cube.ide.mcu.externaltools.gnu-tools-for-stm32.13.3.rel1.win32_1.0.0.202411081344/tools/bin/../lib/gcc/arm-none-eabi/13.3.1/../../../../arm-none-eabi/lib/thumb/v7e-m+fp/hard\libc_nano.a(libc_a-memmove.o)
 .ARM.attributes
                0x00000bd7       0x1c C:/ST/STM32CubeIDE_1.18.1/STM32CubeIDE/plugins/com.st.stm32cube.ide.mcu.externaltools.gnu-tools-for-stm32.13.3.rel1.win32_1.0.0.202411081344/tools/bin/../lib/gcc/arm-none-eabi/13.3.1/../../../../arm-none-eabi/lib/thumb/v7e-m+fp/hard\libc_nano.a(libc_a-memchr.o)
 .ARM.attributes
                0x00000bf3       0x34 C:/ST/STM32CubeIDE_1.18.1/STM32CubeIDE/plugins/com.st.stm32cube.ide.mcu.externaltools.gnu-tools-for-stm32.13.3.rel1.win32_1.0.0.202411081344/tools/bin/../lib/gcc/arm-none-eabi/13.3.1/../../../../arm-none-eabi/lib/thumb/v7e-m+fp/hard\libc_nano.a(libc_a-reallocr.o)
 .ARM.attributes
                0x00000c27       0x34 C:/ST/STM32CubeIDE_1.18.1/STM32CubeIDE/plugins/com.st.stm32cube.ide.mcu.externaltools.gnu-tools-for-stm32.13.3.rel1.win32_1.0.0.202411081344/tools/bin/../lib/gcc/arm-none-eabi/13.3.1/../../../../arm-none-eabi/lib/thumb/v7e-m+fp/hard\libc_nano.a(libc_a-msizer.o)
 .ARM.attributes