../Source/ThirdParty/Drivers/STM32F4xx_HAL_Driver/Inc/stm32f4xx_ll_i2c.h:568:22:LL_I2C_EnableClockStretching	1
../Source/ThirdParty/Drivers/STM32F4xx_HAL_Driver/Inc/stm32f4xx_ll_i2c.h:615:22:LL_I2C_DisableGeneralCall	1
../Source/ThirdParty/Drivers/STM32F4xx_HAL_Driver/Inc/stm32f4xx_ll_i2c.h:657:22:LL_I2C_SetOwnAddress2	1
../Source/ThirdParty/Drivers/STM32F4xx_HAL_Driver/Inc/stm32f4xx_ll_i2c.h:679:22:LL_I2C_DisableOwnAddress2	1
../Source/ThirdParty/Drivers/STM32F4xx_HAL_Driver/Inc/stm32f4xx_ll_usart.h:410:22:LL_USART_Enable	1
../Source/ThirdParty/Drivers/STM32F4xx_HAL_Driver/Inc/stm32f4xx_ll_usart.h:1479:22:LL_USART_ConfigAsyncMode	1
../Source/ThirdParty/Drivers/STM32F4xx_HAL_Driver/Inc/stm32f4xx_ll_system.h:671:22:LL_SYSCFG_SetEXTISource	2
../Source/ThirdParty/Drivers/STM32F4xx_HAL_Driver/Inc/stm32f4xx_ll_gpio.h:273:22:LL_GPIO_SetPinMode	3
../Source/ThirdParty/Drivers/STM32F4xx_HAL_Driver/Inc/stm32f4xx_ll_gpio.h:484:22:LL_GPIO_SetPinPull	3
../Source/ThirdParty/Drivers/STM32F4xx_HAL_Driver/Inc/stm32f4xx_ll_gpio.h:910:22:LL_GPIO_ResetOutputPin	1
../Source/ThirdParty/Drivers/STM32F4xx_HAL_Driver/Inc/stm32f4xx_ll_bus.h:409:22:LL_AHB1_GRP1_EnableClock	1
../Source/ThirdParty/Drivers/STM32F4xx_HAL_Driver/Inc/stm32f4xx_ll_bus.h:1185:22:LL_APB1_GRP1_EnableClock	1
../Source/ThirdParty/Drivers/STM32F4xx_HAL_Driver/Inc/stm32f4xx_ll_bus.h:1704:22:LL_APB2_GRP1_EnableClock	1
../Source/APP/main.c:85:5:main	5
../Source/APP/main.c:197:6:SystemClock_Config	3
../Source/APP/main.c:244:13:MX_I2C1_Init	1
../Source/APP/main.c:299:13:MX_USART1_UART_Init	1
../Source/APP/main.c:350:13:MX_USART2_UART_Init	1
../Source/APP/main.c:401:13:MX_USART6_UART_Init	1
../Source/APP/main.c:452:13:MX_GPIO_Init	1
../Source/APP/main.c:509:6:StartDefaultTask	1
../Source/APP/main.c:528:6:HAL_TIM_PeriodElapsedCallback	2
../Source/APP/main.c:546:6:Error_Handler	1
